Archive member included to satisfy reference by file (symbol)

/usr/lib/gcc/arm-none-eabi/4.9.3/../../../arm-none-eabi/lib/armv7e-m/libg.a(lib_a-itoa.o)
                              build/obj/main.o (itoa)
/usr/lib/gcc/arm-none-eabi/4.9.3/../../../arm-none-eabi/lib/armv7e-m/libg.a(lib_a-memcpy.o)
                              build/obj/memstreams.o (memcpy)
/usr/lib/gcc/arm-none-eabi/4.9.3/../../../arm-none-eabi/lib/armv7e-m/libg.a(lib_a-memset.o)
                              build/obj/usb.o (memset)
/usr/lib/gcc/arm-none-eabi/4.9.3/../../../arm-none-eabi/lib/armv7e-m/libg.a(lib_a-strcasecmp.o)
                              build/obj/shell.o (strcasecmp)
/usr/lib/gcc/arm-none-eabi/4.9.3/../../../arm-none-eabi/lib/armv7e-m/libg.a(lib_a-strpbrk.o)
                              build/obj/shell.o (strpbrk)
/usr/lib/gcc/arm-none-eabi/4.9.3/../../../arm-none-eabi/lib/armv7e-m/libg.a(lib_a-strspn.o)
                              build/obj/shell.o (strspn)
/usr/lib/gcc/arm-none-eabi/4.9.3/../../../arm-none-eabi/lib/armv7e-m/libg.a(lib_a-utoa.o)
                              /usr/lib/gcc/arm-none-eabi/4.9.3/../../../arm-none-eabi/lib/armv7e-m/libg.a(lib_a-itoa.o) (__utoa)
/usr/lib/gcc/arm-none-eabi/4.9.3/../../../arm-none-eabi/lib/armv7e-m/libg.a(lib_a-ctype_.o)
                              /usr/lib/gcc/arm-none-eabi/4.9.3/../../../arm-none-eabi/lib/armv7e-m/libg.a(lib_a-strcasecmp.o) (__ctype_ptr__)

Discarded input sections

 .text          0x0000000000000000        0x0 build/obj/crt0.o
 .data          0x0000000000000000        0x0 build/obj/crt0.o
 .bss           0x0000000000000000        0x0 build/obj/crt0.o
 .text.__early_init
                0x0000000000000000        0x4 build/obj/crt0.o
 .text          0x0000000000000000        0x0 build/obj/vectors.o
 .data          0x0000000000000000        0x0 build/obj/vectors.o
 .bss           0x0000000000000000        0x0 build/obj/vectors.o
 .text          0x0000000000000000        0x0 build/obj/chcore.o
 .data          0x0000000000000000        0x0 build/obj/chcore.o
 .bss           0x0000000000000000        0x0 build/obj/chcore.o
 .text          0x0000000000000000        0x0 build/obj/chcore_v7m.o
 .data          0x0000000000000000        0x0 build/obj/chcore_v7m.o
 .bss           0x0000000000000000        0x0 build/obj/chcore_v7m.o
 .text          0x0000000000000000        0x0 build/obj/nvic.o
 .data          0x0000000000000000        0x0 build/obj/nvic.o
 .bss           0x0000000000000000        0x0 build/obj/nvic.o
 .text.nvicDisableVector
                0x0000000000000000       0x40 build/obj/nvic.o
 .text          0x0000000000000000        0x0 build/obj/chsys.o
 .data          0x0000000000000000        0x0 build/obj/chsys.o
 .bss           0x0000000000000000        0x0 build/obj/chsys.o
 .text          0x0000000000000000        0x0 build/obj/chdebug.o
 .data          0x0000000000000000        0x0 build/obj/chdebug.o
 .bss           0x0000000000000000        0x0 build/obj/chdebug.o
 .text.dbg_check_disable
                0x0000000000000000       0x28 build/obj/chdebug.o
 .text.dbg_check_suspend
                0x0000000000000000       0x28 build/obj/chdebug.o
 .text          0x0000000000000000        0x0 build/obj/chlists.o
 .data          0x0000000000000000        0x0 build/obj/chlists.o
 .bss           0x0000000000000000        0x0 build/obj/chlists.o
 .debug_info    0x0000000000000000       0x79 build/obj/chlists.o
 .debug_abbrev  0x0000000000000000       0x26 build/obj/chlists.o
 .debug_aranges
                0x0000000000000000       0x18 build/obj/chlists.o
 .debug_line    0x0000000000000000       0x1d build/obj/chlists.o
 .debug_str     0x0000000000000000      0x1d8 build/obj/chlists.o
 .comment       0x0000000000000000       0x39 build/obj/chlists.o
 .ARM.attributes
                0x0000000000000000       0x33 build/obj/chlists.o
 .text          0x0000000000000000        0x0 build/obj/chvt.o
 .data          0x0000000000000000        0x0 build/obj/chvt.o
 .bss           0x0000000000000000        0x0 build/obj/chvt.o
 .text          0x0000000000000000        0x0 build/obj/chschd.o
 .data          0x0000000000000000        0x0 build/obj/chschd.o
 .bss           0x0000000000000000        0x0 build/obj/chschd.o
 .text          0x0000000000000000        0x0 build/obj/chthreads.o
 .data          0x0000000000000000        0x0 build/obj/chthreads.o
 .bss           0x0000000000000000        0x0 build/obj/chthreads.o
 .text.chThdSetPriority
                0x0000000000000000       0x48 build/obj/chthreads.o
 .text.chThdResume
                0x0000000000000000       0x38 build/obj/chthreads.o
 .text.chThdTerminate
                0x0000000000000000       0x28 build/obj/chthreads.o
 .text.chThdSleepUntil
                0x0000000000000000       0x2c build/obj/chthreads.o
 .text.chThdYield
                0x0000000000000000       0x30 build/obj/chthreads.o
 .text.chThdWait
                0x0000000000000000       0x74 build/obj/chthreads.o
[...]
Memory Configuration

Name             Origin             Length             Attributes
flash            0x0000000008000000 0x0000000000100000
ram              0x0000000020000000 0x000000000001c000
ethram           0x000000002001c000 0x0000000000004000
ccmram           0x0000000010000000 0x0000000000010000
*default*        0x0000000000000000 0xffffffffffffffff

Linker script and memory map

LOAD build/obj/crt0.o
LOAD build/obj/vectors.o
LOAD build/obj/chcore.o
LOAD build/obj/chcore_v7m.o
LOAD build/obj/nvic.o
LOAD build/obj/chsys.o
LOAD build/obj/chdebug.o
LOAD build/obj/chlists.o
LOAD build/obj/chvt.o
LOAD build/obj/chschd.o
LOAD build/obj/chthreads.o
LOAD build/obj/chdynamic.o
LOAD build/obj/chregistry.o
LOAD build/obj/chsem.o
LOAD build/obj/chmtx.o
LOAD build/obj/chcond.o
LOAD build/obj/chevents.o
LOAD build/obj/chmsg.o
LOAD build/obj/chmboxes.o
LOAD build/obj/chqueues.o
LOAD build/obj/chmemcore.o
LOAD build/obj/chheap.o
LOAD build/obj/chmempools.o
LOAD build/obj/test.o
LOAD build/obj/testthd.o
LOAD build/obj/testsem.o
LOAD build/obj/testmtx.o
LOAD build/obj/testmsg.o
LOAD build/obj/testmbox.o
LOAD build/obj/testevt.o
LOAD build/obj/testheap.o
LOAD build/obj/testpools.o
LOAD build/obj/testdyn.o
LOAD build/obj/testqueues.o
LOAD build/obj/testbmk.o
LOAD build/obj/hal.o
LOAD build/obj/adc.o
LOAD build/obj/can.o
LOAD build/obj/ext.o
LOAD build/obj/gpt.o
LOAD build/obj/i2c.o
LOAD build/obj/icu.o
LOAD build/obj/mac.o
LOAD build/obj/mmc_spi.o
LOAD build/obj/mmcsd.o
LOAD build/obj/pal.o
LOAD build/obj/pwm.o
LOAD build/obj/rtc.o
LOAD build/obj/sdc.o
LOAD build/obj/serial.o
LOAD build/obj/serial_usb.o
LOAD build/obj/spi.o
LOAD build/obj/tm.o
LOAD build/obj/uart.o
LOAD build/obj/usb.o
LOAD build/obj/stm32_dma.o
LOAD build/obj/hal_lld.o
LOAD build/obj/adc_lld.o
LOAD build/obj/ext_lld_isr.o
LOAD build/obj/can_lld.o
LOAD build/obj/ext_lld.o
LOAD build/obj/mac_lld.o
LOAD build/obj/sdc_lld.o
LOAD build/obj/pal_lld.o
LOAD build/obj/i2c_lld.o
LOAD build/obj/usb_lld.o
LOAD build/obj/rtc_lld.o
LOAD build/obj/spi_lld.o
LOAD build/obj/gpt_lld.o
LOAD build/obj/icu_lld.o
LOAD build/obj/pwm_lld.o
LOAD build/obj/serial_lld.o
LOAD build/obj/uart_lld.o
LOAD build/obj/board.o
LOAD build/obj/shell.o
LOAD build/obj/chprintf.o
LOAD build/obj/memstreams.o
LOAD build/obj/syscalls.o
LOAD build/obj/USB.o
LOAD build/obj/main.o
                0x0000000000000400                __main_stack_size__ = 0x400
                0x0000000000000400                __process_stack_size__ = 0x400
                0x0000000020000000                __ram_start__ = ORIGIN (ram)
                0x000000000001c000                __ram_size__ = LENGTH (ram)
                0x000000002001c000                __ram_end__ = (__ram_start__ + __ram_size__)
                0x0000000000000000                . = 0x0
                0x0000000000000000                _text = .

startup         0x0000000008000000      0x1ac
 *(vectors)
 vectors        0x0000000008000000      0x1ac build/obj/vectors.o
                0x0000000008000000                _vectors

constructors    0x00000000080001ac        0x0
                0x00000000080001ac                PROVIDE (__init_array_start, .)
 *(SORT(.init_array.*))
 *(.init_array)
                0x00000000080001ac                PROVIDE (__init_array_end, .)

destructors     0x00000000080001ac        0x0
                0x00000000080001ac                PROVIDE (__fini_array_start, .)
 *(.fini_array)
 *(SORT(.fini_array.*))
                0x00000000080001ac                PROVIDE (__fini_array_end, .)

.text           0x00000000080001b0     0x4908
 *(.text.startup.*)
 .text.startup.main
                0x00000000080001b0       0xd4 build/obj/main.o
                0x00000000080001b0                main
 *(.text)
 *(.text.*)
 *fill*         0x0000000008000284        0xc 
 .text.__late_init
                0x0000000008000290        0x4 build/obj/crt0.o
                0x0000000008000290                __late_init
 *fill*         0x0000000008000294        0xc 
 .text._default_exit
                0x00000000080002a0        0x4 build/obj/crt0.o
                0x00000000080002a0                _default_exit
 *fill*         0x00000000080002a4        0xc 
 .text.ResetHandler
                0x00000000080002b0      0x100 build/obj/crt0.o
                0x00000000080002b0                ResetHandler
 .text._unhandled_exception
                0x00000000080003b0        0x4 build/obj/vectors.o
                0x00000000080003b0                Vector58
                0x00000000080003b0                VectorE8
                0x00000000080003b0                Vector9C
                0x00000000080003b0                VectorAC
                0x00000000080003b0                Vector1A0
                0x00000000080003b0                Vector5C
                0x00000000080003b0                NMIVector
                0x00000000080003b0                Vector11C
                0x00000000080003b0                Vector19C
                0x00000000080003b0                Vector8C
                0x00000000080003b0                VectorDC
                0x00000000080003b0                Vector168
                0x00000000080003b0                Vector110
                0x00000000080003b0                VectorC8
                0x00000000080003b0                Vector94
                0x00000000080003b0                VectorA8
                0x00000000080003b0                VectorB4
                0x00000000080003b0                Vector160
                0x00000000080003b0                VectorEC
                0x00000000080003b0                UsageFaultVector
                0x00000000080003b0                DebugMonitorVector
                0x00000000080003b0                Vector40
                0x00000000080003b0                VectorF8
                0x00000000080003b0                Vector108
                0x00000000080003b0                VectorBC
                0x00000000080003b0                Vector190
                0x00000000080003b0                Vector148
                0x00000000080003b0                Vector188
                0x00000000080003b0                PendSVVector
                0x00000000080003b0                Vector198
                0x00000000080003b0                Vector118
                0x00000000080003b0                Vector64
                0x00000000080003b0                VectorCC
                0x00000000080003b0                Vector54
                0x00000000080003b0                Vector98
                0x00000000080003b0                VectorD8
                0x00000000080003b0                Vector138
                0x00000000080003b0                Vector24
                0x00000000080003b0                Vector178
                0x00000000080003b0                Vector1A4
                0x00000000080003b0                BusFaultVector
                0x00000000080003b0                VectorD0
                0x00000000080003b0                Vector140
                0x00000000080003b0                VectorE4
                0x00000000080003b0                VectorC0
                0x00000000080003b0                HardFaultVector
                0x00000000080003b0                Vector134
                0x00000000080003b0                VectorF0
                0x00000000080003b0                Vector13C
                0x00000000080003b0                Vector100
                0x00000000080003b0                VectorE0
                0x00000000080003b0                VectorF4
                0x00000000080003b0                MemManageVector
                0x00000000080003b0                VectorA0
                0x00000000080003b0                VectorC4
                0x00000000080003b0                Vector180
                0x00000000080003b0                VectorB0
                0x00000000080003b0                Vector90
                0x00000000080003b0                Vector114
                0x00000000080003b0                Vector164
                0x00000000080003b0                Vector60
                0x00000000080003b0                Vector1C
                0x00000000080003b0                Vector17C
                0x00000000080003b0                Vector48
                0x00000000080003b0                Vector1A8
                0x00000000080003b0                Vector16C
                0x00000000080003b0                Vector4C
                0x00000000080003b0                Vector144
                0x00000000080003b0                Vector15C
                0x00000000080003b0                Vector68
                0x00000000080003b0                _unhandled_exception
                0x00000000080003b0                Vector170
                0x00000000080003b0                Vector104
                0x00000000080003b0                Vector184
                0x00000000080003b0                Vector10C
                0x00000000080003b0                Vector50
                0x00000000080003b0                Vector194
                0x00000000080003b0                Vector44
                0x00000000080003b0                Vector28
                0x00000000080003b0                VectorB8
                0x00000000080003b0                Vector34
                0x00000000080003b0                VectorA4
                0x00000000080003b0                Vector20
                0x00000000080003b0                Vector18C
                0x00000000080003b0                Vector174
 *fill*         0x00000000080003b4        0xc 
 .text.port_halt
                0x00000000080003c0        0x4 build/obj/chcore.o
                0x00000000080003c0                port_halt
 *fill*         0x00000000080003c4        0xc 
 .text._port_switch_from_isr
                0x00000000080003d0       0x10 build/obj/chcore_v7m.o
                0x00000000080003d0                _port_switch_from_isr
 .text.SVCallVector
                0x00000000080003e0       0x14 build/obj/chcore_v7m.o
                0x00000000080003e0                SVCallVector
 *fill*         0x00000000080003f4        0xc 
 .text._port_init
                0x0000000008000400       0x30 build/obj/chcore_v7m.o
                0x0000000008000400                _port_init
 .text._port_irq_epilogue
                0x0000000008000430       0x78 build/obj/chcore_v7m.o
                0x0000000008000430                _port_irq_epilogue
 *fill*         0x00000000080004a8        0x8 
 .text.SysTickVector
                0x00000000080004b0       0x2c build/obj/chcore_v7m.o
                0x00000000080004b0                SysTickVector
 *fill*         0x00000000080004dc        0x4 
 .text._port_switch
                0x00000000080004e0       0x10 build/obj/chcore_v7m.o
                0x00000000080004e0                _port_switch
 .text._port_thread_start
                0x00000000080004f0       0x18 build/obj/chcore_v7m.o
                0x00000000080004f0                _port_thread_start
 *fill*         0x0000000008000508        0x8 
 .text.nvicEnableVector
                0x0000000008000510       0x48 build/obj/nvic.o
                0x0000000008000510                nvicEnableVector
 *fill*         0x0000000008000558        0x8 
 .text.nvicSetSystemHandlerPriority
                0x0000000008000560       0x2c build/obj/nvic.o
                0x0000000008000560                nvicSetSystemHandlerPriority
 *fill*         0x000000000800058c        0x4 
 .text._idle_thread
                0x0000000008000590       0x14 build/obj/chsys.o
                0x0000000008000590                _idle_thread
 *fill*         0x00000000080005a4        0xc 
 .text.chSysInit
                0x00000000080005b0       0x70 build/obj/chsys.o
                0x00000000080005b0                chSysInit
 .text.chSysTimerHandlerI
                0x0000000008000620       0x68 build/obj/chsys.o
                0x0000000008000620                chSysTimerHandlerI
 *fill*         0x0000000008000688        0x8 
 .text.dbg_check_enable
                0x0000000008000690       0x28 build/obj/chdebug.o
                0x0000000008000690                dbg_check_enable
 *fill*         0x00000000080006b8        0x8 
 .text.dbg_check_lock
                0x00000000080006c0       0x30 build/obj/chdebug.o
                0x00000000080006c0                dbg_check_lock
 .text.dbg_check_unlock
                0x00000000080006f0       0x38 build/obj/chdebug.o
                0x00000000080006f0                dbg_check_unlock
 *fill*         0x0000000008000728        0x8 
 .text.dbg_check_lock_from_isr
                0x0000000008000730       0x30 build/obj/chdebug.o
                0x0000000008000730                dbg_check_lock_from_isr
 .text.dbg_check_unlock_from_isr
                0x0000000008000760       0x38 build/obj/chdebug.o
                0x0000000008000760                dbg_check_unlock_from_isr
 *fill*         0x0000000008000798        0x8 
 .text.dbg_check_enter_isr
                0x00000000080007a0       0x40 build/obj/chdebug.o
                0x00000000080007a0                dbg_check_enter_isr
 .text.dbg_check_leave_isr
                0x00000000080007e0       0x40 build/obj/chdebug.o
                0x00000000080007e0                dbg_check_leave_isr
 .text.chDbgCheckClassI
                0x0000000008000820       0x2c build/obj/chdebug.o
                0x0000000008000820                chDbgCheckClassI
 *fill*         0x000000000800084c        0x4 
 .text.chDbgCheckClassS
                0x0000000008000850       0x2c build/obj/chdebug.o
                0x0000000008000850                chDbgCheckClassS
 *fill*         0x000000000800087c        0x4 
 .text._trace_init
                0x0000000008000880       0x14 build/obj/chdebug.o
                0x0000000008000880                _trace_init
 *fill*         0x0000000008000894        0xc 
 .text.dbg_trace
                0x00000000080008a0       0x40 build/obj/chdebug.o
                0x00000000080008a0                dbg_trace
 .text.chDbgPanic
                0x00000000080008e0        0xc build/obj/chdebug.o
                0x00000000080008e0                chDbgPanic
 *fill*         0x00000000080008ec        0x4 
 .text._vt_init
                0x00000000080008f0       0x18 build/obj/chvt.o
                0x00000000080008f0                _vt_init
 *fill*         0x0000000008000908        0x8 
 .text.chVTSetI
                0x0000000008000910       0x54 build/obj/chvt.o
                0x0000000008000910                chVTSetI
 *fill*         0x0000000008000964        0xc 
 .text.chVTResetI
                0x0000000008000970       0x48 build/obj/chvt.o
                0x0000000008000970                chVTResetI
 *fill*         0x00000000080009b8        0x8 
 .text._scheduler_init
                0x00000000080009c0       0x14 build/obj/chschd.o
                0x00000000080009c0                _scheduler_init
 *fill*         0x00000000080009d4        0xc 
 .text.chSchReadyI
                0x00000000080009e0       0x44 build/obj/chschd.o
                0x00000000080009e0                chSchReadyI
 *fill*         0x0000000008000a24        0xc 
 .text.wakeup   0x0000000008000a30       0x54 build/obj/chschd.o
 *fill*         0x0000000008000a84        0xc 
 .text.chSchGoSleepS
                0x0000000008000a90       0x50 build/obj/chschd.o
                0x0000000008000a90                chSchGoSleepS
 .text.chSchGoSleepTimeoutS
                0x0000000008000ae0       0x50 build/obj/chschd.o
                0x0000000008000ae0                chSchGoSleepTimeoutS
 .text.chSchWakeupS
                0x0000000008000b30       0x64 build/obj/chschd.o
                0x0000000008000b30                chSchWakeupS
 *fill*         0x0000000008000b94        0xc 
 .text.chSchDoRescheduleBehind
                0x0000000008000ba0       0x4c build/obj/chschd.o
                0x0000000008000ba0                chSchDoRescheduleBehind
 *fill*         0x0000000008000bec        0x4 
 .text.chSchDoRescheduleAhead
                0x0000000008000bf0       0x60 build/obj/chschd.o
                0x0000000008000bf0                chSchDoRescheduleAhead
 .text.chSchRescheduleS
                0x0000000008000c50       0x24 build/obj/chschd.o
                0x0000000008000c50                chSchRescheduleS
 *fill*         0x0000000008000c74        0xc 
 .text.chSchDoReschedule
                0x0000000008000c80       0x18 build/obj/chschd.o
                0x0000000008000c80                chSchDoReschedule
 *fill*         0x0000000008000c98        0x8 
 .text._thread_init
                0x0000000008000ca0       0x58 build/obj/chthreads.o
                0x0000000008000ca0                _thread_init
 *fill*         0x0000000008000cf8        0x8 
 .text._thread_memfill
                0x0000000008000d00       0x10 build/obj/chthreads.o
                0x0000000008000d00                _thread_memfill
 .text.chThdCreateI
                0x0000000008000d10       0xa4 build/obj/chthreads.o
                0x0000000008000d10                chThdCreateI
 *fill*         0x0000000008000db4        0xc 
 .text.chThdCreateStatic
                0x0000000008000dc0       0x64 build/obj/chthreads.o
                0x0000000008000dc0                chThdCreateStatic
 *fill*         0x0000000008000e24        0xc 
 .text.chThdSleep
                0x0000000008000e30       0x30 build/obj/chthreads.o
                0x0000000008000e30                chThdSleep
 .text.chThdExitS
                0x0000000008000e60       0x4c build/obj/chthreads.o
                0x0000000008000e60                chThdExitS
 *fill*         0x0000000008000eac        0x4 
 .text.chThdExit
                0x0000000008000eb0       0x18 build/obj/chthreads.o
                0x0000000008000eb0                chThdExit
 *fill*         0x0000000008000ec8        0x8 
 .text.chMtxInit
                0x0000000008000ed0       0x1c build/obj/chmtx.o
                0x0000000008000ed0                chMtxInit
 *fill*         0x0000000008000eec        0x4 
 .text.chEvtSignalI
                0x0000000008000ef0       0x4c build/obj/chevents.o
                0x0000000008000ef0                chEvtSignalI
 *fill*         0x0000000008000f3c        0x4 
 .text.chEvtBroadcastFlagsI
                0x0000000008000f40       0x34 build/obj/chevents.o
                0x0000000008000f40                chEvtBroadcastFlagsI
 *fill*         0x0000000008000f74        0xc 
 .text.qwait    0x0000000008000f80       0x2c build/obj/chqueues.o
 *fill*         0x0000000008000fac        0x4 
 .text.chIQInit
                0x0000000008000fb0       0x20 build/obj/chqueues.o
                0x0000000008000fb0                chIQInit
 .text.chIQResetI
                0x0000000008000fd0       0x30 build/obj/chqueues.o
                0x0000000008000fd0                chIQResetI
 .text.chIQPutI
                0x0000000008001000       0x58 build/obj/chqueues.o
                0x0000000008001000                chIQPutI
 *fill*         0x0000000008001058        0x8 
 .text.chIQGetTimeout
                0x0000000008001060       0x64 build/obj/chqueues.o
                0x0000000008001060                chIQGetTimeout
 *fill*         0x00000000080010c4        0xc 
 .text.chIQReadTimeout
                0x00000000080010d0       0x90 build/obj/chqueues.o
                0x00000000080010d0                chIQReadTimeout
 .text.chOQInit
                0x0000000008001160       0x1c build/obj/chqueues.o
                0x0000000008001160                chOQInit
 *fill*         0x000000000800117c        0x4 
 .text.chOQResetI
                0x0000000008001180       0x34 build/obj/chqueues.o
                0x0000000008001180                chOQResetI
 *fill*         0x00000000080011b4        0xc 
 .text.chOQPutTimeout
                0x00000000080011c0       0x6c build/obj/chqueues.o
                0x00000000080011c0                chOQPutTimeout
 *fill*         0x000000000800122c        0x4 
 .text.chOQGetI
                0x0000000008001230       0x4c build/obj/chqueues.o
                0x0000000008001230                chOQGetI
 *fill*         0x000000000800127c        0x4 
 .text.chOQWriteTimeout
                0x0000000008001280       0xa4 build/obj/chqueues.o
                0x0000000008001280                chOQWriteTimeout
 *fill*         0x0000000008001324        0xc 
 .text._core_init
                0x0000000008001330       0x28 build/obj/chmemcore.o
                0x0000000008001330                _core_init
 *fill*         0x0000000008001358        0x8 
 .text.chCoreAllocI
                0x0000000008001360       0x2c build/obj/chmemcore.o
                0x0000000008001360                chCoreAllocI
 *fill*         0x000000000800138c        0x4 
 .text.chCoreAlloc
                0x0000000008001390       0x24 build/obj/chmemcore.o
                0x0000000008001390                chCoreAlloc
 *fill*         0x00000000080013b4        0xc 
 .text._heap_init
                0x00000000080013c0       0x1c build/obj/chheap.o
                0x00000000080013c0                _heap_init
 *fill*         0x00000000080013dc        0x4 
 .text.halInit  0x00000000080013e0       0x2c build/obj/hal.o
                0x00000000080013e0                halInit
 *fill*         0x000000000800140c        0x4 
 .text.halPolledDelay
                0x0000000008001410       0x28 build/obj/hal.o
                0x0000000008001410                halPolledDelay
 *fill*         0x0000000008001438        0x8 
 .text.adcInit  0x0000000008001440        0x4 build/obj/adc.o
                0x0000000008001440                adcInit
 *fill*         0x0000000008001444        0xc 
 .text.adcObjectInit
                0x0000000008001450       0x18 build/obj/adc.o
                0x0000000008001450                adcObjectInit
 *fill*         0x0000000008001468        0x8 
 .text.adcStart
                0x0000000008001470       0x48 build/obj/adc.o
                0x0000000008001470                adcStart
 *fill*         0x00000000080014b8        0x8 
 .text.adcStartConversionI
                0x00000000080014c0       0x54 build/obj/adc.o
                0x00000000080014c0                adcStartConversionI
 *fill*         0x0000000008001514        0xc 
 .text.adcConvert
                0x0000000008001520       0x54 build/obj/adc.o
                0x0000000008001520                adcConvert
 *fill*         0x0000000008001574        0xc 
 .text.readt    0x0000000008001580        0x8 build/obj/serial.o
 *fill*         0x0000000008001588        0x8 
 .text.read     0x0000000008001590        0xc build/obj/serial.o
 *fill*         0x000000000800159c        0x4 
 .text.writet   0x00000000080015a0        0x8 build/obj/serial.o
 *fill*         0x00000000080015a8        0x8 
 .text.write    0x00000000080015b0        0xc build/obj/serial.o
 *fill*         0x00000000080015bc        0x4 
 .text.gett     0x00000000080015c0        0x8 build/obj/serial.o
 *fill*         0x00000000080015c8        0x8 
 .text.get      0x00000000080015d0        0xc build/obj/serial.o
 *fill*         0x00000000080015dc        0x4 
 .text.putt     0x00000000080015e0        0x8 build/obj/serial.o
 *fill*         0x00000000080015e8        0x8 
 .text.put      0x00000000080015f0        0xc build/obj/serial.o
 *fill*         0x00000000080015fc        0x4 
 .text.sdInit   0x0000000008001600        0x4 build/obj/serial.o
                0x0000000008001600                sdInit
 *fill*         0x0000000008001604        0xc 
 .text.sdObjectInit
                0x0000000008001610       0x40 build/obj/serial.o
                0x0000000008001610                sdObjectInit
 .text.sdIncomingDataI
                0x0000000008001650       0x50 build/obj/serial.o
                0x0000000008001650                sdIncomingDataI
 .text.onotify  0x00000000080016a0       0x68 build/obj/serial_usb.o
 *fill*         0x0000000008001708        0x8 
 .text.inotify  0x0000000008001710       0x78 build/obj/serial_usb.o
 *fill*         0x0000000008001788        0x8 
 .text.readt    0x0000000008001790        0x8 build/obj/serial_usb.o
 *fill*         0x0000000008001798        0x8 
 .text.read     0x00000000080017a0        0xc build/obj/serial_usb.o
 *fill*         0x00000000080017ac        0x4 
 .text.writet   0x00000000080017b0        0x8 build/obj/serial_usb.o
 *fill*         0x00000000080017b8        0x8 
 .text.write    0x00000000080017c0        0xc build/obj/serial_usb.o
 *fill*         0x00000000080017cc        0x4 
 .text.gett     0x00000000080017d0        0x8 build/obj/serial_usb.o
 *fill*         0x00000000080017d8        0x8 
 .text.get      0x00000000080017e0        0xc build/obj/serial_usb.o
 *fill*         0x00000000080017ec        0x4 
 .text.putt     0x00000000080017f0        0x8 build/obj/serial_usb.o
 *fill*         0x00000000080017f8        0x8 
 .text.put      0x0000000008001800        0xc build/obj/serial_usb.o
 *fill*         0x000000000800180c        0x4 
 .text.sduInit  0x0000000008001810        0x4 build/obj/serial_usb.o
                0x0000000008001810                sduInit
 *fill*         0x0000000008001814        0xc 
 .text.sduObjectInit
                0x0000000008001820       0x4c build/obj/serial_usb.o
                0x0000000008001820                sduObjectInit
 *fill*         0x000000000800186c        0x4 
 .text.sduStart
                0x0000000008001870       0x60 build/obj/serial_usb.o
                0x0000000008001870                sduStart
 .text.sduConfigureHookI
                0x00000000080018d0       0x4c build/obj/serial_usb.o
                0x00000000080018d0                sduConfigureHookI
 *fill*         0x000000000800191c        0x4 
 .text.sduRequestsHook
                0x0000000008001920       0x40 build/obj/serial_usb.o
                0x0000000008001920                sduRequestsHook
 .text.sduDataTransmitted
                0x0000000008001960       0x8c build/obj/serial_usb.o
                0x0000000008001960                sduDataTransmitted
 *fill*         0x00000000080019ec        0x4 
 .text.sduDataReceived
                0x00000000080019f0       0x78 build/obj/serial_usb.o
                0x00000000080019f0                sduDataReceived
 *fill*         0x0000000008001a68        0x8 
 .text.sduInterruptTransmitted
                0x0000000008001a70        0x4 build/obj/serial_usb.o
                0x0000000008001a70                sduInterruptTransmitted
 *fill*         0x0000000008001a74        0xc 
 .text.tm_start
                0x0000000008001a80        0xc build/obj/tm.o
 *fill*         0x0000000008001a8c        0x4 
 .text.tm_stop  0x0000000008001a90       0x38 build/obj/tm.o
 *fill*         0x0000000008001ac8        0x8 
 .text.tmInit   0x0000000008001ad0       0x40 build/obj/tm.o
                0x0000000008001ad0                tmInit
 .text.usbInit  0x0000000008001b10        0x4 build/obj/usb.o
                0x0000000008001b10                usbInit
 *fill*         0x0000000008001b14        0xc 
 .text.usbObjectInit
                0x0000000008001b20       0x1c build/obj/usb.o
                0x0000000008001b20                usbObjectInit
 *fill*         0x0000000008001b3c        0x4 
 .text.usbStart
                0x0000000008001b40       0x54 build/obj/usb.o
                0x0000000008001b40                usbStart
 *fill*         0x0000000008001b94        0xc 
 .text.usbInitEndpointI
                0x0000000008001ba0       0x64 build/obj/usb.o
                0x0000000008001ba0                usbInitEndpointI
 *fill*         0x0000000008001c04        0xc 
 .text.usbPrepareQueuedReceive
                0x0000000008001c10       0x1c build/obj/usb.o
                0x0000000008001c10                usbPrepareQueuedReceive
 *fill*         0x0000000008001c2c        0x4 
 .text.usbPrepareQueuedTransmit
                0x0000000008001c30       0x1c build/obj/usb.o
                0x0000000008001c30                usbPrepareQueuedTransmit
 *fill*         0x0000000008001c4c        0x4 
 .text.usbStartReceiveI
                0x0000000008001c50       0x3c build/obj/usb.o
                0x0000000008001c50                usbStartReceiveI
 *fill*         0x0000000008001c8c        0x4 
 .text.usbStartTransmitI
                0x0000000008001c90       0x3c build/obj/usb.o
                0x0000000008001c90                usbStartTransmitI
 *fill*         0x0000000008001ccc        0x4 
 .text._usb_reset
                0x0000000008001cd0       0x28 build/obj/usb.o
                0x0000000008001cd0                _usb_reset
 *fill*         0x0000000008001cf8        0x8 
 .text._usb_ep0setup
                0x0000000008001d00      0x374 build/obj/usb.o
                0x0000000008001d00                _usb_ep0setup
 *fill*         0x0000000008002074        0xc 
 .text._usb_ep0in
                0x0000000008002080       0xd4 build/obj/usb.o
                0x0000000008002080                _usb_ep0in
 *fill*         0x0000000008002154        0xc 
 .text._usb_ep0out
                0x0000000008002160       0x84 build/obj/usb.o
                0x0000000008002160                _usb_ep0out
 *fill*         0x00000000080021e4        0xc 
 .text.Vector6C
                0x00000000080021f0       0x30 build/obj/stm32_dma.o
                0x00000000080021f0                Vector6C
 .text.Vector70
                0x0000000008002220       0x34 build/obj/stm32_dma.o
                0x0000000008002220                Vector70
 *fill*         0x0000000008002254        0xc 
 .text.Vector74
                0x0000000008002260       0x34 build/obj/stm32_dma.o
                0x0000000008002260                Vector74
 *fill*         0x0000000008002294        0xc 
 .text.Vector78
                0x00000000080022a0       0x34 build/obj/stm32_dma.o
                0x00000000080022a0                Vector78
 *fill*         0x00000000080022d4        0xc 
 .text.Vector7C
                0x00000000080022e0       0x30 build/obj/stm32_dma.o
                0x00000000080022e0                Vector7C
 .text.Vector80
                0x0000000008002310       0x34 build/obj/stm32_dma.o
                0x0000000008002310                Vector80
 *fill*         0x0000000008002344        0xc 
 .text.Vector84
                0x0000000008002350       0x34 build/obj/stm32_dma.o
                0x0000000008002350                Vector84
 *fill*         0x0000000008002384        0xc 
 .text.VectorFC
                0x0000000008002390       0x34 build/obj/stm32_dma.o
                0x0000000008002390                VectorFC
 *fill*         0x00000000080023c4        0xc 
 .text.Vector120
                0x00000000080023d0       0x30 build/obj/stm32_dma.o
                0x00000000080023d0                Vector120
 .text.Vector124
                0x0000000008002400       0x34 build/obj/stm32_dma.o
                0x0000000008002400                Vector124
 *fill*         0x0000000008002434        0xc 
 .text.Vector128
                0x0000000008002440       0x34 build/obj/stm32_dma.o
                0x0000000008002440                Vector128
 *fill*         0x0000000008002474        0xc 
 .text.Vector12C
                0x0000000008002480       0x34 build/obj/stm32_dma.o
                0x0000000008002480                Vector12C
 *fill*         0x00000000080024b4        0xc 
 .text.Vector130
                0x00000000080024c0       0x30 build/obj/stm32_dma.o
                0x00000000080024c0                Vector130
 .text.Vector150
                0x00000000080024f0       0x34 build/obj/stm32_dma.o
                0x00000000080024f0                Vector150
 *fill*         0x0000000008002524        0xc 
 .text.Vector154
                0x0000000008002530       0x34 build/obj/stm32_dma.o
                0x0000000008002530                Vector154
 *fill*         0x0000000008002564        0xc 
 .text.Vector158
                0x0000000008002570       0x34 build/obj/stm32_dma.o
                0x0000000008002570                Vector158
 *fill*         0x00000000080025a4        0xc 
 .text.dmaInit  0x00000000080025b0       0x4c build/obj/stm32_dma.o
                0x00000000080025b0                dmaInit
 *fill*         0x00000000080025fc        0x4 
 .text.dmaStreamAllocate
                0x0000000008002600       0xac build/obj/stm32_dma.o
                0x0000000008002600                dmaStreamAllocate
 *fill*         0x00000000080026ac        0x4 
 .text.hal_lld_init
                0x00000000080026b0       0x9c build/obj/hal_lld.o
                0x00000000080026b0                hal_lld_init
 *fill*         0x000000000800274c        0x4 
 .text.stm32_clock_init
                0x0000000008002750       0xc0 build/obj/hal_lld.o
                0x0000000008002750                stm32_clock_init
 .text.adc_lld_init
                0x0000000008002810       0x34 build/obj/adc_lld.o
                0x0000000008002810                adc_lld_init
 *fill*         0x0000000008002844        0xc 
 .text.adc_lld_start
                0x0000000008002850       0x70 build/obj/adc_lld.o
                0x0000000008002850                adc_lld_start
 .text.adc_lld_start_conversion
                0x00000000080028c0       0x84 build/obj/adc_lld.o
                0x00000000080028c0                adc_lld_start_conversion
 *fill*         0x0000000008002944        0xc 
 .text.adc_lld_stop_conversion
                0x0000000008002950       0x30 build/obj/adc_lld.o
                0x0000000008002950                adc_lld_stop_conversion
 .text.Vector88
                0x0000000008002980       0x80 build/obj/adc_lld.o
                0x0000000008002980                Vector88
 .text.adc_lld_serve_rx_interrupt
                0x0000000008002a00       0xe8 build/obj/adc_lld.o
 *fill*         0x0000000008002ae8        0x8 
 .text.adcSTM32EnableTSVREFE
                0x0000000008002af0       0x10 build/obj/adc_lld.o
                0x0000000008002af0                adcSTM32EnableTSVREFE
 .text._pal_lld_init
                0x0000000008002b00      0x1cc build/obj/pal_lld.o
                0x0000000008002b00                _pal_lld_init
 *fill*         0x0000000008002ccc        0x4 
 .text._pal_lld_setgroupmode
                0x0000000008002cd0       0xac build/obj/pal_lld.o
                0x0000000008002cd0                _pal_lld_setgroupmode
 *fill*         0x0000000008002d7c        0x4 
 .text.usb_lld_pump
                0x0000000008002d80      0x378 build/obj/usb_lld.o
 *fill*         0x00000000080030f8        0x8 
 .text.otg_disable_ep.isra.0
                0x0000000008003100       0x74 build/obj/usb_lld.o
 *fill*         0x0000000008003174        0xc 
 .text.otg_epout_handler.constprop.8
                0x0000000008003180       0x68 build/obj/usb_lld.o
 *fill*         0x00000000080031e8        0x8 
 .text.usb_lld_init
                0x00000000080031f0       0x44 build/obj/usb_lld.o
                0x00000000080031f0                usb_lld_init
 *fill*         0x0000000008003234        0xc 
 .text.usb_lld_start
                0x0000000008003240       0xe0 build/obj/usb_lld.o
                0x0000000008003240                usb_lld_start
 .text.usb_lld_reset
                0x0000000008003320       0xd4 build/obj/usb_lld.o
                0x0000000008003320                usb_lld_reset
 *fill*         0x00000000080033f4        0xc 
 .text.usb_lld_set_address
                0x0000000008003400       0x18 build/obj/usb_lld.o
                0x0000000008003400                usb_lld_set_address
 *fill*         0x0000000008003418        0x8 
 .text.usb_lld_init_endpoint
                0x0000000008003420      0x18c build/obj/usb_lld.o
                0x0000000008003420                usb_lld_init_endpoint
 *fill*         0x00000000080035ac        0x4 
 .text.usb_lld_get_status_out
                0x00000000080035b0       0x1c build/obj/usb_lld.o
                0x00000000080035b0                usb_lld_get_status_out
 *fill*         0x00000000080035cc        0x4 
 .text.usb_lld_get_status_in
                0x00000000080035d0       0x1c build/obj/usb_lld.o
                0x00000000080035d0                usb_lld_get_status_in
 *fill*         0x00000000080035ec        0x4 
 .text.usb_lld_read_setup
                0x00000000080035f0       0x14 build/obj/usb_lld.o
                0x00000000080035f0                usb_lld_read_setup
 *fill*         0x0000000008003604        0xc 
 .text.usb_lld_prepare_receive
                0x0000000008003610       0x30 build/obj/usb_lld.o
                0x0000000008003610                usb_lld_prepare_receive
 .text.usb_lld_prepare_transmit
                0x0000000008003640       0x50 build/obj/usb_lld.o
                0x0000000008003640                usb_lld_prepare_transmit
 .text.otg_epin_handler.constprop.9
                0x0000000008003690       0xe4 build/obj/usb_lld.o
 *fill*         0x0000000008003774        0xc 
 .text.Vector14C
                0x0000000008003780      0x108 build/obj/usb_lld.o
                0x0000000008003780                Vector14C
 *fill*         0x0000000008003888        0x8 
 .text.usb_lld_start_out
                0x0000000008003890       0x14 build/obj/usb_lld.o
                0x0000000008003890                usb_lld_start_out
 *fill*         0x00000000080038a4        0xc 
 .text.usb_lld_start_in
                0x00000000080038b0       0x28 build/obj/usb_lld.o
                0x00000000080038b0                usb_lld_start_in
 *fill*         0x00000000080038d8        0x8 
 .text.usb_lld_stall_out
                0x00000000080038e0       0x14 build/obj/usb_lld.o
                0x00000000080038e0                usb_lld_stall_out
 *fill*         0x00000000080038f4        0xc 
 .text.usb_lld_stall_in
                0x0000000008003900       0x14 build/obj/usb_lld.o
                0x0000000008003900                usb_lld_stall_in
 *fill*         0x0000000008003914        0xc 
 .text.usb_lld_clear_out
                0x0000000008003920       0x14 build/obj/usb_lld.o
                0x0000000008003920                usb_lld_clear_out
 *fill*         0x0000000008003934        0xc 
 .text.usb_lld_clear_in
                0x0000000008003940       0x14 build/obj/usb_lld.o
                0x0000000008003940                usb_lld_clear_in
 *fill*         0x0000000008003954        0xc 
 .text.notify1  0x0000000008003960       0x14 build/obj/serial_lld.o
 *fill*         0x0000000008003974        0xc 
 .text.VectorD4
                0x0000000008003980      0x13c build/obj/serial_lld.o
                0x0000000008003980                VectorD4
 *fill*         0x0000000008003abc        0x4 
 .text.sd_lld_init
                0x0000000008003ac0       0x20 build/obj/serial_lld.o
                0x0000000008003ac0                sd_lld_init
 .text.__early_init
                0x0000000008003ae0        0x4 build/obj/board.o
                0x0000000008003ae0                __early_init
 *fill*         0x0000000008003ae4        0xc 
 .text.boardInit
                0x0000000008003af0        0x4 build/obj/board.o
                0x0000000008003af0                boardInit
 *fill*         0x0000000008003af4        0xc 
 .text.get_descriptor
                0x0000000008003b00       0x30 build/obj/USB.o
 .text.usb_event
                0x0000000008003b30       0x48 build/obj/USB.o
 *fill*         0x0000000008003b78        0x8 
 .text.isUSBActive
                0x0000000008003b80       0x1c build/obj/USB.o
                0x0000000008003b80                isUSBActive
 *fill*         0x0000000008003b9c        0x4 
 .text.initializeUSB
                0x0000000008003ba0       0x4c build/obj/USB.o
                0x0000000008003ba0                initializeUSB
 *fill*         0x0000000008003bec        0x4 
 .text.adccb    0x0000000008003bf0        0x4 build/obj/main.o
 *fill*         0x0000000008003bf4        0xc 
 .text.writeLedThread
                0x0000000008003c00       0x4c build/obj/main.o
 *fill*         0x0000000008003c4c        0x4 
 .text.usbThread
                0x0000000008003c50       0x3c build/obj/main.o
 *fill*         0x0000000008003c8c        0x4 
 .text.adcSampleThread
                0x0000000008003c90       0x2c build/obj/main.o
 *fill*         0x0000000008003cbc        0x4 
 .text.writeThread
                0x0000000008003cc0       0xb4 build/obj/main.o
 *fill*         0x0000000008003d74        0xc 
 .text.sdGetLine
                0x0000000008003d80       0x30 build/obj/main.o
                0x0000000008003d80                sdGetLine
 .text.readThread
                0x0000000008003db0       0x50 build/obj/main.o
 .text.__itoa   0x0000000008003e00       0x30 /usr/lib/gcc/arm-none-eabi/4.9.3/../../../arm-none-eabi/lib/armv7e-m/libg.a(lib_a-itoa.o)
                0x0000000008003e00                __itoa
 .text.itoa     0x0000000008003e30        0x4 /usr/lib/gcc/arm-none-eabi/4.9.3/../../../arm-none-eabi/lib/armv7e-m/libg.a(lib_a-itoa.o)
                0x0000000008003e30                itoa
 *fill*         0x0000000008003e34        0xc 
 .text.memset   0x0000000008003e40       0x9c /usr/lib/gcc/arm-none-eabi/4.9.3/../../../arm-none-eabi/lib/armv7e-m/libg.a(lib_a-memset.o)
                0x0000000008003e40                memset
 *fill*         0x0000000008003edc        0x4 
 .text.__utoa   0x0000000008003ee0       0x80 /usr/lib/gcc/arm-none-eabi/4.9.3/../../../arm-none-eabi/lib/armv7e-m/libg.a(lib_a-utoa.o)
                0x0000000008003ee0                __utoa
 *(.rodata)
 .rodata        0x0000000008003f60        0xa build/obj/main.o
 *(.rodata.*)
 *fill*         0x0000000008003f6a        0x6 
 .rodata.str1.4
                0x0000000008003f70        0x5 build/obj/chsys.o
 *fill*         0x0000000008003f75        0xb 
 .rodata.str1.4
                0x0000000008003f80       0x56 build/obj/chdebug.o
 *fill*         0x0000000008003fd6        0xa 
 .rodata.str1.4
                0x0000000008003fe0       0x31 build/obj/chvt.o
 *fill*         0x0000000008004011        0xf 
 .rodata.str1.4
                0x0000000008004020       0x23 build/obj/chschd.o
 *fill*         0x0000000008004043        0xd 
 .rodata.str1.4
                0x0000000008004050       0x94 build/obj/chthreads.o
 *fill*         0x00000000080040e4        0xc 
 .rodata.ch_debug
                0x00000000080040f0       0x16 build/obj/chregistry.o
                0x00000000080040f0                ch_debug
 *fill*         0x0000000008004106        0xa 
 .rodata.str1.4
                0x0000000008004110       0xab build/obj/chmtx.o
 *fill*         0x00000000080041bb        0x5 
 .rodata.str1.4
                0x00000000080041c0       0x90 build/obj/chevents.o
 .rodata.str1.4
                0x0000000008004250       0x29 build/obj/chqueues.o
 *fill*         0x0000000008004279        0x7 
 .rodata.str1.4
                0x0000000008004280      0x10e build/obj/adc.o
 *fill*         0x000000000800438e        0x2 
 .rodata.str1.4
                0x0000000008004390       0x5f build/obj/serial.o
 *fill*         0x00000000080043ef        0x1 
 .rodata.vmt    0x00000000080043f0       0x20 build/obj/serial.o
 .rodata.str1.4
                0x0000000008004410       0x2e build/obj/serial_usb.o
 *fill*         0x000000000800443e        0x2 
 .rodata.vmt    0x0000000008004440       0x20 build/obj/serial_usb.o
 .rodata.zero_status
                0x0000000008004460        0x2 build/obj/usb.o
 *fill*         0x0000000008004462        0xe 
 .rodata.active_status
                0x0000000008004470        0x2 build/obj/usb.o
 *fill*         0x0000000008004472        0xe 
 .rodata.str1.4
                0x0000000008004480      0x122 build/obj/usb.o
 *fill*         0x00000000080045a2        0xe 
 .rodata.halted_status
                0x00000000080045b0        0x2 build/obj/usb.o
 *fill*         0x00000000080045b2        0xe 
 .rodata.str1.4
                0x00000000080045c0       0x47 build/obj/stm32_dma.o
 *fill*         0x0000000008004607        0x9 
 .rodata._stm32_dma_streams
                0x0000000008004610       0xc0 build/obj/stm32_dma.o
                0x0000000008004610                _stm32_dma_streams
 .rodata.str1.4
                0x00000000080046d0       0x14 build/obj/adc_lld.o
 *fill*         0x00000000080046e4        0xc 
 .rodata.fsparams
                0x00000000080046f0        0xc build/obj/usb_lld.o
 *fill*         0x00000000080046fc        0x4 
 .rodata.str1.4
                0x0000000008004700       0x25 build/obj/usb_lld.o
 *fill*         0x0000000008004725        0xb 
 .rodata.ep0config
                0x0000000008004730       0x24 build/obj/usb_lld.o
 *fill*         0x0000000008004754        0xc 
 .rodata.pal_default_config
                0x0000000008004760       0xfc build/obj/board.o
                0x0000000008004760                pal_default_config
 *fill*         0x000000000800485c        0x4 
 .rodata.ep1config
                0x0000000008004860       0x24 build/obj/USB.o
 *fill*         0x0000000008004884        0xc 
 .rodata.vcom_configuration_descriptor
                0x0000000008004890        0x8 build/obj/USB.o
 *fill*         0x0000000008004898        0x8 
 .rodata.ep2config
                0x00000000080048a0       0x24 build/obj/USB.o
 *fill*         0x00000000080048c4        0xc 
 .rodata.usbcfg
                0x00000000080048d0       0x10 build/obj/USB.o
 .rodata.vcom_configuration_descriptor_data
                0x00000000080048e0       0x43 build/obj/USB.o
 *fill*         0x0000000008004923        0xd 
 .rodata.vcom_device_descriptor_data
                0x0000000008004930       0x12 build/obj/USB.o
 *fill*         0x0000000008004942        0xe 
 .rodata.vcom_string0
                0x0000000008004950        0x4 build/obj/USB.o
 *fill*         0x0000000008004954        0xc 
 .rodata.vcom_string1
                0x0000000008004960       0x26 build/obj/USB.o
 *fill*         0x0000000008004986        0xa 
 .rodata.vcom_string2
                0x0000000008004990       0x38 build/obj/USB.o
 *fill*         0x00000000080049c8        0x8 
 .rodata.vcom_string3
                0x00000000080049d0        0x8 build/obj/USB.o
 *fill*         0x00000000080049d8        0x8 
 .rodata.vcom_strings
                0x00000000080049e0       0x20 build/obj/USB.o
 .rodata.serusbcfg
                0x0000000008004a00        0x8 build/obj/USB.o
 *fill*         0x0000000008004a08        0x8 
 .rodata.vcom_device_descriptor
                0x0000000008004a10        0x8 build/obj/USB.o
 *fill*         0x0000000008004a18        0x8 
 .rodata.str1.4
                0x0000000008004a20       0x3c build/obj/main.o
 *fill*         0x0000000008004a5c        0x4 
 .rodata.adcgrpcfg
                0x0000000008004a60       0x28 build/obj/main.o
 *fill*         0x0000000008004a88        0x8 
 .rodata.str1.4
                0x0000000008004a90       0x28 /usr/lib/gcc/arm-none-eabi/4.9.3/../../../arm-none-eabi/lib/armv7e-m/libg.a(lib_a-utoa.o)
 *(.glue_7t)
 .glue_7t       0x0000000008004ab8        0x0 linker stubs
 *(.glue_7)
 .glue_7        0x0000000008004ab8        0x0 linker stubs
 *(.gcc*)

.vfp11_veneer   0x0000000008004ab8        0x0
 .vfp11_veneer  0x0000000008004ab8        0x0 linker stubs

.v4_bx          0x0000000008004ab8        0x0
 .v4_bx         0x0000000008004ab8        0x0 linker stubs

.iplt           0x0000000008004ab8        0x0
 .iplt          0x0000000008004ab8        0x0 build/obj/crt0.o

.rel.dyn        0x0000000008004ab8        0x0
 .rel.iplt      0x0000000008004ab8        0x0 build/obj/crt0.o

.ARM.extab
 *(.ARM.extab* .gnu.linkonce.armextab.*)

.ARM.exidx      0x0000000008004ab8        0x0
                [!provide]                        PROVIDE (__exidx_start, .)
 *(.ARM.exidx* .gnu.linkonce.armexidx.*)
                [!provide]                        PROVIDE (__exidx_end, .)

.eh_frame_hdr
 *(.eh_frame_hdr)

.eh_frame
 *(.eh_frame)

.textalign      0x0000000008004ab8        0x0
                0x0000000008004ab8                . = ALIGN (0x8)
                0x0000000008004ab8                . = ALIGN (0x4)
                0x0000000008004ab8                _etext = .
                0x0000000008004ab8                _textdata = _etext

.stacks         0x0000000020000000      0x800
                0x0000000020000000                . = ALIGN (0x8)
                0x0000000020000000                __main_stack_base__ = .
                0x0000000020000400                . = (. + __main_stack_size__)
 *fill*         0x0000000020000000      0x400 
                0x0000000020000400                . = ALIGN (0x8)
                0x0000000020000400                __main_stack_end__ = .
                0x0000000020000400                __process_stack_base__ = .
                0x0000000020000400                __main_thread_stack_base__ = .
                0x0000000020000800                . = (. + __process_stack_size__)
 *fill*         0x0000000020000400      0x400 
                0x0000000020000800                . = ALIGN (0x8)
                0x0000000020000800                __process_stack_end__ = .
                0x0000000020000800                __main_thread_stack_end__ = .

.data           0x0000000020000800        0xc load address 0x0000000008004ab8
                0x0000000020000800                . = ALIGN (0x4)
                0x0000000020000800                PROVIDE (_data, .)
 *(.data)
                0x0000000020000800                . = ALIGN (0x4)
 *(.data.*)
 .data.linecoding
                0x0000000020000800        0x7 build/obj/serial_usb.o
 *fill*         0x0000000020000807        0x1 
 .data.timeOut  0x0000000020000808        0x4 build/obj/main.o
                0x0000000020000808                timeOut
                0x000000002000080c                . = ALIGN (0x4)
 *(.ramtext)
                0x000000002000080c                . = ALIGN (0x4)
                0x000000002000080c                PROVIDE (_edata, .)

.igot.plt       0x000000002000080c        0x0 load address 0x0000000008004ac4
 .igot.plt      0x000000002000080c        0x0 build/obj/crt0.o

.bss            0x0000000020000810     0x11e0 load address 0x0000000008004ac4
                0x0000000020000810                . = ALIGN (0x4)
                0x0000000020000810                PROVIDE (_bss_start, .)
 *(.bss)
                0x0000000020000810                . = ALIGN (0x4)
 *(.bss.*)
 .bss.mainthread.4860
                0x0000000020000810       0x4c build/obj/chsys.o
 *fill*         0x000000002000085c        0x4 
 .bss._idle_thread_wa
                0x0000000020000860       0xe0 build/obj/chsys.o
                0x0000000020000860                _idle_thread_wa
 .bss.dbg_isr_cnt
                0x0000000020000940        0x4 build/obj/chdebug.o
                0x0000000020000940                dbg_isr_cnt
 .bss.dbg_trace_buffer
                0x0000000020000944      0x408 build/obj/chdebug.o
                0x0000000020000944                dbg_trace_buffer
 .bss.dbg_lock_cnt
                0x0000000020000d4c        0x4 build/obj/chdebug.o
                0x0000000020000d4c                dbg_lock_cnt
 .bss.dbg_panic_msg
                0x0000000020000d50        0x4 build/obj/chdebug.o
                0x0000000020000d50                dbg_panic_msg
 .bss.vtlist    0x0000000020000d54       0x10 build/obj/chvt.o
                0x0000000020000d54                vtlist
 .bss.rlist     0x0000000020000d64       0x1c build/obj/chschd.o
                0x0000000020000d64                rlist
 .bss.endmem    0x0000000020000d80        0x4 build/obj/chmemcore.o
 .bss.nextmem   0x0000000020000d84        0x4 build/obj/chmemcore.o
 .bss.default_heap
                0x0000000020000d88       0x20 build/obj/chheap.o
 .bss.measurement_offset
                0x0000000020000da8        0x4 build/obj/tm.o
 .bss.dma_isr_redir
                0x0000000020000dac       0x80 build/obj/stm32_dma.o
 .bss.dma_streams_mask
                0x0000000020000e2c        0x4 build/obj/stm32_dma.o
 .bss.ADCD1     0x0000000020000e30       0x34 build/obj/adc_lld.o
                0x0000000020000e30                ADCD1
 *fill*         0x0000000020000e64        0x4 
 .bss.USBD1     0x0000000020000e68      0x1b8 build/obj/usb_lld.o
                0x0000000020000e68                USBD1
 .bss.ep0_state
                0x0000000020001020       0x14 build/obj/usb_lld.o
 .bss.ep0setup_buffer
                0x0000000020001034        0x8 build/obj/usb_lld.o
 .bss.SD1       0x000000002000103c       0x78 build/obj/serial_lld.o
                0x000000002000103c                SD1
 .bss.ep2instate
                0x00000000200010b4       0x14 build/obj/USB.o
 .bss.SDU1      0x00000000200010c8      0x258 build/obj/USB.o
                0x00000000200010c8                SDU1
 .bss.ep1instate
                0x0000000020001320       0x14 build/obj/USB.o
 .bss.ep1outstate
                0x0000000020001334       0x10 build/obj/USB.o
 .bss.blinkLedBlue
                0x0000000020001344        0x1 build/obj/main.o
                0x0000000020001344                blinkLedBlue
 *fill*         0x0000000020001345        0x3 
 .bss.readThreadWA
                0x0000000020001348      0x150 build/obj/main.o
 .bss.adcSampleThreadWA
                0x0000000020001498      0x110 build/obj/main.o
 .bss.writeLedThreadWA
                0x00000000200015a8      0x150 build/obj/main.o
 .bss.usbThreadWA
                0x00000000200016f8      0x150 build/obj/main.o
 .bss.samples   0x0000000020001848       0x10 build/obj/main.o
 .bss.readOK    0x0000000020001858        0x1 build/obj/main.o
                0x0000000020001858                readOK
 *fill*         0x0000000020001859        0x7 
 .bss.writeThreadArea
                0x0000000020001860      0x150 build/obj/main.o
 .bss.bufferRead
                0x00000000200019b0       0x40 build/obj/main.o
                0x00000000200019b0                bufferRead
                0x00000000200019f0                . = ALIGN (0x4)
 *(COMMON)
                0x00000000200019f0                . = ALIGN (0x4)
                0x00000000200019f0                PROVIDE (_bss_end, .)
                [!provide]                        PROVIDE (end, .)
                0x00000000200019f0                _end = .
                0x00000000200019f0                __heap_base__ = _end
                0x000000002001c000                __heap_end__ = __ram_end__
LOAD /usr/lib/gcc/arm-none-eabi/4.9.3/../../../arm-none-eabi/lib/armv7e-m/libm.a
START GROUP
LOAD /usr/lib/gcc/arm-none-eabi/4.9.3/armv7e-m/libgcc.a
LOAD /usr/lib/gcc/arm-none-eabi/4.9.3/../../../arm-none-eabi/lib/armv7e-m/libg.a
LOAD /usr/lib/gcc/arm-none-eabi/4.9.3/../../../arm-none-eabi/lib/armv7e-m/libc.a
END GROUP
OUTPUT(build/ch.elf elf32-littlearm)

.debug_info     0x0000000000000000    0x1800c
 .debug_info    0x0000000000000000      0x2b3 build/obj/crt0.o
 .debug_info    0x00000000000002b3      0x1cd build/obj/vectors.o
 .debug_info    0x0000000000000480       0x92 build/obj/chcore.o
 .debug_info    0x0000000000000512      0x8ba build/obj/chcore_v7m.o
 .debug_info    0x0000000000000dcc      0x406 build/obj/nvic.o
 .debug_info    0x00000000000011d2      0x8ac build/obj/chsys.o
 .debug_info    0x0000000000001a7e      0x94a build/obj/chdebug.o
 .debug_info    0x00000000000023c8      0x277 build/obj/chvt.o
 .debug_info    0x000000000000263f      0xaf3 build/obj/chschd.o
 .debug_info    0x0000000000003132      0xdfd build/obj/chthreads.o
 .debug_info    0x0000000000003f2f      0x6bb build/obj/chregistry.o
 .debug_info    0x00000000000045ea      0xb60 build/obj/chmtx.o
 .debug_info    0x000000000000514a      0xff7 build/obj/chevents.o
 .debug_info    0x0000000000006141      0xcdc build/obj/chqueues.o
 .debug_info    0x0000000000006e1d      0x226 build/obj/chmemcore.o
 .debug_info    0x0000000000007043      0x75e build/obj/chheap.o
 .debug_info    0x00000000000077a1      0x3d5 build/obj/hal.o
 .debug_info    0x0000000000007b76      0xfc8 build/obj/adc.o
 .debug_info    0x0000000000008b3e     0x10da build/obj/serial.o
 .debug_info    0x0000000000009c18     0x1f23 build/obj/serial_usb.o
 .debug_info    0x000000000000bb3b      0x2d9 build/obj/tm.o
 .debug_info    0x000000000000be14     0x21aa build/obj/usb.o
 .debug_info    0x000000000000dfbe      0xbfc build/obj/stm32_dma.o
 .debug_info    0x000000000000ebba      0x491 build/obj/hal_lld.o
 .debug_info    0x000000000000f04b     0x1167 build/obj/adc_lld.o
 .debug_info    0x00000000000101b2      0x6fc build/obj/pal_lld.o
 .debug_info    0x00000000000108ae     0x28fc build/obj/usb_lld.o
 .debug_info    0x00000000000131aa      0xfe1 build/obj/serial_lld.o
 .debug_info    0x000000000001418b      0x1f4 build/obj/board.o
 .debug_info    0x000000000001437f     0x16e6 build/obj/USB.o
 .debug_info    0x0000000000015a65     0x21a1 build/obj/main.o
 .debug_info    0x0000000000017c06      0x16d /usr/lib/gcc/arm-none-eabi/4.9.3/../../../arm-none-eabi/lib/armv7e-m/libg.a(lib_a-itoa.o)
 .debug_info    0x0000000000017d73      0x117 /usr/lib/gcc/arm-none-eabi/4.9.3/../../../arm-none-eabi/lib/armv7e-m/libg.a(lib_a-memset.o)
 .debug_info    0x0000000000017e8a      0x182 /usr/lib/gcc/arm-none-eabi/4.9.3/../../../arm-none-eabi/lib/armv7e-m/libg.a(lib_a-utoa.o)

.debug_abbrev   0x0000000000000000     0x4a76
 .debug_abbrev  0x0000000000000000       0xfd build/obj/crt0.o
 .debug_abbrev  0x00000000000000fd       0xaf build/obj/vectors.o
 .debug_abbrev  0x00000000000001ac       0x42 build/obj/chcore.o
 .debug_abbrev  0x00000000000001ee      0x216 build/obj/chcore_v7m.o
 .debug_abbrev  0x0000000000000404      0x10e build/obj/nvic.o
 .debug_abbrev  0x0000000000000512      0x1f2 build/obj/chsys.o
 .debug_abbrev  0x0000000000000704      0x21b build/obj/chdebug.o
 .debug_abbrev  0x000000000000091f      0x151 build/obj/chvt.o
 .debug_abbrev  0x0000000000000a70      0x31b build/obj/chschd.o
 .debug_abbrev  0x0000000000000d8b      0x375 build/obj/chthreads.o
 .debug_abbrev  0x0000000000001100      0x1ba build/obj/chregistry.o
 .debug_abbrev  0x00000000000012ba      0x2f8 build/obj/chmtx.o
 .debug_abbrev  0x00000000000015b2      0x2cc build/obj/chevents.o
 .debug_abbrev  0x000000000000187e      0x35d build/obj/chqueues.o
 .debug_abbrev  0x0000000000001bdb      0x13b build/obj/chmemcore.o
 .debug_abbrev  0x0000000000001d16      0x1f2 build/obj/chheap.o
 .debug_abbrev  0x0000000000001f08      0x1ca build/obj/hal.o
 .debug_abbrev  0x00000000000020d2      0x2ce build/obj/adc.o
 .debug_abbrev  0x00000000000023a0      0x2c0 build/obj/serial.o
 .debug_abbrev  0x0000000000002660      0x3e1 build/obj/serial_usb.o
 .debug_abbrev  0x0000000000002a41      0x19a build/obj/tm.o
 .debug_abbrev  0x0000000000002bdb      0x43a build/obj/usb.o
 .debug_abbrev  0x0000000000003015      0x250 build/obj/stm32_dma.o
 .debug_abbrev  0x0000000000003265      0x12b build/obj/hal_lld.o
 .debug_abbrev  0x0000000000003390      0x323 build/obj/adc_lld.o
 .debug_abbrev  0x00000000000036b3      0x1aa build/obj/pal_lld.o
 .debug_abbrev  0x000000000000385d      0x50b build/obj/usb_lld.o
 .debug_abbrev  0x0000000000003d68      0x32a build/obj/serial_lld.o
 .debug_abbrev  0x0000000000004092       0xe3 build/obj/board.o
 .debug_abbrev  0x0000000000004175      0x322 build/obj/USB.o
 .debug_abbrev  0x0000000000004497      0x38f build/obj/main.o
 .debug_abbrev  0x0000000000004826       0xca /usr/lib/gcc/arm-none-eabi/4.9.3/../../../arm-none-eabi/lib/armv7e-m/libg.a(lib_a-itoa.o)
 .debug_abbrev  0x00000000000048f0       0x9f /usr/lib/gcc/arm-none-eabi/4.9.3/../../../arm-none-eabi/lib/armv7e-m/libg.a(lib_a-memset.o)
 .debug_abbrev  0x000000000000498f       0xe7 /usr/lib/gcc/arm-none-eabi/4.9.3/../../../arm-none-eabi/lib/armv7e-m/libg.a(lib_a-utoa.o)

.debug_loc      0x0000000000000000     0x5ed7
 .debug_loc     0x0000000000000000       0xba build/obj/crt0.o
 .debug_loc     0x00000000000000ba       0x5a build/obj/chcore_v7m.o
 .debug_loc     0x0000000000000114      0x158 build/obj/nvic.o
 .debug_loc     0x000000000000026c       0x26 build/obj/chsys.o
 .debug_loc     0x0000000000000292       0xc9 build/obj/chdebug.o
 .debug_loc     0x000000000000035b       0xb4 build/obj/chvt.o
 .debug_loc     0x000000000000040f      0x2a4 build/obj/chschd.o
 .debug_loc     0x00000000000006b3      0x46f build/obj/chthreads.o
 .debug_loc     0x0000000000000b22       0x5b build/obj/chregistry.o
 .debug_loc     0x0000000000000b7d      0x371 build/obj/chmtx.o
 .debug_loc     0x0000000000000eee      0x6d8 build/obj/chevents.o
 .debug_loc     0x00000000000015c6      0x6de build/obj/chqueues.o
 .debug_loc     0x0000000000001ca4       0xb8 build/obj/chmemcore.o
 .debug_loc     0x0000000000001d5c      0x3e2 build/obj/chheap.o
 .debug_loc     0x000000000000213e       0x87 build/obj/hal.o
 .debug_loc     0x00000000000021c5      0x450 build/obj/adc.o
 .debug_loc     0x0000000000002615      0x4ff build/obj/serial.o
 .debug_loc     0x0000000000002b14      0x733 build/obj/serial_usb.o
 .debug_loc     0x0000000000003247       0x58 build/obj/tm.o
 .debug_loc     0x000000000000329f      0xbf3 build/obj/usb.o
 .debug_loc     0x0000000000003e92      0x277 build/obj/stm32_dma.o
 .debug_loc     0x0000000000004109      0x2bf build/obj/adc_lld.o
 .debug_loc     0x00000000000043c8      0x129 build/obj/pal_lld.o
 .debug_loc     0x00000000000044f1      0xe9f build/obj/usb_lld.o
 .debug_loc     0x0000000000005390      0x247 build/obj/serial_lld.o
 .debug_loc     0x00000000000055d7       0xfb build/obj/USB.o
 .debug_loc     0x00000000000056d2      0x342 build/obj/main.o
 .debug_loc     0x0000000000005a14      0x161 /usr/lib/gcc/arm-none-eabi/4.9.3/../../../arm-none-eabi/lib/armv7e-m/libg.a(lib_a-itoa.o)
 .debug_loc     0x0000000000005b75      0x1ae /usr/lib/gcc/arm-none-eabi/4.9.3/../../../arm-none-eabi/lib/armv7e-m/libg.a(lib_a-memset.o)
 .debug_loc     0x0000000000005d23      0x1b4 /usr/lib/gcc/arm-none-eabi/4.9.3/../../../arm-none-eabi/lib/armv7e-m/libg.a(lib_a-utoa.o)

.debug_aranges  0x0000000000000000      0xb38
 .debug_aranges
                0x0000000000000000       0x38 build/obj/crt0.o
 .debug_aranges
                0x0000000000000038       0x20 build/obj/vectors.o
 .debug_aranges
                0x0000000000000058       0x20 build/obj/chcore.o
 .debug_aranges
                0x0000000000000078       0x50 build/obj/chcore_v7m.o
 .debug_aranges
                0x00000000000000c8       0x30 build/obj/nvic.o
 .debug_aranges
                0x00000000000000f8       0x30 build/obj/chsys.o
 .debug_aranges
                0x0000000000000128       0x88 build/obj/chdebug.o
 .debug_aranges
                0x00000000000001b0       0x30 build/obj/chvt.o
 .debug_aranges
                0x00000000000001e0       0x68 build/obj/chschd.o
 .debug_aranges
                0x0000000000000248       0x80 build/obj/chthreads.o
 .debug_aranges
                0x00000000000002c8       0x28 build/obj/chregistry.o
 .debug_aranges
                0x00000000000002f0       0x58 build/obj/chmtx.o
 .debug_aranges
                0x0000000000000348       0xa0 build/obj/chevents.o
 .debug_aranges
                0x00000000000003e8       0x70 build/obj/chqueues.o
 .debug_aranges
                0x0000000000000458       0x38 build/obj/chmemcore.o
 .debug_aranges
                0x0000000000000490       0x40 build/obj/chheap.o
 .debug_aranges
                0x00000000000004d0       0x30 build/obj/hal.o
 .debug_aranges
                0x0000000000000500       0x70 build/obj/adc.o
 .debug_aranges
                0x0000000000000570       0x88 build/obj/serial.o
 .debug_aranges
                0x00000000000005f8       0xb0 build/obj/serial_usb.o
 .debug_aranges
                0x00000000000006a8       0x38 build/obj/tm.o
 .debug_aranges
                0x00000000000006e0       0xa8 build/obj/usb.o
 .debug_aranges
                0x0000000000000788       0xb0 build/obj/stm32_dma.o
 .debug_aranges
                0x0000000000000838       0x28 build/obj/hal_lld.o
 .debug_aranges
                0x0000000000000860       0x70 build/obj/adc_lld.o
 .debug_aranges
                0x00000000000008d0       0x28 build/obj/pal_lld.o
 .debug_aranges
                0x00000000000008f8       0xd0 build/obj/usb_lld.o
 .debug_aranges
                0x00000000000009c8       0x40 build/obj/serial_lld.o
 .debug_aranges
                0x0000000000000a08       0x28 build/obj/board.o
 .debug_aranges
                0x0000000000000a30       0x38 build/obj/USB.o
 .debug_aranges
                0x0000000000000a68       0x60 build/obj/main.o
 .debug_aranges
                0x0000000000000ac8       0x28 /usr/lib/gcc/arm-none-eabi/4.9.3/../../../arm-none-eabi/lib/armv7e-m/libg.a(lib_a-itoa.o)
 .debug_aranges
                0x0000000000000af0       0x20 /usr/lib/gcc/arm-none-eabi/4.9.3/../../../arm-none-eabi/lib/armv7e-m/libg.a(lib_a-memset.o)
 .debug_aranges
                0x0000000000000b10       0x28 /usr/lib/gcc/arm-none-eabi/4.9.3/../../../arm-none-eabi/lib/armv7e-m/libg.a(lib_a-utoa.o)

.debug_ranges   0x0000000000000000     0x1338
 .debug_ranges  0x0000000000000000       0x58 build/obj/crt0.o
 .debug_ranges  0x0000000000000058       0x10 build/obj/vectors.o
 .debug_ranges  0x0000000000000068       0x10 build/obj/chcore.o
 .debug_ranges  0x0000000000000078       0x58 build/obj/chcore_v7m.o
 .debug_ranges  0x00000000000000d0       0x20 build/obj/nvic.o
 .debug_ranges  0x00000000000000f0       0x20 build/obj/chsys.o
 .debug_ranges  0x0000000000000110       0x78 build/obj/chdebug.o
 .debug_ranges  0x0000000000000188       0x20 build/obj/chvt.o
 .debug_ranges  0x00000000000001a8      0x170 build/obj/chschd.o
 .debug_ranges  0x0000000000000318      0x120 build/obj/chthreads.o
 .debug_ranges  0x0000000000000438       0x18 build/obj/chregistry.o
 .debug_ranges  0x0000000000000450      0x1a8 build/obj/chmtx.o
 .debug_ranges  0x00000000000005f8       0xf0 build/obj/chevents.o
 .debug_ranges  0x00000000000006e8       0xe8 build/obj/chqueues.o
 .debug_ranges  0x00000000000007d0       0x40 build/obj/chmemcore.o
 .debug_ranges  0x0000000000000810       0x30 build/obj/chheap.o
 .debug_ranges  0x0000000000000840       0x20 build/obj/hal.o
 .debug_ranges  0x0000000000000860       0x78 build/obj/adc.o
 .debug_ranges  0x00000000000008d8       0x78 build/obj/serial.o
 .debug_ranges  0x0000000000000950       0xb8 build/obj/serial_usb.o
 .debug_ranges  0x0000000000000a08       0x80 build/obj/tm.o
 .debug_ranges  0x0000000000000a88      0x158 build/obj/usb.o
 .debug_ranges  0x0000000000000be0       0xa0 build/obj/stm32_dma.o
 .debug_ranges  0x0000000000000c80       0x30 build/obj/hal_lld.o
 .debug_ranges  0x0000000000000cb0       0x78 build/obj/adc_lld.o
 .debug_ranges  0x0000000000000d28      0x120 build/obj/pal_lld.o
 .debug_ranges  0x0000000000000e48      0x320 build/obj/usb_lld.o
 .debug_ranges  0x0000000000001168       0xa0 build/obj/serial_lld.o
 .debug_ranges  0x0000000000001208       0x18 build/obj/board.o
 .debug_ranges  0x0000000000001220       0x28 build/obj/USB.o
 .debug_ranges  0x0000000000001248       0xb0 build/obj/main.o
 .debug_ranges  0x00000000000012f8       0x18 /usr/lib/gcc/arm-none-eabi/4.9.3/../../../arm-none-eabi/lib/armv7e-m/libg.a(lib_a-itoa.o)
 .debug_ranges  0x0000000000001310       0x10 /usr/lib/gcc/arm-none-eabi/4.9.3/../../../arm-none-eabi/lib/armv7e-m/libg.a(lib_a-memset.o)
 .debug_ranges  0x0000000000001320       0x18 /usr/lib/gcc/arm-none-eabi/4.9.3/../../../arm-none-eabi/lib/armv7e-m/libg.a(lib_a-utoa.o)

.debug_line     0x0000000000000000     0x5d76
 .debug_line    0x0000000000000000      0x121 build/obj/crt0.o
 .debug_line    0x0000000000000121       0xc6 build/obj/vectors.o
 .debug_line    0x00000000000001e7       0x66 build/obj/chcore.o
 .debug_line    0x000000000000024d      0x213 build/obj/chcore_v7m.o
 .debug_line    0x0000000000000460       0xfb build/obj/nvic.o
 .debug_line    0x000000000000055b      0x20a build/obj/chsys.o
 .debug_line    0x0000000000000765      0x2fb build/obj/chdebug.o
 .debug_line    0x0000000000000a60      0x181 build/obj/chvt.o
 .debug_line    0x0000000000000be1      0x366 build/obj/chschd.o
 .debug_line    0x0000000000000f47      0x3d1 build/obj/chthreads.o
 .debug_line    0x0000000000001318      0x1d9 build/obj/chregistry.o
 .debug_line    0x00000000000014f1      0x375 build/obj/chmtx.o
 .debug_line    0x0000000000001866      0x36b build/obj/chevents.o
 .debug_line    0x0000000000001bd1      0x375 build/obj/chqueues.o
 .debug_line    0x0000000000001f46      0x163 build/obj/chmemcore.o
 .debug_line    0x00000000000020a9      0x2a0 build/obj/chheap.o
 .debug_line    0x0000000000002349      0x2be build/obj/hal.o
 .debug_line    0x0000000000002607      0x3ef build/obj/adc.o
 .debug_line    0x00000000000029f6      0x3ce build/obj/serial.o
 .debug_line    0x0000000000002dc4      0x474 build/obj/serial_usb.o
 .debug_line    0x0000000000003238      0x202 build/obj/tm.o
 .debug_line    0x000000000000343a      0x5e1 build/obj/usb.o
 .debug_line    0x0000000000003a1b      0x426 build/obj/stm32_dma.o
 .debug_line    0x0000000000003e41      0x1e1 build/obj/hal_lld.o
 .debug_line    0x0000000000004022      0x464 build/obj/adc_lld.o
 .debug_line    0x0000000000004486      0x1eb build/obj/pal_lld.o
 .debug_line    0x0000000000004671      0x7d7 build/obj/usb_lld.o
 .debug_line    0x0000000000004e48      0x381 build/obj/serial_lld.o
 .debug_line    0x00000000000051c9      0x18f build/obj/board.o
 .debug_line    0x0000000000005358      0x2b3 build/obj/USB.o
 .debug_line    0x000000000000560b      0x453 build/obj/main.o
 .debug_line    0x0000000000005a5e       0xdd /usr/lib/gcc/arm-none-eabi/4.9.3/../../../arm-none-eabi/lib/armv7e-m/libg.a(lib_a-itoa.o)
 .debug_line    0x0000000000005b3b      0x119 /usr/lib/gcc/arm-none-eabi/4.9.3/../../../arm-none-eabi/lib/armv7e-m/libg.a(lib_a-memset.o)
 .debug_line    0x0000000000005c54      0x122 /usr/lib/gcc/arm-none-eabi/4.9.3/../../../arm-none-eabi/lib/armv7e-m/libg.a(lib_a-utoa.o)

.debug_str      0x0000000000000000     0x3547
 .debug_str     0x0000000000000000      0x2b3 build/obj/crt0.o
                                        0x2fe (size before relaxing)
 .debug_str     0x00000000000002b3      0x153 build/obj/vectors.o
                                        0x31f (size before relaxing)
 .debug_str     0x0000000000000406       0x3b build/obj/chcore.o
                                        0x1e7 (size before relaxing)
 .debug_str     0x0000000000000441      0x386 build/obj/chcore_v7m.o
                                        0x57f (size before relaxing)
 .debug_str     0x00000000000007c7       0xa4 build/obj/nvic.o
                                        0x2f1 (size before relaxing)
 .debug_str     0x000000000000086b      0x24a build/obj/chsys.o
                                        0x64f (size before relaxing)
 .debug_str     0x0000000000000ab5      0x109 build/obj/chdebug.o
                                        0x5bb (size before relaxing)
 .debug_str     0x0000000000000bbe       0x44 build/obj/chvt.o
                                        0x28e (size before relaxing)
 .debug_str     0x0000000000000c02       0xe3 build/obj/chschd.o
                                        0x57b (size before relaxing)
 .debug_str     0x0000000000000ce5       0xfd build/obj/chthreads.o
                                        0x5d5 (size before relaxing)
 .debug_str     0x0000000000000de2       0x50 build/obj/chregistry.o
                                        0x536 (size before relaxing)
 .debug_str     0x0000000000000e32       0x9f build/obj/chmtx.o
                                        0x4d3 (size before relaxing)
 .debug_str     0x0000000000000ed1      0x1c7 build/obj/chevents.o
                                        0x5f7 (size before relaxing)
 .debug_str     0x0000000000001098      0x134 build/obj/chqueues.o
                                        0x55e (size before relaxing)
 .debug_str     0x00000000000011cc       0x7e build/obj/chmemcore.o
                                        0x298 (size before relaxing)
 .debug_str     0x000000000000124a       0xc1 build/obj/chheap.o
                                        0x472 (size before relaxing)
 .debug_str     0x000000000000130b      0x193 build/obj/hal.o
                                        0x37a (size before relaxing)
 .debug_str     0x000000000000149e      0x30f build/obj/adc.o
                                        0x788 (size before relaxing)
 .debug_str     0x00000000000017ad      0x177 build/obj/serial.o
                                        0x6d6 (size before relaxing)
 .debug_str     0x0000000000001924      0x7d8 build/obj/serial_usb.o
                                        0xdbe (size before relaxing)
 .debug_str     0x00000000000020fc       0x75 build/obj/tm.o
                                        0x2b8 (size before relaxing)
 .debug_str     0x0000000000002171      0x2be build/obj/usb.o
                                        0xdf5 (size before relaxing)
 .debug_str     0x000000000000242f      0x74e build/obj/stm32_dma.o
                                        0xa70 (size before relaxing)
 .debug_str     0x0000000000002b7d       0xcc build/obj/hal_lld.o
                                        0x41b (size before relaxing)
 .debug_str     0x0000000000002c49       0xdc build/obj/adc_lld.o
                                        0xde7 (size before relaxing)
 .debug_str     0x0000000000002d25       0xd7 build/obj/pal_lld.o
                                        0x479 (size before relaxing)
 .debug_str     0x0000000000002dfc      0x212 build/obj/usb_lld.o
                                       0x109b (size before relaxing)
 .debug_str     0x000000000000300e       0x73 build/obj/serial_lld.o
                                        0x79a (size before relaxing)
 .debug_str     0x0000000000003081       0x38 build/obj/board.o
                                        0x2d3 (size before relaxing)
 .debug_str     0x00000000000030b9      0x149 build/obj/USB.o
                                        0xd34 (size before relaxing)
 .debug_str     0x0000000000003202      0x131 build/obj/main.o
                                       0x10b7 (size before relaxing)
 .debug_str     0x0000000000003333      0x136 /usr/lib/gcc/arm-none-eabi/4.9.3/../../../arm-none-eabi/lib/armv7e-m/libg.a(lib_a-itoa.o)
                                        0x1d3 (size before relaxing)
 .debug_str     0x0000000000003469       0xa1 /usr/lib/gcc/arm-none-eabi/4.9.3/../../../arm-none-eabi/lib/armv7e-m/libg.a(lib_a-memset.o)
                                        0x1d2 (size before relaxing)
 .debug_str     0x000000000000350a       0x3d /usr/lib/gcc/arm-none-eabi/4.9.3/../../../arm-none-eabi/lib/armv7e-m/libg.a(lib_a-utoa.o)
                                        0x1d6 (size before relaxing)

.comment        0x0000000000000000       0x70
 .comment       0x0000000000000000       0x38 build/obj/crt0.o
                                         0x39 (size before relaxing)
 .comment       0x0000000000000038       0x39 build/obj/vectors.o
 .comment       0x0000000000000038       0x39 build/obj/chcore.o
 .comment       0x0000000000000038       0x39 build/obj/chcore_v7m.o
 .comment       0x0000000000000038       0x39 build/obj/nvic.o
 .comment       0x0000000000000038       0x39 build/obj/chsys.o
 .comment       0x0000000000000038       0x39 build/obj/chdebug.o
 .comment       0x0000000000000038       0x39 build/obj/chvt.o
 .comment       0x0000000000000038       0x39 build/obj/chschd.o
 .comment       0x0000000000000038       0x39 build/obj/chthreads.o
 .comment       0x0000000000000038       0x39 build/obj/chregistry.o
 .comment       0x0000000000000038       0x39 build/obj/chmtx.o
 .comment       0x0000000000000038       0x39 build/obj/chevents.o
 .comment       0x0000000000000038       0x39 build/obj/chqueues.o
 .comment       0x0000000000000038       0x39 build/obj/chmemcore.o
 .comment       0x0000000000000038       0x39 build/obj/chheap.o
 .comment       0x0000000000000038       0x39 build/obj/hal.o
 .comment       0x0000000000000038       0x39 build/obj/adc.o
 .comment       0x0000000000000038       0x39 build/obj/serial.o
 .comment       0x0000000000000038       0x39 build/obj/serial_usb.o
 .comment       0x0000000000000038       0x39 build/obj/tm.o
 .comment       0x0000000000000038       0x39 build/obj/usb.o
 .comment       0x0000000000000038       0x39 build/obj/stm32_dma.o
 .comment       0x0000000000000038       0x39 build/obj/hal_lld.o
 .comment       0x0000000000000038       0x39 build/obj/adc_lld.o
 .comment       0x0000000000000038       0x39 build/obj/pal_lld.o
 .comment       0x0000000000000038       0x39 build/obj/usb_lld.o
 .comment       0x0000000000000038       0x39 build/obj/serial_lld.o
 .comment       0x0000000000000038       0x39 build/obj/board.o
 .comment       0x0000000000000038       0x39 build/obj/USB.o
 .comment       0x0000000000000038       0x39 build/obj/main.o
 .comment       0x0000000000000038       0x38 /usr/lib/gcc/arm-none-eabi/4.9.3/../../../arm-none-eabi/lib/armv7e-m/libg.a(lib_a-itoa.o)
                                         0x39 (size before relaxing)
 .comment       0x0000000000000070       0x39 /usr/lib/gcc/arm-none-eabi/4.9.3/../../../arm-none-eabi/lib/armv7e-m/libg.a(lib_a-memset.o)
 .comment       0x0000000000000070       0x39 /usr/lib/gcc/arm-none-eabi/4.9.3/../../../arm-none-eabi/lib/armv7e-m/libg.a(lib_a-utoa.o)

.ARM.attributes
                0x0000000000000000       0x31
 .ARM.attributes
                0x0000000000000000       0x33 build/obj/crt0.o
 .ARM.attributes
                0x0000000000000033       0x33 build/obj/vectors.o
 .ARM.attributes
                0x0000000000000066       0x33 build/obj/chcore.o
 .ARM.attributes
                0x0000000000000099       0x33 build/obj/chcore_v7m.o
 .ARM.attributes
                0x00000000000000cc       0x33 build/obj/nvic.o
 .ARM.attributes
                0x00000000000000ff       0x33 build/obj/chsys.o
 .ARM.attributes
                0x0000000000000132       0x33 build/obj/chdebug.o
 .ARM.attributes
                0x0000000000000165       0x33 build/obj/chvt.o
 .ARM.attributes
                0x0000000000000198       0x33 build/obj/chschd.o
 .ARM.attributes
                0x00000000000001cb       0x33 build/obj/chthreads.o
 .ARM.attributes
                0x00000000000001fe       0x33 build/obj/chregistry.o
 .ARM.attributes
                0x0000000000000231       0x33 build/obj/chmtx.o
 .ARM.attributes
                0x0000000000000264       0x33 build/obj/chevents.o
 .ARM.attributes
                0x0000000000000297       0x33 build/obj/chqueues.o
 .ARM.attributes
                0x00000000000002ca       0x33 build/obj/chmemcore.o
 .ARM.attributes
                0x00000000000002fd       0x33 build/obj/chheap.o
 .ARM.attributes
                0x0000000000000330       0x33 build/obj/hal.o
 .ARM.attributes
                0x0000000000000363       0x33 build/obj/adc.o
 .ARM.attributes
                0x0000000000000396       0x33 build/obj/serial.o
 .ARM.attributes
                0x00000000000003c9       0x33 build/obj/serial_usb.o
 .ARM.attributes
                0x00000000000003fc       0x33 build/obj/tm.o
 .ARM.attributes
                0x000000000000042f       0x33 build/obj/usb.o
 .ARM.attributes
                0x0000000000000462       0x33 build/obj/stm32_dma.o
 .ARM.attributes
                0x0000000000000495       0x33 build/obj/hal_lld.o
 .ARM.attributes
                0x00000000000004c8       0x33 build/obj/adc_lld.o
 .ARM.attributes
                0x00000000000004fb       0x33 build/obj/pal_lld.o
 .ARM.attributes
                0x000000000000052e       0x33 build/obj/usb_lld.o
 .ARM.attributes
                0x0000000000000561       0x33 build/obj/serial_lld.o
 .ARM.attributes
                0x0000000000000594       0x33 build/obj/board.o
 .ARM.attributes
                0x00000000000005c7       0x33 build/obj/USB.o
 .ARM.attributes
                0x00000000000005fa       0x33 build/obj/main.o
 .ARM.attributes
                0x000000000000062d       0x2e /usr/lib/gcc/arm-none-eabi/4.9.3/../../../arm-none-eabi/lib/armv7e-m/libg.a(lib_a-itoa.o)
 .ARM.attributes
                0x000000000000065b       0x2e /usr/lib/gcc/arm-none-eabi/4.9.3/../../../arm-none-eabi/lib/armv7e-m/libg.a(lib_a-memset.o)
 .ARM.attributes
                0x0000000000000689       0x2e /usr/lib/gcc/arm-none-eabi/4.9.3/../../../arm-none-eabi/lib/armv7e-m/libg.a(lib_a-utoa.o)

.debug_frame    0x0000000000000000     0x2064
 .debug_frame   0x0000000000000000       0x50 build/obj/crt0.o
 .debug_frame   0x0000000000000050       0x20 build/obj/vectors.o
 .debug_frame   0x0000000000000070       0x20 build/obj/chcore.o
 .debug_frame   0x0000000000000090       0xac build/obj/chcore_v7m.o
 .debug_frame   0x000000000000013c       0x74 build/obj/nvic.o
 .debug_frame   0x00000000000001b0       0x6c build/obj/chsys.o
 .debug_frame   0x000000000000021c      0x144 build/obj/chdebug.o
 .debug_frame   0x0000000000000360       0x64 build/obj/chvt.o
 .debug_frame   0x00000000000003c4      0x180 build/obj/chschd.o
 .debug_frame   0x0000000000000544      0x1c8 build/obj/chthreads.o
 .debug_frame   0x000000000000070c       0x4c build/obj/chregistry.o
 .debug_frame   0x0000000000000758      0x110 build/obj/chmtx.o
 .debug_frame   0x0000000000000868      0x238 build/obj/chevents.o
 .debug_frame   0x0000000000000aa0      0x19c build/obj/chqueues.o
 .debug_frame   0x0000000000000c3c       0x68 build/obj/chmemcore.o
 .debug_frame   0x0000000000000ca4       0xe0 build/obj/chheap.o
 .debug_frame   0x0000000000000d84       0x50 build/obj/hal.o
 .debug_frame   0x0000000000000dd4      0x180 build/obj/adc.o
 .debug_frame   0x0000000000000f54      0x154 build/obj/serial.o
 .debug_frame   0x00000000000010a8      0x208 build/obj/serial_usb.o
 .debug_frame   0x00000000000012b0       0x74 build/obj/tm.o
 .debug_frame   0x0000000000001324      0x250 build/obj/usb.o
 .debug_frame   0x0000000000001574      0x284 build/obj/stm32_dma.o
 .debug_frame   0x00000000000017f8       0x50 build/obj/hal_lld.o
 .debug_frame   0x0000000000001848      0x16c build/obj/adc_lld.o
 .debug_frame   0x00000000000019b4       0x70 build/obj/pal_lld.o
 .debug_frame   0x0000000000001a24      0x2dc build/obj/usb_lld.o
 .debug_frame   0x0000000000001d00       0xb8 build/obj/serial_lld.o
 .debug_frame   0x0000000000001db8       0x30 build/obj/board.o
 .debug_frame   0x0000000000001de8       0x7c build/obj/USB.o
 .debug_frame   0x0000000000001e64      0x144 build/obj/main.o
 .debug_frame   0x0000000000001fa8       0x3c /usr/lib/gcc/arm-none-eabi/4.9.3/../../../arm-none-eabi/lib/armv7e-m/libg.a(lib_a-itoa.o)
 .debug_frame   0x0000000000001fe4       0x34 /usr/lib/gcc/arm-none-eabi/4.9.3/../../../arm-none-eabi/lib/armv7e-m/libg.a(lib_a-memset.o)
 .debug_frame   0x0000000000002018       0x4c /usr/lib/gcc/arm-none-eabi/4.9.3/../../../arm-none-eabi/lib/armv7e-m/libg.a(lib_a-utoa.o)

Cross Reference Table

Symbol                                            File
ADCD1                                             build/obj/adc_lld.o
                                                  build/obj/main.o
BusFaultVector                                    build/obj/vectors.o
DebugMonitorVector                                build/obj/vectors.o
HardFaultVector                                   build/obj/vectors.o
MemManageVector                                   build/obj/vectors.o
NMIVector                                         build/obj/vectors.o
PendSVVector                                      build/obj/vectors.o
ResetHandler                                      build/obj/crt0.o
                                                  build/obj/vectors.o
SD1                                               build/obj/serial_lld.o
SDU1                                              build/obj/USB.o
                                                  build/obj/main.o
SVCallVector                                      build/obj/chcore_v7m.o
                                                  build/obj/vectors.o
SysTickVector                                     build/obj/chcore_v7m.o
                                                  build/obj/vectors.o
TestThread                                        build/obj/test.o
USBD1                                             build/obj/usb_lld.o
                                                  build/obj/USB.o
UsageFaultVector                                  build/obj/vectors.o
Vector100                                         build/obj/vectors.o
Vector104                                         build/obj/vectors.o
Vector108                                         build/obj/vectors.o
Vector10C                                         build/obj/vectors.o
Vector110                                         build/obj/vectors.o
Vector114                                         build/obj/vectors.o
Vector118                                         build/obj/vectors.o
Vector11C                                         build/obj/vectors.o
Vector120                                         build/obj/stm32_dma.o
                                                  build/obj/vectors.o
Vector124                                         build/obj/stm32_dma.o
                                                  build/obj/vectors.o
Vector128                                         build/obj/stm32_dma.o
                                                  build/obj/vectors.o
Vector12C                                         build/obj/stm32_dma.o
                                                  build/obj/vectors.o
Vector130                                         build/obj/stm32_dma.o
                                                  build/obj/vectors.o
Vector134                                         build/obj/vectors.o
Vector138                                         build/obj/vectors.o
Vector13C                                         build/obj/vectors.o
Vector140                                         build/obj/vectors.o
Vector144                                         build/obj/vectors.o
Vector148                                         build/obj/vectors.o
Vector14C                                         build/obj/usb_lld.o
                                                  build/obj/vectors.o
Vector150                                         build/obj/stm32_dma.o
                                                  build/obj/vectors.o
Vector154                                         build/obj/stm32_dma.o
                                                  build/obj/vectors.o
Vector158                                         build/obj/stm32_dma.o
                                                  build/obj/vectors.o
Vector15C                                         build/obj/vectors.o
Vector160                                         build/obj/vectors.o
Vector164                                         build/obj/vectors.o
Vector168                                         build/obj/vectors.o
Vector16C                                         build/obj/vectors.o
Vector170                                         build/obj/vectors.o
Vector174                                         build/obj/vectors.o
Vector178                                         build/obj/vectors.o
Vector17C                                         build/obj/vectors.o
Vector180                                         build/obj/vectors.o
Vector184                                         build/obj/vectors.o
Vector188                                         build/obj/vectors.o
Vector18C                                         build/obj/vectors.o
Vector190                                         build/obj/vectors.o
Vector194                                         build/obj/vectors.o
Vector198                                         build/obj/vectors.o
Vector19C                                         build/obj/vectors.o
Vector1A0                                         build/obj/vectors.o
Vector1A4                                         build/obj/vectors.o
Vector1A8                                         build/obj/vectors.o
Vector1C                                          build/obj/vectors.o
Vector20                                          build/obj/vectors.o
Vector24                                          build/obj/vectors.o
Vector28                                          build/obj/vectors.o
Vector34                                          build/obj/vectors.o
Vector40                                          build/obj/vectors.o
Vector44                                          build/obj/vectors.o
Vector48                                          build/obj/vectors.o
Vector4C                                          build/obj/vectors.o
Vector50                                          build/obj/vectors.o
Vector54                                          build/obj/vectors.o
Vector58                                          build/obj/vectors.o
Vector5C                                          build/obj/vectors.o
Vector60                                          build/obj/vectors.o
Vector64                                          build/obj/vectors.o
Vector68                                          build/obj/vectors.o
Vector6C                                          build/obj/stm32_dma.o
                                                  build/obj/vectors.o
Vector70                                          build/obj/stm32_dma.o
                                                  build/obj/vectors.o
Vector74                                          build/obj/stm32_dma.o
                                                  build/obj/vectors.o
Vector78                                          build/obj/stm32_dma.o
                                                  build/obj/vectors.o
Vector7C                                          build/obj/stm32_dma.o
                                                  build/obj/vectors.o
Vector80                                          build/obj/stm32_dma.o
                                                  build/obj/vectors.o
Vector84                                          build/obj/stm32_dma.o
                                                  build/obj/vectors.o
Vector88                                          build/obj/adc_lld.o
                                                  build/obj/vectors.o
Vector8C                                          build/obj/vectors.o
Vector90                                          build/obj/vectors.o
Vector94                                          build/obj/vectors.o
Vector98                                          build/obj/vectors.o
Vector9C                                          build/obj/vectors.o
VectorA0                                          build/obj/vectors.o
VectorA4                                          build/obj/vectors.o
VectorA8                                          build/obj/vectors.o
VectorAC                                          build/obj/vectors.o
VectorB0                                          build/obj/vectors.o
VectorB4                                          build/obj/vectors.o
VectorB8                                          build/obj/vectors.o
VectorBC                                          build/obj/vectors.o
VectorC0                                          build/obj/vectors.o
VectorC4                                          build/obj/vectors.o
VectorC8                                          build/obj/vectors.o
VectorCC                                          build/obj/vectors.o
VectorD0                                          build/obj/vectors.o
VectorD4                                          build/obj/serial_lld.o
                                                  build/obj/vectors.o
VectorD8                                          build/obj/vectors.o
VectorDC                                          build/obj/vectors.o
VectorE0                                          build/obj/vectors.o
VectorE4                                          build/obj/vectors.o
VectorE8                                          build/obj/vectors.o
VectorEC                                          build/obj/vectors.o
VectorF0                                          build/obj/vectors.o
VectorF4                                          build/obj/vectors.o
VectorF8                                          build/obj/vectors.o
VectorFC                                          build/obj/stm32_dma.o
                                                  build/obj/vectors.o
__ctype_ptr__                                     /usr/lib/gcc/arm-none-eabi/4.9.3/../../../arm-none-eabi/lib/armv7e-m/libg.a(lib_a-ctype_.o)
                                                  /usr/lib/gcc/arm-none-eabi/4.9.3/../../../arm-none-eabi/lib/armv7e-m/libg.a(lib_a-strcasecmp.o)
__early_init                                      build/obj/board.o
                                                  build/obj/crt0.o
__fini_array_end                                  build/obj/crt0.o
__fini_array_start                                build/obj/crt0.o
__heap_base__                                     build/obj/chmemcore.o
__heap_end__                                      build/obj/chmemcore.o
__init_array_end                                  build/obj/crt0.o
__init_array_start                                build/obj/crt0.o
__itoa                                            /usr/lib/gcc/arm-none-eabi/4.9.3/../../../arm-none-eabi/lib/armv7e-m/libg.a(lib_a-itoa.o)
__late_init                                       build/obj/crt0.o
__main_stack_base__                               build/obj/crt0.o
__main_stack_end__                                build/obj/vectors.o
                                                  build/obj/crt0.o
__main_thread_stack_base__                        build/obj/chsys.o
__process_stack_base__                            build/obj/crt0.o
__process_stack_end__                             build/obj/crt0.o
__utoa                                            /usr/lib/gcc/arm-none-eabi/4.9.3/../../../arm-none-eabi/lib/armv7e-m/libg.a(lib_a-utoa.o)
                                                  /usr/lib/gcc/arm-none-eabi/4.9.3/../../../arm-none-eabi/lib/armv7e-m/libg.a(lib_a-itoa.o)
_bss_end                                          build/obj/crt0.o
_bss_start                                        build/obj/crt0.o
_close_r                                          build/obj/syscalls.o
_core_init                                        build/obj/chmemcore.o
                                                  build/obj/chsys.o
_ctype_                                           /usr/lib/gcc/arm-none-eabi/4.9.3/../../../arm-none-eabi/lib/armv7e-m/libg.a(lib_a-ctype_.o)
_data                                             build/obj/crt0.o
_default_exit                                     build/obj/crt0.o