Archive member included to satisfy reference by file (symbol)

/usr/lib/gcc/arm-none-eabi/4.9.3/../../../arm-none-eabi/lib/armv7e-m/libg.a(lib_a-itoa.o)
                              build/obj/main.o (itoa)
/usr/lib/gcc/arm-none-eabi/4.9.3/../../../arm-none-eabi/lib/armv7e-m/libg.a(lib_a-memcpy.o)
                              build/obj/memstreams.o (memcpy)
/usr/lib/gcc/arm-none-eabi/4.9.3/../../../arm-none-eabi/lib/armv7e-m/libg.a(lib_a-memmove.o)
                              build/obj/main.o (memmove)
/usr/lib/gcc/arm-none-eabi/4.9.3/../../../arm-none-eabi/lib/armv7e-m/libg.a(lib_a-memset.o)
                              build/obj/usb.o (memset)
/usr/lib/gcc/arm-none-eabi/4.9.3/../../../arm-none-eabi/lib/armv7e-m/libg.a(lib_a-strcasecmp.o)
                              build/obj/shell.o (strcasecmp)
/usr/lib/gcc/arm-none-eabi/4.9.3/../../../arm-none-eabi/lib/armv7e-m/libg.a(lib_a-strpbrk.o)
                              build/obj/shell.o (strpbrk)
/usr/lib/gcc/arm-none-eabi/4.9.3/../../../arm-none-eabi/lib/armv7e-m/libg.a(lib_a-strspn.o)
                              build/obj/shell.o (strspn)
/usr/lib/gcc/arm-none-eabi/4.9.3/../../../arm-none-eabi/lib/armv7e-m/libg.a(lib_a-strtol.o)
                              build/obj/main.o (strtol)
/usr/lib/gcc/arm-none-eabi/4.9.3/../../../arm-none-eabi/lib/armv7e-m/libg.a(lib_a-utoa.o)
                              /usr/lib/gcc/arm-none-eabi/4.9.3/../../../arm-none-eabi/lib/armv7e-m/libg.a(lib_a-itoa.o) (__utoa)
/usr/lib/gcc/arm-none-eabi/4.9.3/../../../arm-none-eabi/lib/armv7e-m/libg.a(lib_a-ctype_.o)
                              /usr/lib/gcc/arm-none-eabi/4.9.3/../../../arm-none-eabi/lib/armv7e-m/libg.a(lib_a-strcasecmp.o) (__ctype_ptr__)
/usr/lib/gcc/arm-none-eabi/4.9.3/../../../arm-none-eabi/lib/armv7e-m/libg.a(lib_a-impure.o)
                              /usr/lib/gcc/arm-none-eabi/4.9.3/../../../arm-none-eabi/lib/armv7e-m/libg.a(lib_a-strtol.o) (_impure_ptr)

Discarded input sections

 .text          0x0000000000000000        0x0 build/obj/crt0.o
 .data          0x0000000000000000        0x0 build/obj/crt0.o
 .bss           0x0000000000000000        0x0 build/obj/crt0.o
 .text.__early_init
                0x0000000000000000        0x4 build/obj/crt0.o
 .text          0x0000000000000000        0x0 build/obj/vectors.o
 .data          0x0000000000000000        0x0 build/obj/vectors.o
 .bss           0x0000000000000000        0x0 build/obj/vectors.o
 .text          0x0000000000000000        0x0 build/obj/chcore.o
 .data          0x0000000000000000        0x0 build/obj/chcore.o
 .bss           0x0000000000000000        0x0 build/obj/chcore.o
 .text          0x0000000000000000        0x0 build/obj/chcore_v7m.o
 .data          0x0000000000000000        0x0 build/obj/chcore_v7m.o
 .bss           0x0000000000000000        0x0 build/obj/chcore_v7m.o
 .text          0x0000000000000000        0x0 build/obj/nvic.o
 .data          0x0000000000000000        0x0 build/obj/nvic.o
 .bss           0x0000000000000000        0x0 build/obj/nvic.o
 .text.nvicDisableVector
                0x0000000000000000       0x40 build/obj/nvic.o
 .text          0x0000000000000000        0x0 build/obj/chsys.o
 .data          0x0000000000000000        0x0 build/obj/chsys.o
 .bss           0x0000000000000000        0x0 build/obj/chsys.o
 .text          0x0000000000000000        0x0 build/obj/chdebug.o
 .data          0x0000000000000000        0x0 build/obj/chdebug.o
 .bss           0x0000000000000000        0x0 build/obj/chdebug.o
 .text.dbg_check_disable
                0x0000000000000000       0x28 build/obj/chdebug.o
 .text.dbg_check_suspend
                0x0000000000000000       0x28 build/obj/chdebug.o
 .text          0x0000000000000000        0x0 build/obj/chlists.o
 .data          0x0000000000000000        0x0 build/obj/chlists.o
 .bss           0x0000000000000000        0x0 build/obj/chlists.o
 .debug_info    0x0000000000000000       0x79 build/obj/chlists.o
 .debug_abbrev  0x0000000000000000       0x26 build/obj/chlists.o
 .debug_aranges
                0x0000000000000000       0x18 build/obj/chlists.o
 .debug_line    0x0000000000000000       0x1d build/obj/chlists.o
 .debug_str     0x0000000000000000      0x1d8 build/obj/chlists.o
 .comment       0x0000000000000000       0x39 build/obj/chlists.o
 .ARM.attributes
                0x0000000000000000       0x33 build/obj/chlists.o
 .text          0x0000000000000000        0x0 build/obj/chvt.o
 .data          0x0000000000000000        0x0 build/obj/chvt.o
 .bss           0x0000000000000000        0x0 build/obj/chvt.o
 .text          0x0000000000000000        0x0 build/obj/chschd.o
 .data          0x0000000000000000        0x0 build/obj/chschd.o
 .bss           0x0000000000000000        0x0 build/obj/chschd.o
 .text          0x0000000000000000        0x0 build/obj/chthreads.o
 .data          0x0000000000000000        0x0 build/obj/chthreads.o
 .bss           0x0000000000000000        0x0 build/obj/chthreads.o
 .text.chThdSetPriority
[...]
Memory Configuration

Name             Origin             Length             Attributes
flash            0x0000000008000000 0x0000000000100000
ram              0x0000000020000000 0x000000000001c000
ethram           0x000000002001c000 0x0000000000004000
ccmram           0x0000000010000000 0x0000000000010000
*default*        0x0000000000000000 0xffffffffffffffff

Linker script and memory map

LOAD build/obj/crt0.o
LOAD build/obj/vectors.o
LOAD build/obj/chcore.o
LOAD build/obj/chcore_v7m.o
LOAD build/obj/nvic.o
LOAD build/obj/chsys.o
LOAD build/obj/chdebug.o
LOAD build/obj/chlists.o
LOAD build/obj/chvt.o
LOAD build/obj/chschd.o
LOAD build/obj/chthreads.o
LOAD build/obj/chdynamic.o
LOAD build/obj/chregistry.o
LOAD build/obj/chsem.o
LOAD build/obj/chmtx.o
LOAD build/obj/chcond.o
LOAD build/obj/chevents.o
LOAD build/obj/chmsg.o
LOAD build/obj/chmboxes.o
LOAD build/obj/chqueues.o
LOAD build/obj/chmemcore.o
LOAD build/obj/chheap.o
LOAD build/obj/chmempools.o
LOAD build/obj/test.o
LOAD build/obj/testthd.o
LOAD build/obj/testsem.o
LOAD build/obj/testmtx.o
LOAD build/obj/testmsg.o
LOAD build/obj/testmbox.o
LOAD build/obj/testevt.o
LOAD build/obj/testheap.o
LOAD build/obj/testpools.o
LOAD build/obj/testdyn.o
LOAD build/obj/testqueues.o
LOAD build/obj/testbmk.o
LOAD build/obj/hal.o
LOAD build/obj/adc.o
LOAD build/obj/can.o
LOAD build/obj/ext.o
LOAD build/obj/gpt.o
LOAD build/obj/i2c.o
LOAD build/obj/icu.o
LOAD build/obj/mac.o
LOAD build/obj/mmc_spi.o
LOAD build/obj/mmcsd.o
LOAD build/obj/pal.o
LOAD build/obj/pwm.o
LOAD build/obj/rtc.o
LOAD build/obj/sdc.o
LOAD build/obj/serial.o
LOAD build/obj/serial_usb.o
LOAD build/obj/spi.o
LOAD build/obj/tm.o
LOAD build/obj/uart.o
LOAD build/obj/usb.o
LOAD build/obj/stm32_dma.o
LOAD build/obj/hal_lld.o
LOAD build/obj/adc_lld.o
LOAD build/obj/ext_lld_isr.o
LOAD build/obj/can_lld.o
LOAD build/obj/ext_lld.o
LOAD build/obj/mac_lld.o
LOAD build/obj/sdc_lld.o
LOAD build/obj/pal_lld.o
LOAD build/obj/i2c_lld.o
LOAD build/obj/usb_lld.o
LOAD build/obj/rtc_lld.o
LOAD build/obj/spi_lld.o
LOAD build/obj/gpt_lld.o
LOAD build/obj/icu_lld.o
LOAD build/obj/pwm_lld.o
LOAD build/obj/serial_lld.o
LOAD build/obj/uart_lld.o
LOAD build/obj/board.o
LOAD build/obj/shell.o
LOAD build/obj/chprintf.o
LOAD build/obj/memstreams.o
LOAD build/obj/syscalls.o
LOAD build/obj/USB.o
LOAD build/obj/main.o
                0x0000000000000400                __main_stack_size__ = 0x400
                0x0000000000000400                __process_stack_size__ = 0x400
                0x0000000020000000                __ram_start__ = ORIGIN (ram)
                0x000000000001c000                __ram_size__ = LENGTH (ram)
                0x000000002001c000                __ram_end__ = (__ram_start__ + __ram_size__)
                0x0000000000000000                . = 0x0
                0x0000000000000000                _text = .

startup         0x0000000008000000      0x1ac
 *(vectors)
 vectors        0x0000000008000000      0x1ac build/obj/vectors.o
                0x0000000008000000                _vectors

constructors    0x00000000080001ac        0x0
                0x00000000080001ac                PROVIDE (__init_array_start, .)
 *(SORT(.init_array.*))
 *(.init_array)
                0x00000000080001ac                PROVIDE (__init_array_end, .)

destructors     0x00000000080001ac        0x0
                0x00000000080001ac                PROVIDE (__fini_array_start, .)
 *(.fini_array)
 *(SORT(.fini_array.*))
                0x00000000080001ac                PROVIDE (__fini_array_end, .)

.text           0x00000000080001b0     0x4da4
 *(.text.startup.*)
 .text.startup.main
                0x00000000080001b0       0xbc build/obj/main.o
                0x00000000080001b0                main
 *(.text)
 *fill*         0x000000000800026c        0x4 
 .text          0x0000000008000270      0x134 /usr/lib/gcc/arm-none-eabi/4.9.3/../../../arm-none-eabi/lib/armv7e-m/libg.a(lib_a-memcpy.o)
                0x0000000008000270                memcpy
 *(.text.*)
 *fill*         0x00000000080003a4        0xc 
 .text.__late_init
                0x00000000080003b0        0x4 build/obj/crt0.o
                0x00000000080003b0                __late_init
 *fill*         0x00000000080003b4        0xc 
 .text._default_exit
                0x00000000080003c0        0x4 build/obj/crt0.o
                0x00000000080003c0                _default_exit
 *fill*         0x00000000080003c4        0xc 
 .text.ResetHandler
                0x00000000080003d0      0x100 build/obj/crt0.o
                0x00000000080003d0                ResetHandler
 .text._unhandled_exception
                0x00000000080004d0        0x4 build/obj/vectors.o
                0x00000000080004d0                Vector58
                0x00000000080004d0                VectorE8
                0x00000000080004d0                Vector9C
                0x00000000080004d0                VectorAC
                0x00000000080004d0                Vector1A0
                0x00000000080004d0                Vector5C
                0x00000000080004d0                NMIVector
                0x00000000080004d0                Vector11C
                0x00000000080004d0                Vector19C
                0x00000000080004d0                Vector8C
                0x00000000080004d0                VectorDC
                0x00000000080004d0                Vector168
                0x00000000080004d0                Vector110
                0x00000000080004d0                VectorC8
                0x00000000080004d0                Vector94
                0x00000000080004d0                VectorA8
                0x00000000080004d0                VectorB4
                0x00000000080004d0                Vector160
                0x00000000080004d0                VectorEC
                0x00000000080004d0                UsageFaultVector
                0x00000000080004d0                DebugMonitorVector
                0x00000000080004d0                Vector40
                0x00000000080004d0                VectorF8
                0x00000000080004d0                Vector108
                0x00000000080004d0                VectorBC
                0x00000000080004d0                Vector190
                0x00000000080004d0                Vector148
                0x00000000080004d0                Vector188
                0x00000000080004d0                PendSVVector
                0x00000000080004d0                Vector198
                0x00000000080004d0                Vector118
                0x00000000080004d0                Vector64
                0x00000000080004d0                VectorCC
                0x00000000080004d0                Vector54
                0x00000000080004d0                Vector98
                0x00000000080004d0                VectorD8
                0x00000000080004d0                Vector138
                0x00000000080004d0                Vector24
                0x00000000080004d0                Vector178
                0x00000000080004d0                Vector1A4
                0x00000000080004d0                BusFaultVector
                0x00000000080004d0                VectorD0
                0x00000000080004d0                Vector140
                0x00000000080004d0                VectorE4
                0x00000000080004d0                VectorC0
                0x00000000080004d0                HardFaultVector
                0x00000000080004d0                Vector134
                0x00000000080004d0                VectorF0
                0x00000000080004d0                Vector13C
                0x00000000080004d0                Vector100
                0x00000000080004d0                VectorE0
                0x00000000080004d0                VectorF4
                0x00000000080004d0                MemManageVector
                0x00000000080004d0                VectorA0
                0x00000000080004d0                VectorC4
                0x00000000080004d0                Vector180
                0x00000000080004d0                VectorB0
                0x00000000080004d0                Vector90
                0x00000000080004d0                Vector114
                0x00000000080004d0                Vector164
                0x00000000080004d0                Vector60
                0x00000000080004d0                Vector1C
                0x00000000080004d0                Vector17C
                0x00000000080004d0                Vector48
                0x00000000080004d0                Vector1A8
                0x00000000080004d0                Vector16C
                0x00000000080004d0                Vector4C
                0x00000000080004d0                Vector144
                0x00000000080004d0                Vector15C
                0x00000000080004d0                Vector68
                0x00000000080004d0                _unhandled_exception
                0x00000000080004d0                Vector170
                0x00000000080004d0                Vector104
                0x00000000080004d0                Vector184
                0x00000000080004d0                Vector10C
                0x00000000080004d0                Vector50
                0x00000000080004d0                Vector194
                0x00000000080004d0                Vector44
                0x00000000080004d0                Vector28
                0x00000000080004d0                VectorB8
                0x00000000080004d0                Vector34
                0x00000000080004d0                VectorA4
                0x00000000080004d0                Vector20
                0x00000000080004d0                Vector18C
                0x00000000080004d0                Vector174
 *fill*         0x00000000080004d4        0xc 
 .text.port_halt
                0x00000000080004e0        0x4 build/obj/chcore.o
                0x00000000080004e0                port_halt
 *fill*         0x00000000080004e4        0xc 
 .text._port_switch_from_isr
                0x00000000080004f0       0x10 build/obj/chcore_v7m.o
                0x00000000080004f0                _port_switch_from_isr
 .text.SVCallVector
                0x0000000008000500       0x14 build/obj/chcore_v7m.o
                0x0000000008000500                SVCallVector
 *fill*         0x0000000008000514        0xc 
 .text._port_init
                0x0000000008000520       0x30 build/obj/chcore_v7m.o
                0x0000000008000520                _port_init
 .text._port_irq_epilogue
                0x0000000008000550       0x78 build/obj/chcore_v7m.o
                0x0000000008000550                _port_irq_epilogue
 *fill*         0x00000000080005c8        0x8 
 .text.SysTickVector
                0x00000000080005d0       0x2c build/obj/chcore_v7m.o
                0x00000000080005d0                SysTickVector
 *fill*         0x00000000080005fc        0x4 
 .text._port_switch
                0x0000000008000600       0x10 build/obj/chcore_v7m.o
                0x0000000008000600                _port_switch
 .text._port_thread_start
                0x0000000008000610       0x18 build/obj/chcore_v7m.o
                0x0000000008000610                _port_thread_start
 *fill*         0x0000000008000628        0x8 
 .text.nvicEnableVector
                0x0000000008000630       0x48 build/obj/nvic.o
                0x0000000008000630                nvicEnableVector
 *fill*         0x0000000008000678        0x8 
 .text.nvicSetSystemHandlerPriority
                0x0000000008000680       0x2c build/obj/nvic.o
                0x0000000008000680                nvicSetSystemHandlerPriority
 *fill*         0x00000000080006ac        0x4 
 .text._idle_thread
                0x00000000080006b0       0x14 build/obj/chsys.o
                0x00000000080006b0                _idle_thread
 *fill*         0x00000000080006c4        0xc 
 .text.chSysInit
                0x00000000080006d0       0x70 build/obj/chsys.o
                0x00000000080006d0                chSysInit
 .text.chSysTimerHandlerI
                0x0000000008000740       0x68 build/obj/chsys.o
                0x0000000008000740                chSysTimerHandlerI
 *fill*         0x00000000080007a8        0x8 
 .text.dbg_check_enable
                0x00000000080007b0       0x28 build/obj/chdebug.o
                0x00000000080007b0                dbg_check_enable
 *fill*         0x00000000080007d8        0x8 
 .text.dbg_check_lock
                0x00000000080007e0       0x30 build/obj/chdebug.o
                0x00000000080007e0                dbg_check_lock
 .text.dbg_check_unlock
                0x0000000008000810       0x38 build/obj/chdebug.o
                0x0000000008000810                dbg_check_unlock
 *fill*         0x0000000008000848        0x8 
 .text.dbg_check_lock_from_isr
                0x0000000008000850       0x30 build/obj/chdebug.o
                0x0000000008000850                dbg_check_lock_from_isr
 .text.dbg_check_unlock_from_isr
                0x0000000008000880       0x38 build/obj/chdebug.o
                0x0000000008000880                dbg_check_unlock_from_isr
 *fill*         0x00000000080008b8        0x8 
 .text.dbg_check_enter_isr
                0x00000000080008c0       0x40 build/obj/chdebug.o
                0x00000000080008c0                dbg_check_enter_isr
 .text.dbg_check_leave_isr
                0x0000000008000900       0x40 build/obj/chdebug.o
                0x0000000008000900                dbg_check_leave_isr
 .text.chDbgCheckClassI
                0x0000000008000940       0x2c build/obj/chdebug.o
                0x0000000008000940                chDbgCheckClassI
 *fill*         0x000000000800096c        0x4 
 .text.chDbgCheckClassS
                0x0000000008000970       0x2c build/obj/chdebug.o
                0x0000000008000970                chDbgCheckClassS
 *fill*         0x000000000800099c        0x4 
 .text._trace_init
                0x00000000080009a0       0x14 build/obj/chdebug.o
                0x00000000080009a0                _trace_init
 *fill*         0x00000000080009b4        0xc 
 .text.dbg_trace
                0x00000000080009c0       0x40 build/obj/chdebug.o
                0x00000000080009c0                dbg_trace
 .text.chDbgPanic
                0x0000000008000a00        0xc build/obj/chdebug.o
                0x0000000008000a00                chDbgPanic
 *fill*         0x0000000008000a0c        0x4 
 .text._vt_init
                0x0000000008000a10       0x18 build/obj/chvt.o
                0x0000000008000a10                _vt_init
 *fill*         0x0000000008000a28        0x8 
 .text.chVTSetI
                0x0000000008000a30       0x54 build/obj/chvt.o
                0x0000000008000a30                chVTSetI
 *fill*         0x0000000008000a84        0xc 
 .text.chVTResetI
                0x0000000008000a90       0x48 build/obj/chvt.o
                0x0000000008000a90                chVTResetI
 *fill*         0x0000000008000ad8        0x8 
 .text._scheduler_init
                0x0000000008000ae0       0x14 build/obj/chschd.o
                0x0000000008000ae0                _scheduler_init
 *fill*         0x0000000008000af4        0xc 
 .text.chSchReadyI
                0x0000000008000b00       0x44 build/obj/chschd.o
                0x0000000008000b00                chSchReadyI
 *fill*         0x0000000008000b44        0xc 
 .text.wakeup   0x0000000008000b50       0x54 build/obj/chschd.o
 *fill*         0x0000000008000ba4        0xc 
 .text.chSchGoSleepS
                0x0000000008000bb0       0x50 build/obj/chschd.o
                0x0000000008000bb0                chSchGoSleepS
 .text.chSchGoSleepTimeoutS
                0x0000000008000c00       0x50 build/obj/chschd.o
                0x0000000008000c00                chSchGoSleepTimeoutS
 .text.chSchWakeupS
                0x0000000008000c50       0x64 build/obj/chschd.o
                0x0000000008000c50                chSchWakeupS
 *fill*         0x0000000008000cb4        0xc 
 .text.chSchDoRescheduleBehind
                0x0000000008000cc0       0x4c build/obj/chschd.o
                0x0000000008000cc0                chSchDoRescheduleBehind
 *fill*         0x0000000008000d0c        0x4 
 .text.chSchDoRescheduleAhead
                0x0000000008000d10       0x60 build/obj/chschd.o
                0x0000000008000d10                chSchDoRescheduleAhead
 .text.chSchRescheduleS
                0x0000000008000d70       0x24 build/obj/chschd.o
                0x0000000008000d70                chSchRescheduleS
 *fill*         0x0000000008000d94        0xc 
 .text.chSchDoReschedule
                0x0000000008000da0       0x18 build/obj/chschd.o
                0x0000000008000da0                chSchDoReschedule
 *fill*         0x0000000008000db8        0x8 
 .text._thread_init
                0x0000000008000dc0       0x58 build/obj/chthreads.o
                0x0000000008000dc0                _thread_init
 *fill*         0x0000000008000e18        0x8 
 .text._thread_memfill
                0x0000000008000e20       0x10 build/obj/chthreads.o
                0x0000000008000e20                _thread_memfill
 .text.chThdCreateI
                0x0000000008000e30       0xa4 build/obj/chthreads.o
                0x0000000008000e30                chThdCreateI
 *fill*         0x0000000008000ed4        0xc 
 .text.chThdCreateStatic
                0x0000000008000ee0       0x64 build/obj/chthreads.o
                0x0000000008000ee0                chThdCreateStatic
 *fill*         0x0000000008000f44        0xc 
 .text.chThdSleep
                0x0000000008000f50       0x30 build/obj/chthreads.o
                0x0000000008000f50                chThdSleep
 .text.chThdExitS
                0x0000000008000f80       0x4c build/obj/chthreads.o
                0x0000000008000f80                chThdExitS
 *fill*         0x0000000008000fcc        0x4 
 .text.chThdExit
                0x0000000008000fd0       0x18 build/obj/chthreads.o
                0x0000000008000fd0                chThdExit
 *fill*         0x0000000008000fe8        0x8 
 .text.chMtxInit
                0x0000000008000ff0       0x1c build/obj/chmtx.o
                0x0000000008000ff0                chMtxInit
 *fill*         0x000000000800100c        0x4 
 .text.chEvtSignalI
                0x0000000008001010       0x4c build/obj/chevents.o
                0x0000000008001010                chEvtSignalI
 *fill*         0x000000000800105c        0x4 
 .text.chEvtBroadcastFlagsI
                0x0000000008001060       0x34 build/obj/chevents.o
                0x0000000008001060                chEvtBroadcastFlagsI
 *fill*         0x0000000008001094        0xc 
 .text.qwait    0x00000000080010a0       0x2c build/obj/chqueues.o
 *fill*         0x00000000080010cc        0x4 
 .text.chIQInit
                0x00000000080010d0       0x20 build/obj/chqueues.o
                0x00000000080010d0                chIQInit
 .text.chIQResetI
                0x00000000080010f0       0x30 build/obj/chqueues.o
                0x00000000080010f0                chIQResetI
 .text.chIQPutI
                0x0000000008001120       0x58 build/obj/chqueues.o
                0x0000000008001120                chIQPutI
 *fill*         0x0000000008001178        0x8 
 .text.chIQGetTimeout
                0x0000000008001180       0x64 build/obj/chqueues.o
                0x0000000008001180                chIQGetTimeout
 *fill*         0x00000000080011e4        0xc 
 .text.chIQReadTimeout
                0x00000000080011f0       0x90 build/obj/chqueues.o
                0x00000000080011f0                chIQReadTimeout
 .text.chOQInit
                0x0000000008001280       0x1c build/obj/chqueues.o
                0x0000000008001280                chOQInit
 *fill*         0x000000000800129c        0x4 
 .text.chOQResetI
                0x00000000080012a0       0x34 build/obj/chqueues.o
                0x00000000080012a0                chOQResetI
 *fill*         0x00000000080012d4        0xc 
 .text.chOQPutTimeout
                0x00000000080012e0       0x6c build/obj/chqueues.o
                0x00000000080012e0                chOQPutTimeout
 *fill*         0x000000000800134c        0x4 
 .text.chOQGetI
                0x0000000008001350       0x4c build/obj/chqueues.o
                0x0000000008001350                chOQGetI
 *fill*         0x000000000800139c        0x4 
 .text.chOQWriteTimeout
                0x00000000080013a0       0xa4 build/obj/chqueues.o
                0x00000000080013a0                chOQWriteTimeout
 *fill*         0x0000000008001444        0xc 
 .text._core_init
                0x0000000008001450       0x28 build/obj/chmemcore.o
                0x0000000008001450                _core_init
 *fill*         0x0000000008001478        0x8 
 .text.chCoreAllocI
                0x0000000008001480       0x2c build/obj/chmemcore.o
                0x0000000008001480                chCoreAllocI
 *fill*         0x00000000080014ac        0x4 
 .text.chCoreAlloc
                0x00000000080014b0       0x24 build/obj/chmemcore.o
                0x00000000080014b0                chCoreAlloc
 *fill*         0x00000000080014d4        0xc 
 .text._heap_init
                0x00000000080014e0       0x1c build/obj/chheap.o
                0x00000000080014e0                _heap_init
 *fill*         0x00000000080014fc        0x4 
 .text.halInit  0x0000000008001500       0x2c build/obj/hal.o
                0x0000000008001500                halInit
 *fill*         0x000000000800152c        0x4 
 .text.halPolledDelay
                0x0000000008001530       0x28 build/obj/hal.o
                0x0000000008001530                halPolledDelay
 *fill*         0x0000000008001558        0x8 
 .text.adcInit  0x0000000008001560        0x4 build/obj/adc.o
                0x0000000008001560                adcInit
 *fill*         0x0000000008001564        0xc 
 .text.adcObjectInit
                0x0000000008001570       0x18 build/obj/adc.o
                0x0000000008001570                adcObjectInit
 *fill*         0x0000000008001588        0x8 
 .text.adcStart
                0x0000000008001590       0x48 build/obj/adc.o
                0x0000000008001590                adcStart
 *fill*         0x00000000080015d8        0x8 
 .text.adcStartConversionI
                0x00000000080015e0       0x54 build/obj/adc.o
                0x00000000080015e0                adcStartConversionI
 *fill*         0x0000000008001634        0xc 
 .text.adcConvert
                0x0000000008001640       0x54 build/obj/adc.o
                0x0000000008001640                adcConvert
 *fill*         0x0000000008001694        0xc 
 .text.readt    0x00000000080016a0        0x8 build/obj/serial.o
 *fill*         0x00000000080016a8        0x8 
 .text.read     0x00000000080016b0        0xc build/obj/serial.o
 *fill*         0x00000000080016bc        0x4 
 .text.writet   0x00000000080016c0        0x8 build/obj/serial.o
 *fill*         0x00000000080016c8        0x8 
 .text.write    0x00000000080016d0        0xc build/obj/serial.o
 *fill*         0x00000000080016dc        0x4 
 .text.gett     0x00000000080016e0        0x8 build/obj/serial.o
 *fill*         0x00000000080016e8        0x8 
 .text.get      0x00000000080016f0        0xc build/obj/serial.o
 *fill*         0x00000000080016fc        0x4 
 .text.putt     0x0000000008001700        0x8 build/obj/serial.o
 *fill*         0x0000000008001708        0x8 
 .text.put      0x0000000008001710        0xc build/obj/serial.o
 *fill*         0x000000000800171c        0x4 
 .text.sdInit   0x0000000008001720        0x4 build/obj/serial.o
                0x0000000008001720                sdInit
 *fill*         0x0000000008001724        0xc 
 .text.sdObjectInit
                0x0000000008001730       0x40 build/obj/serial.o
                0x0000000008001730                sdObjectInit
 .text.sdIncomingDataI
                0x0000000008001770       0x50 build/obj/serial.o
                0x0000000008001770                sdIncomingDataI
 .text.onotify  0x00000000080017c0       0x68 build/obj/serial_usb.o
 *fill*         0x0000000008001828        0x8 
 .text.inotify  0x0000000008001830       0x78 build/obj/serial_usb.o
 *fill*         0x00000000080018a8        0x8 
 .text.readt    0x00000000080018b0        0x8 build/obj/serial_usb.o
 *fill*         0x00000000080018b8        0x8 
 .text.read     0x00000000080018c0        0xc build/obj/serial_usb.o
 *fill*         0x00000000080018cc        0x4 
 .text.writet   0x00000000080018d0        0x8 build/obj/serial_usb.o
 *fill*         0x00000000080018d8        0x8 
 .text.write    0x00000000080018e0        0xc build/obj/serial_usb.o
 *fill*         0x00000000080018ec        0x4 
 .text.gett     0x00000000080018f0        0x8 build/obj/serial_usb.o
 *fill*         0x00000000080018f8        0x8 
 .text.get      0x0000000008001900        0xc build/obj/serial_usb.o
 *fill*         0x000000000800190c        0x4 
 .text.putt     0x0000000008001910        0x8 build/obj/serial_usb.o
 *fill*         0x0000000008001918        0x8 
 .text.put      0x0000000008001920        0xc build/obj/serial_usb.o
 *fill*         0x000000000800192c        0x4 
 .text.sduInit  0x0000000008001930        0x4 build/obj/serial_usb.o
                0x0000000008001930                sduInit
 *fill*         0x0000000008001934        0xc 
 .text.sduObjectInit
                0x0000000008001940       0x4c build/obj/serial_usb.o
                0x0000000008001940                sduObjectInit
 *fill*         0x000000000800198c        0x4 
 .text.sduStart
                0x0000000008001990       0x60 build/obj/serial_usb.o
                0x0000000008001990                sduStart
 .text.sduConfigureHookI
                0x00000000080019f0       0x4c build/obj/serial_usb.o
                0x00000000080019f0                sduConfigureHookI
 *fill*         0x0000000008001a3c        0x4 
 .text.sduRequestsHook
                0x0000000008001a40       0x40 build/obj/serial_usb.o
                0x0000000008001a40                sduRequestsHook
 .text.sduDataTransmitted
                0x0000000008001a80       0x8c build/obj/serial_usb.o
                0x0000000008001a80                sduDataTransmitted
 *fill*         0x0000000008001b0c        0x4 
 .text.sduDataReceived
                0x0000000008001b10       0x78 build/obj/serial_usb.o
                0x0000000008001b10                sduDataReceived
 *fill*         0x0000000008001b88        0x8 
 .text.sduInterruptTransmitted
                0x0000000008001b90        0x4 build/obj/serial_usb.o
                0x0000000008001b90                sduInterruptTransmitted
 *fill*         0x0000000008001b94        0xc 
 .text.tm_start
                0x0000000008001ba0        0xc build/obj/tm.o
 *fill*         0x0000000008001bac        0x4 
 .text.tm_stop  0x0000000008001bb0       0x38 build/obj/tm.o
 *fill*         0x0000000008001be8        0x8 
 .text.tmInit   0x0000000008001bf0       0x40 build/obj/tm.o
                0x0000000008001bf0                tmInit
 .text.usbInit  0x0000000008001c30        0x4 build/obj/usb.o
                0x0000000008001c30                usbInit
 *fill*         0x0000000008001c34        0xc 
 .text.usbObjectInit
                0x0000000008001c40       0x1c build/obj/usb.o
                0x0000000008001c40                usbObjectInit
 *fill*         0x0000000008001c5c        0x4 
 .text.usbStart
                0x0000000008001c60       0x54 build/obj/usb.o
                0x0000000008001c60                usbStart
 *fill*         0x0000000008001cb4        0xc 
 .text.usbInitEndpointI
                0x0000000008001cc0       0x64 build/obj/usb.o
                0x0000000008001cc0                usbInitEndpointI
 *fill*         0x0000000008001d24        0xc 
 .text.usbPrepareQueuedReceive
                0x0000000008001d30       0x1c build/obj/usb.o
                0x0000000008001d30                usbPrepareQueuedReceive
 *fill*         0x0000000008001d4c        0x4 
 .text.usbPrepareQueuedTransmit
                0x0000000008001d50       0x1c build/obj/usb.o
                0x0000000008001d50                usbPrepareQueuedTransmit
 *fill*         0x0000000008001d6c        0x4 
 .text.usbStartReceiveI
                0x0000000008001d70       0x3c build/obj/usb.o
                0x0000000008001d70                usbStartReceiveI
 *fill*         0x0000000008001dac        0x4 
 .text.usbStartTransmitI
                0x0000000008001db0       0x3c build/obj/usb.o
                0x0000000008001db0                usbStartTransmitI
 *fill*         0x0000000008001dec        0x4 
 .text._usb_reset
                0x0000000008001df0       0x28 build/obj/usb.o
                0x0000000008001df0                _usb_reset
 *fill*         0x0000000008001e18        0x8 
 .text._usb_ep0setup
                0x0000000008001e20      0x374 build/obj/usb.o
                0x0000000008001e20                _usb_ep0setup
 *fill*         0x0000000008002194        0xc 
 .text._usb_ep0in
                0x00000000080021a0       0xd4 build/obj/usb.o
                0x00000000080021a0                _usb_ep0in
 *fill*         0x0000000008002274        0xc 
 .text._usb_ep0out
                0x0000000008002280       0x84 build/obj/usb.o
                0x0000000008002280                _usb_ep0out
 *fill*         0x0000000008002304        0xc 
 .text.Vector6C
                0x0000000008002310       0x30 build/obj/stm32_dma.o
                0x0000000008002310                Vector6C
 .text.Vector70
                0x0000000008002340       0x34 build/obj/stm32_dma.o
                0x0000000008002340                Vector70
 *fill*         0x0000000008002374        0xc 
 .text.Vector74
                0x0000000008002380       0x34 build/obj/stm32_dma.o
                0x0000000008002380                Vector74
 *fill*         0x00000000080023b4        0xc 
 .text.Vector78
                0x00000000080023c0       0x34 build/obj/stm32_dma.o
                0x00000000080023c0                Vector78
 *fill*         0x00000000080023f4        0xc 
 .text.Vector7C
                0x0000000008002400       0x30 build/obj/stm32_dma.o
                0x0000000008002400                Vector7C
 .text.Vector80
                0x0000000008002430       0x34 build/obj/stm32_dma.o
                0x0000000008002430                Vector80
 *fill*         0x0000000008002464        0xc 
 .text.Vector84
                0x0000000008002470       0x34 build/obj/stm32_dma.o
                0x0000000008002470                Vector84
 *fill*         0x00000000080024a4        0xc 
 .text.VectorFC
                0x00000000080024b0       0x34 build/obj/stm32_dma.o
                0x00000000080024b0                VectorFC
 *fill*         0x00000000080024e4        0xc 
 .text.Vector120
                0x00000000080024f0       0x30 build/obj/stm32_dma.o
                0x00000000080024f0                Vector120
 .text.Vector124
                0x0000000008002520       0x34 build/obj/stm32_dma.o
                0x0000000008002520                Vector124
 *fill*         0x0000000008002554        0xc 
 .text.Vector128
                0x0000000008002560       0x34 build/obj/stm32_dma.o
                0x0000000008002560                Vector128
 *fill*         0x0000000008002594        0xc 
 .text.Vector12C
                0x00000000080025a0       0x34 build/obj/stm32_dma.o
                0x00000000080025a0                Vector12C
 *fill*         0x00000000080025d4        0xc 
 .text.Vector130
                0x00000000080025e0       0x30 build/obj/stm32_dma.o
                0x00000000080025e0                Vector130
 .text.Vector150
                0x0000000008002610       0x34 build/obj/stm32_dma.o
                0x0000000008002610                Vector150
 *fill*         0x0000000008002644        0xc 
 .text.Vector154
                0x0000000008002650       0x34 build/obj/stm32_dma.o
                0x0000000008002650                Vector154
 *fill*         0x0000000008002684        0xc 
 .text.Vector158
                0x0000000008002690       0x34 build/obj/stm32_dma.o
                0x0000000008002690                Vector158
 *fill*         0x00000000080026c4        0xc 
 .text.dmaInit  0x00000000080026d0       0x4c build/obj/stm32_dma.o
                0x00000000080026d0                dmaInit
 *fill*         0x000000000800271c        0x4 
 .text.dmaStreamAllocate
                0x0000000008002720       0xac build/obj/stm32_dma.o
                0x0000000008002720                dmaStreamAllocate
 *fill*         0x00000000080027cc        0x4 
 .text.hal_lld_init
                0x00000000080027d0       0x9c build/obj/hal_lld.o
                0x00000000080027d0                hal_lld_init
 *fill*         0x000000000800286c        0x4 
 .text.stm32_clock_init
                0x0000000008002870       0xc0 build/obj/hal_lld.o
                0x0000000008002870                stm32_clock_init
 .text.adc_lld_init
                0x0000000008002930       0x34 build/obj/adc_lld.o
                0x0000000008002930                adc_lld_init
 *fill*         0x0000000008002964        0xc 
 .text.adc_lld_start
                0x0000000008002970       0x70 build/obj/adc_lld.o
                0x0000000008002970                adc_lld_start
 .text.adc_lld_start_conversion
                0x00000000080029e0       0x84 build/obj/adc_lld.o
                0x00000000080029e0                adc_lld_start_conversion
 *fill*         0x0000000008002a64        0xc 
 .text.adc_lld_stop_conversion
                0x0000000008002a70       0x30 build/obj/adc_lld.o
                0x0000000008002a70                adc_lld_stop_conversion
 .text.Vector88
                0x0000000008002aa0       0x80 build/obj/adc_lld.o
                0x0000000008002aa0                Vector88
 .text.adc_lld_serve_rx_interrupt
                0x0000000008002b20       0xe8 build/obj/adc_lld.o
 *fill*         0x0000000008002c08        0x8 
 .text.adcSTM32EnableTSVREFE
                0x0000000008002c10       0x10 build/obj/adc_lld.o
                0x0000000008002c10                adcSTM32EnableTSVREFE
 .text._pal_lld_init
                0x0000000008002c20      0x1cc build/obj/pal_lld.o
                0x0000000008002c20                _pal_lld_init
 *fill*         0x0000000008002dec        0x4 
 .text._pal_lld_setgroupmode
                0x0000000008002df0       0xac build/obj/pal_lld.o
                0x0000000008002df0                _pal_lld_setgroupmode
 *fill*         0x0000000008002e9c        0x4 
 .text.usb_lld_pump
                0x0000000008002ea0      0x378 build/obj/usb_lld.o
 *fill*         0x0000000008003218        0x8 
 .text.otg_disable_ep.isra.0
                0x0000000008003220       0x74 build/obj/usb_lld.o
 *fill*         0x0000000008003294        0xc 
 .text.otg_epout_handler.constprop.8
                0x00000000080032a0       0x68 build/obj/usb_lld.o
 *fill*         0x0000000008003308        0x8 
 .text.usb_lld_init
                0x0000000008003310       0x44 build/obj/usb_lld.o
                0x0000000008003310                usb_lld_init
 *fill*         0x0000000008003354        0xc 
 .text.usb_lld_start
                0x0000000008003360       0xe0 build/obj/usb_lld.o
                0x0000000008003360                usb_lld_start
 .text.usb_lld_reset
                0x0000000008003440       0xd4 build/obj/usb_lld.o
                0x0000000008003440                usb_lld_reset
 *fill*         0x0000000008003514        0xc 
 .text.usb_lld_set_address
                0x0000000008003520       0x18 build/obj/usb_lld.o
                0x0000000008003520                usb_lld_set_address
 *fill*         0x0000000008003538        0x8 
 .text.usb_lld_init_endpoint
                0x0000000008003540      0x18c build/obj/usb_lld.o
                0x0000000008003540                usb_lld_init_endpoint
 *fill*         0x00000000080036cc        0x4 
 .text.usb_lld_get_status_out
                0x00000000080036d0       0x1c build/obj/usb_lld.o
                0x00000000080036d0                usb_lld_get_status_out
 *fill*         0x00000000080036ec        0x4 
 .text.usb_lld_get_status_in
                0x00000000080036f0       0x1c build/obj/usb_lld.o
                0x00000000080036f0                usb_lld_get_status_in
 *fill*         0x000000000800370c        0x4 
 .text.usb_lld_read_setup
                0x0000000008003710       0x14 build/obj/usb_lld.o
                0x0000000008003710                usb_lld_read_setup
 *fill*         0x0000000008003724        0xc 
 .text.usb_lld_prepare_receive
                0x0000000008003730       0x30 build/obj/usb_lld.o
                0x0000000008003730                usb_lld_prepare_receive
 .text.usb_lld_prepare_transmit
                0x0000000008003760       0x50 build/obj/usb_lld.o
                0x0000000008003760                usb_lld_prepare_transmit
 .text.otg_epin_handler.constprop.9
                0x00000000080037b0       0xe4 build/obj/usb_lld.o
 *fill*         0x0000000008003894        0xc 
 .text.Vector14C
                0x00000000080038a0      0x108 build/obj/usb_lld.o
                0x00000000080038a0                Vector14C
 *fill*         0x00000000080039a8        0x8 
 .text.usb_lld_start_out
                0x00000000080039b0       0x14 build/obj/usb_lld.o
                0x00000000080039b0                usb_lld_start_out
 *fill*         0x00000000080039c4        0xc 
 .text.usb_lld_start_in
                0x00000000080039d0       0x28 build/obj/usb_lld.o
                0x00000000080039d0                usb_lld_start_in
 *fill*         0x00000000080039f8        0x8 
 .text.usb_lld_stall_out
                0x0000000008003a00       0x14 build/obj/usb_lld.o
                0x0000000008003a00                usb_lld_stall_out
 *fill*         0x0000000008003a14        0xc 
 .text.usb_lld_stall_in
                0x0000000008003a20       0x14 build/obj/usb_lld.o
                0x0000000008003a20                usb_lld_stall_in
 *fill*         0x0000000008003a34        0xc 
 .text.usb_lld_clear_out
                0x0000000008003a40       0x14 build/obj/usb_lld.o
                0x0000000008003a40                usb_lld_clear_out
 *fill*         0x0000000008003a54        0xc 
 .text.usb_lld_clear_in
                0x0000000008003a60       0x14 build/obj/usb_lld.o
                0x0000000008003a60                usb_lld_clear_in
 *fill*         0x0000000008003a74        0xc 
 .text.notify1  0x0000000008003a80       0x14 build/obj/serial_lld.o
 *fill*         0x0000000008003a94        0xc 
 .text.VectorD4
                0x0000000008003aa0      0x13c build/obj/serial_lld.o
                0x0000000008003aa0                VectorD4
 *fill*         0x0000000008003bdc        0x4 
 .text.sd_lld_init
                0x0000000008003be0       0x20 build/obj/serial_lld.o
                0x0000000008003be0                sd_lld_init
 .text.__early_init
                0x0000000008003c00        0x4 build/obj/board.o
                0x0000000008003c00                __early_init
 *fill*         0x0000000008003c04        0xc 
 .text.boardInit
                0x0000000008003c10        0x4 build/obj/board.o
                0x0000000008003c10                boardInit
 *fill*         0x0000000008003c14        0xc 
 .text.get_descriptor
                0x0000000008003c20       0x30 build/obj/USB.o
 .text.usb_event
                0x0000000008003c50       0x48 build/obj/USB.o
 *fill*         0x0000000008003c98        0x8 
 .text.isUSBActive
                0x0000000008003ca0       0x1c build/obj/USB.o
                0x0000000008003ca0                isUSBActive
 *fill*         0x0000000008003cbc        0x4 
 .text.initializeUSB
                0x0000000008003cc0       0x4c build/obj/USB.o
                0x0000000008003cc0                initializeUSB
 *fill*         0x0000000008003d0c        0x4 
 .text.adccb    0x0000000008003d10        0x4 build/obj/main.o
 *fill*         0x0000000008003d14        0xc 
 .text.writeLedThread
                0x0000000008003d20       0x4c build/obj/main.o
 *fill*         0x0000000008003d6c        0x4 
 .text.adcSampleThread
                0x0000000008003d70       0x2c build/obj/main.o
 *fill*         0x0000000008003d9c        0x4 
 .text.writeThread
                0x0000000008003da0       0xa8 build/obj/main.o
 *fill*         0x0000000008003e48        0x8 
 .text.decodeNextNetstring.part.0
                0x0000000008003e50       0x74 build/obj/main.o
 *fill*         0x0000000008003ec4        0xc 
 .text.consumeNetstrings
                0x0000000008003ed0       0x24 build/obj/main.o
                0x0000000008003ed0                consumeNetstrings
 *fill*         0x0000000008003ef4        0xc 
 .text.readThread
                0x0000000008003f00       0x64 build/obj/main.o
 *fill*         0x0000000008003f64        0xc 
 .text.__itoa   0x0000000008003f70       0x30 /usr/lib/gcc/arm-none-eabi/4.9.3/../../../arm-none-eabi/lib/armv7e-m/libg.a(lib_a-itoa.o)
                0x0000000008003f70                __itoa
 .text.itoa     0x0000000008003fa0        0x4 /usr/lib/gcc/arm-none-eabi/4.9.3/../../../arm-none-eabi/lib/armv7e-m/libg.a(lib_a-itoa.o)
                0x0000000008003fa0                itoa
 *fill*         0x0000000008003fa4        0xc 
 .text.memmove  0x0000000008003fb0       0xc8 /usr/lib/gcc/arm-none-eabi/4.9.3/../../../arm-none-eabi/lib/armv7e-m/libg.a(lib_a-memmove.o)
                0x0000000008003fb0                memmove
 *fill*         0x0000000008004078        0x8 
 .text.memset   0x0000000008004080       0x9c /usr/lib/gcc/arm-none-eabi/4.9.3/../../../arm-none-eabi/lib/armv7e-m/libg.a(lib_a-memset.o)
                0x0000000008004080                memset
 *fill*         0x000000000800411c        0x4 
 .text._strtol_r
                0x0000000008004120      0x11c /usr/lib/gcc/arm-none-eabi/4.9.3/../../../arm-none-eabi/lib/armv7e-m/libg.a(lib_a-strtol.o)
                0x0000000008004120                _strtol_r
 *fill*         0x000000000800423c        0x4 
 .text.strtol   0x0000000008004240       0x18 /usr/lib/gcc/arm-none-eabi/4.9.3/../../../arm-none-eabi/lib/armv7e-m/libg.a(lib_a-strtol.o)
                0x0000000008004240                strtol
 *fill*         0x0000000008004258        0x8 
 .text.__utoa   0x0000000008004260       0x80 /usr/lib/gcc/arm-none-eabi/4.9.3/../../../arm-none-eabi/lib/armv7e-m/libg.a(lib_a-utoa.o)
                0x0000000008004260                __utoa
 *(.rodata)
 .rodata        0x00000000080042e0        0xa build/obj/main.o
 *(.rodata.*)
 *fill*         0x00000000080042ea        0x6 
 .rodata.str1.4
                0x00000000080042f0        0x5 build/obj/chsys.o
 *fill*         0x00000000080042f5        0xb 
 .rodata.str1.4
                0x0000000008004300       0x56 build/obj/chdebug.o
 *fill*         0x0000000008004356        0xa 
 .rodata.str1.4
                0x0000000008004360       0x31 build/obj/chvt.o
 *fill*         0x0000000008004391        0xf 
 .rodata.str1.4
                0x00000000080043a0       0x23 build/obj/chschd.o
 *fill*         0x00000000080043c3        0xd 
 .rodata.str1.4
                0x00000000080043d0       0x94 build/obj/chthreads.o
 *fill*         0x0000000008004464        0xc 
 .rodata.ch_debug
                0x0000000008004470       0x16 build/obj/chregistry.o
                0x0000000008004470                ch_debug
 *fill*         0x0000000008004486        0xa 
 .rodata.str1.4
                0x0000000008004490       0xab build/obj/chmtx.o
 *fill*         0x000000000800453b        0x5 
 .rodata.str1.4
                0x0000000008004540       0x90 build/obj/chevents.o
 .rodata.str1.4
                0x00000000080045d0       0x29 build/obj/chqueues.o
 *fill*         0x00000000080045f9        0x7 
 .rodata.str1.4
                0x0000000008004600      0x10e build/obj/adc.o
 *fill*         0x000000000800470e        0x2 
 .rodata.str1.4
                0x0000000008004710       0x5f build/obj/serial.o
 *fill*         0x000000000800476f        0x1 
 .rodata.vmt    0x0000000008004770       0x20 build/obj/serial.o
 .rodata.str1.4
                0x0000000008004790       0x2e build/obj/serial_usb.o
 *fill*         0x00000000080047be        0x2 
 .rodata.vmt    0x00000000080047c0       0x20 build/obj/serial_usb.o
 .rodata.zero_status
                0x00000000080047e0        0x2 build/obj/usb.o
 *fill*         0x00000000080047e2        0xe 
 .rodata.active_status
                0x00000000080047f0        0x2 build/obj/usb.o
 *fill*         0x00000000080047f2        0xe 
 .rodata.str1.4
                0x0000000008004800      0x122 build/obj/usb.o
 *fill*         0x0000000008004922        0xe 
 .rodata.halted_status
                0x0000000008004930        0x2 build/obj/usb.o
 *fill*         0x0000000008004932        0xe 
 .rodata.str1.4
                0x0000000008004940       0x47 build/obj/stm32_dma.o
 *fill*         0x0000000008004987        0x9 
 .rodata._stm32_dma_streams
                0x0000000008004990       0xc0 build/obj/stm32_dma.o
                0x0000000008004990                _stm32_dma_streams
 .rodata.str1.4
                0x0000000008004a50       0x14 build/obj/adc_lld.o
 *fill*         0x0000000008004a64        0xc 
 .rodata.fsparams
                0x0000000008004a70        0xc build/obj/usb_lld.o
 *fill*         0x0000000008004a7c        0x4 
 .rodata.str1.4
                0x0000000008004a80       0x25 build/obj/usb_lld.o
 *fill*         0x0000000008004aa5        0xb 
 .rodata.ep0config
                0x0000000008004ab0       0x24 build/obj/usb_lld.o
 *fill*         0x0000000008004ad4        0xc 
 .rodata.pal_default_config
                0x0000000008004ae0       0xfc build/obj/board.o
                0x0000000008004ae0                pal_default_config
 *fill*         0x0000000008004bdc        0x4 
 .rodata.ep1config
                0x0000000008004be0       0x24 build/obj/USB.o
 *fill*         0x0000000008004c04        0xc 
 .rodata.vcom_configuration_descriptor
                0x0000000008004c10        0x8 build/obj/USB.o
 *fill*         0x0000000008004c18        0x8 
 .rodata.ep2config
                0x0000000008004c20       0x24 build/obj/USB.o
 *fill*         0x0000000008004c44        0xc 
 .rodata.usbcfg
                0x0000000008004c50       0x10 build/obj/USB.o
 .rodata.vcom_configuration_descriptor_data
                0x0000000008004c60       0x43 build/obj/USB.o
 *fill*         0x0000000008004ca3        0xd 
 .rodata.vcom_device_descriptor_data
                0x0000000008004cb0       0x12 build/obj/USB.o
 *fill*         0x0000000008004cc2        0xe 
 .rodata.vcom_string0
                0x0000000008004cd0        0x4 build/obj/USB.o
 *fill*         0x0000000008004cd4        0xc 
 .rodata.vcom_string1
                0x0000000008004ce0       0x26 build/obj/USB.o
 *fill*         0x0000000008004d06        0xa 
 .rodata.vcom_string2
                0x0000000008004d10       0x38 build/obj/USB.o
 *fill*         0x0000000008004d48        0x8 
 .rodata.vcom_string3
                0x0000000008004d50        0x8 build/obj/USB.o
 *fill*         0x0000000008004d58        0x8 
 .rodata.vcom_strings
                0x0000000008004d60       0x20 build/obj/USB.o
 .rodata.serusbcfg
                0x0000000008004d80        0x8 build/obj/USB.o
 *fill*         0x0000000008004d88        0x8 
 .rodata.vcom_device_descriptor
                0x0000000008004d90        0x8 build/obj/USB.o
 *fill*         0x0000000008004d98        0x8 
 .rodata.str1.4
                0x0000000008004da0       0x38 build/obj/main.o
 *fill*         0x0000000008004dd8        0x8 
 .rodata.adcgrpcfg
                0x0000000008004de0       0x28 build/obj/main.o
 *fill*         0x0000000008004e08        0x8 
 .rodata.str1.4
                0x0000000008004e10       0x25 /usr/lib/gcc/arm-none-eabi/4.9.3/../../../arm-none-eabi/lib/armv7e-m/libg.a(lib_a-utoa.o)
                                         0x28 (size before relaxing)
 *fill*         0x0000000008004e35        0xb 
 .rodata._ctype_
                0x0000000008004e40      0x104 /usr/lib/gcc/arm-none-eabi/4.9.3/../../../arm-none-eabi/lib/armv7e-m/libg.a(lib_a-ctype_.o)
                0x0000000008004e40                _ctype_
 *fill*         0x0000000008004f44        0xc 
 .rodata.str1.4
                0x0000000008004f50        0x4 /usr/lib/gcc/arm-none-eabi/4.9.3/../../../arm-none-eabi/lib/armv7e-m/libg.a(lib_a-impure.o)
 *(.glue_7t)
 .glue_7t       0x0000000008004f54        0x0 linker stubs
 *(.glue_7)
 .glue_7        0x0000000008004f54        0x0 linker stubs
 *(.gcc*)

.vfp11_veneer   0x0000000008004f54        0x0
 .vfp11_veneer  0x0000000008004f54        0x0 linker stubs

.v4_bx          0x0000000008004f54        0x0
 .v4_bx         0x0000000008004f54        0x0 linker stubs

.iplt           0x0000000008004f54        0x0
 .iplt          0x0000000008004f54        0x0 build/obj/crt0.o

.rel.dyn        0x0000000008004f54        0x0
 .rel.iplt      0x0000000008004f54        0x0 build/obj/crt0.o

.ARM.extab
 *(.ARM.extab* .gnu.linkonce.armextab.*)

.ARM.exidx      0x0000000008004f54        0x0
                [!provide]                        PROVIDE (__exidx_start, .)
 *(.ARM.exidx* .gnu.linkonce.armexidx.*)
                [!provide]                        PROVIDE (__exidx_end, .)

.eh_frame_hdr
 *(.eh_frame_hdr)

.eh_frame
 *(.eh_frame)

.textalign      0x0000000008004f54        0x4
                0x0000000008004f58                . = ALIGN (0x8)
 *fill*         0x0000000008004f54        0x4 
                0x0000000008004f58                . = ALIGN (0x4)
                0x0000000008004f58                _etext = .
                0x0000000008004f58                _textdata = _etext

.stacks         0x0000000020000000      0x800
                0x0000000020000000                . = ALIGN (0x8)
                0x0000000020000000                __main_stack_base__ = .
                0x0000000020000400                . = (. + __main_stack_size__)
 *fill*         0x0000000020000000      0x400 
                0x0000000020000400                . = ALIGN (0x8)
                0x0000000020000400                __main_stack_end__ = .
                0x0000000020000400                __process_stack_base__ = .
                0x0000000020000400                __main_thread_stack_base__ = .
                0x0000000020000800                . = (. + __process_stack_size__)
 *fill*         0x0000000020000400      0x400 
                0x0000000020000800                . = ALIGN (0x8)
                0x0000000020000800                __process_stack_end__ = .
                0x0000000020000800                __main_thread_stack_end__ = .

.data           0x0000000020000800      0x43c load address 0x0000000008004f58
                0x0000000020000800                . = ALIGN (0x4)
                0x0000000020000800                PROVIDE (_data, .)
 *(.data)
                0x0000000020000800                . = ALIGN (0x4)
 *(.data.*)
 .data.linecoding
                0x0000000020000800        0x7 build/obj/serial_usb.o
 *fill*         0x0000000020000807        0x1 
 .data.timeOut  0x0000000020000808        0x4 build/obj/main.o
                0x0000000020000808                timeOut
 .data.__ctype_ptr__
                0x000000002000080c        0x4 /usr/lib/gcc/arm-none-eabi/4.9.3/../../../arm-none-eabi/lib/armv7e-m/libg.a(lib_a-ctype_.o)
                0x000000002000080c                __ctype_ptr__
 .data.impure_data
                0x0000000020000810      0x428 /usr/lib/gcc/arm-none-eabi/4.9.3/../../../arm-none-eabi/lib/armv7e-m/libg.a(lib_a-impure.o)
 .data._impure_ptr
                0x0000000020000c38        0x4 /usr/lib/gcc/arm-none-eabi/4.9.3/../../../arm-none-eabi/lib/armv7e-m/libg.a(lib_a-impure.o)
                0x0000000020000c38                _impure_ptr
                0x0000000020000c3c                . = ALIGN (0x4)
 *(.ramtext)
                0x0000000020000c3c                . = ALIGN (0x4)
                0x0000000020000c3c                PROVIDE (_edata, .)

.igot.plt       0x0000000020000c3c        0x0 load address 0x0000000008005394
 .igot.plt      0x0000000020000c3c        0x0 build/obj/crt0.o

.bss            0x0000000020000c40     0x12b8 load address 0x0000000008005394
                0x0000000020000c40                . = ALIGN (0x4)
                0x0000000020000c40                PROVIDE (_bss_start, .)
 *(.bss)
                0x0000000020000c40                . = ALIGN (0x4)
 *(.bss.*)
 .bss.mainthread.4860
                0x0000000020000c40       0x4c build/obj/chsys.o
 *fill*         0x0000000020000c8c        0x4 
 .bss._idle_thread_wa
                0x0000000020000c90       0xe0 build/obj/chsys.o
                0x0000000020000c90                _idle_thread_wa
 .bss.dbg_isr_cnt
                0x0000000020000d70        0x4 build/obj/chdebug.o
                0x0000000020000d70                dbg_isr_cnt
 .bss.dbg_trace_buffer
                0x0000000020000d74      0x408 build/obj/chdebug.o
                0x0000000020000d74                dbg_trace_buffer
 .bss.dbg_lock_cnt
                0x000000002000117c        0x4 build/obj/chdebug.o
                0x000000002000117c                dbg_lock_cnt
 .bss.dbg_panic_msg
                0x0000000020001180        0x4 build/obj/chdebug.o
                0x0000000020001180                dbg_panic_msg
 .bss.vtlist    0x0000000020001184       0x10 build/obj/chvt.o
                0x0000000020001184                vtlist
 .bss.rlist     0x0000000020001194       0x1c build/obj/chschd.o
                0x0000000020001194                rlist
 .bss.endmem    0x00000000200011b0        0x4 build/obj/chmemcore.o
 .bss.nextmem   0x00000000200011b4        0x4 build/obj/chmemcore.o
 .bss.default_heap
                0x00000000200011b8       0x20 build/obj/chheap.o
 .bss.measurement_offset
                0x00000000200011d8        0x4 build/obj/tm.o
 .bss.dma_isr_redir
                0x00000000200011dc       0x80 build/obj/stm32_dma.o
 .bss.dma_streams_mask
                0x000000002000125c        0x4 build/obj/stm32_dma.o
 .bss.ADCD1     0x0000000020001260       0x34 build/obj/adc_lld.o
                0x0000000020001260                ADCD1
 *fill*         0x0000000020001294        0x4 
 .bss.USBD1     0x0000000020001298      0x1b8 build/obj/usb_lld.o
                0x0000000020001298                USBD1
 .bss.ep0_state
                0x0000000020001450       0x14 build/obj/usb_lld.o
 .bss.ep0setup_buffer
                0x0000000020001464        0x8 build/obj/usb_lld.o
 .bss.SD1       0x000000002000146c       0x78 build/obj/serial_lld.o
                0x000000002000146c                SD1
 .bss.ep2instate
                0x00000000200014e4       0x14 build/obj/USB.o
 .bss.SDU1      0x00000000200014f8      0x258 build/obj/USB.o
                0x00000000200014f8                SDU1
 .bss.ep1instate
                0x0000000020001750       0x14 build/obj/USB.o
 .bss.ep1outstate
                0x0000000020001764       0x10 build/obj/USB.o
 .bss.chunkBuffer
                0x0000000020001774       0x20 build/obj/main.o
                0x0000000020001774                chunkBuffer
 .bss.writePtr  0x0000000020001794        0x4 build/obj/main.o
                0x0000000020001794                writePtr
 .bss.readThreadWA
                0x0000000020001798      0x2d0 build/obj/main.o
 .bss.bytesRead
                0x0000000020001a68        0x4 build/obj/main.o
                0x0000000020001a68                bytesRead
 .bss.messageBuffer
                0x0000000020001a6c       0x40 build/obj/main.o
                0x0000000020001a6c                messageBuffer
 *fill*         0x0000000020001aac        0x4 
 .bss.writeLedThreadWA
                0x0000000020001ab0      0x150 build/obj/main.o
 .bss.receiveBuffer
                0x0000000020001c00       0x80 build/obj/main.o
                0x0000000020001c00                receiveBuffer
 .bss.blinkLedBlue
                0x0000000020001c80        0x1 build/obj/main.o
                0x0000000020001c80                blinkLedBlue
 *fill*         0x0000000020001c81        0x3 
 .bss.samples   0x0000000020001c84       0x10 build/obj/main.o
 *fill*         0x0000000020001c94        0x4 
 .bss.writeThreadArea
                0x0000000020001c98      0x150 build/obj/main.o
 .bss.adcSampleThreadWA
                0x0000000020001de8      0x110 build/obj/main.o
                0x0000000020001ef8                . = ALIGN (0x4)
 *(COMMON)
                0x0000000020001ef8                . = ALIGN (0x4)
                0x0000000020001ef8                PROVIDE (_bss_end, .)
                [!provide]                        PROVIDE (end, .)
                0x0000000020001ef8                _end = .
                0x0000000020001ef8                __heap_base__ = _end
                0x000000002001c000                __heap_end__ = __ram_end__
LOAD /usr/lib/gcc/arm-none-eabi/4.9.3/../../../arm-none-eabi/lib/armv7e-m/libm.a
START GROUP
LOAD /usr/lib/gcc/arm-none-eabi/4.9.3/armv7e-m/libgcc.a
LOAD /usr/lib/gcc/arm-none-eabi/4.9.3/../../../arm-none-eabi/lib/armv7e-m/libg.a
LOAD /usr/lib/gcc/arm-none-eabi/4.9.3/../../../arm-none-eabi/lib/armv7e-m/libc.a
END GROUP
OUTPUT(build/ch.elf elf32-littlearm)

.debug_info     0x0000000000000000    0x19778
 .debug_info    0x0000000000000000      0x2b3 build/obj/crt0.o
 .debug_info    0x00000000000002b3      0x1cd build/obj/vectors.o
 .debug_info    0x0000000000000480       0x92 build/obj/chcore.o
 .debug_info    0x0000000000000512      0x8ba build/obj/chcore_v7m.o
 .debug_info    0x0000000000000dcc      0x406 build/obj/nvic.o
 .debug_info    0x00000000000011d2      0x8ac build/obj/chsys.o
 .debug_info    0x0000000000001a7e      0x94a build/obj/chdebug.o
 .debug_info    0x00000000000023c8      0x277 build/obj/chvt.o
 .debug_info    0x000000000000263f      0xaf3 build/obj/chschd.o
 .debug_info    0x0000000000003132      0xdfd build/obj/chthreads.o
 .debug_info    0x0000000000003f2f      0x6bb build/obj/chregistry.o
 .debug_info    0x00000000000045ea      0xb60 build/obj/chmtx.o
 .debug_info    0x000000000000514a      0xff7 build/obj/chevents.o
 .debug_info    0x0000000000006141      0xcdc build/obj/chqueues.o
 .debug_info    0x0000000000006e1d      0x226 build/obj/chmemcore.o
 .debug_info    0x0000000000007043      0x75e build/obj/chheap.o
 .debug_info    0x00000000000077a1      0x3d5 build/obj/hal.o
 .debug_info    0x0000000000007b76      0xfc8 build/obj/adc.o
 .debug_info    0x0000000000008b3e     0x10da build/obj/serial.o
 .debug_info    0x0000000000009c18     0x1f23 build/obj/serial_usb.o
 .debug_info    0x000000000000bb3b      0x2d9 build/obj/tm.o
 .debug_info    0x000000000000be14     0x21aa build/obj/usb.o
 .debug_info    0x000000000000dfbe      0xbfc build/obj/stm32_dma.o
 .debug_info    0x000000000000ebba      0x491 build/obj/hal_lld.o
 .debug_info    0x000000000000f04b     0x1167 build/obj/adc_lld.o
 .debug_info    0x00000000000101b2      0x6fc build/obj/pal_lld.o
 .debug_info    0x00000000000108ae     0x28fc build/obj/usb_lld.o
 .debug_info    0x00000000000131aa      0xfe1 build/obj/serial_lld.o
 .debug_info    0x000000000001418b      0x1f4 build/obj/board.o
 .debug_info    0x000000000001437f     0x16e6 build/obj/USB.o
 .debug_info    0x0000000000015a65     0x2464 build/obj/main.o
 .debug_info    0x0000000000017ec9      0x16d /usr/lib/gcc/arm-none-eabi/4.9.3/../../../arm-none-eabi/lib/armv7e-m/libg.a(lib_a-itoa.o)
 .debug_info    0x0000000000018036       0xce /usr/lib/gcc/arm-none-eabi/4.9.3/../../../arm-none-eabi/lib/armv7e-m/libg.a(lib_a-memcpy.o)
 .debug_info    0x0000000000018104      0x131 /usr/lib/gcc/arm-none-eabi/4.9.3/../../../arm-none-eabi/lib/armv7e-m/libg.a(lib_a-memmove.o)
 .debug_info    0x0000000000018235      0x117 /usr/lib/gcc/arm-none-eabi/4.9.3/../../../arm-none-eabi/lib/armv7e-m/libg.a(lib_a-memset.o)
 .debug_info    0x000000000001834c      0x9a7 /usr/lib/gcc/arm-none-eabi/4.9.3/../../../arm-none-eabi/lib/armv7e-m/libg.a(lib_a-strtol.o)
 .debug_info    0x0000000000018cf3      0x182 /usr/lib/gcc/arm-none-eabi/4.9.3/../../../arm-none-eabi/lib/armv7e-m/libg.a(lib_a-utoa.o)
 .debug_info    0x0000000000018e75       0x6f /usr/lib/gcc/arm-none-eabi/4.9.3/../../../arm-none-eabi/lib/armv7e-m/libg.a(lib_a-ctype_.o)
 .debug_info    0x0000000000018ee4      0x894 /usr/lib/gcc/arm-none-eabi/4.9.3/../../../arm-none-eabi/lib/armv7e-m/libg.a(lib_a-impure.o)

.debug_abbrev   0x0000000000000000     0x5094
 .debug_abbrev  0x0000000000000000       0xfd build/obj/crt0.o
 .debug_abbrev  0x00000000000000fd       0xaf build/obj/vectors.o
 .debug_abbrev  0x00000000000001ac       0x42 build/obj/chcore.o
 .debug_abbrev  0x00000000000001ee      0x216 build/obj/chcore_v7m.o
 .debug_abbrev  0x0000000000000404      0x10e build/obj/nvic.o
 .debug_abbrev  0x0000000000000512      0x1f2 build/obj/chsys.o
 .debug_abbrev  0x0000000000000704      0x21b build/obj/chdebug.o
 .debug_abbrev  0x000000000000091f      0x151 build/obj/chvt.o
 .debug_abbrev  0x0000000000000a70      0x31b build/obj/chschd.o
 .debug_abbrev  0x0000000000000d8b      0x375 build/obj/chthreads.o
 .debug_abbrev  0x0000000000001100      0x1ba build/obj/chregistry.o
 .debug_abbrev  0x00000000000012ba      0x2f8 build/obj/chmtx.o
 .debug_abbrev  0x00000000000015b2      0x2cc build/obj/chevents.o
 .debug_abbrev  0x000000000000187e      0x35d build/obj/chqueues.o
 .debug_abbrev  0x0000000000001bdb      0x13b build/obj/chmemcore.o
 .debug_abbrev  0x0000000000001d16      0x1f2 build/obj/chheap.o
 .debug_abbrev  0x0000000000001f08      0x1ca build/obj/hal.o
 .debug_abbrev  0x00000000000020d2      0x2ce build/obj/adc.o
 .debug_abbrev  0x00000000000023a0      0x2c0 build/obj/serial.o
 .debug_abbrev  0x0000000000002660      0x3e1 build/obj/serial_usb.o
 .debug_abbrev  0x0000000000002a41      0x19a build/obj/tm.o
 .debug_abbrev  0x0000000000002bdb      0x43a build/obj/usb.o
 .debug_abbrev  0x0000000000003015      0x250 build/obj/stm32_dma.o
 .debug_abbrev  0x0000000000003265      0x12b build/obj/hal_lld.o
 .debug_abbrev  0x0000000000003390      0x323 build/obj/adc_lld.o
 .debug_abbrev  0x00000000000036b3      0x1aa build/obj/pal_lld.o
 .debug_abbrev  0x000000000000385d      0x50b build/obj/usb_lld.o
 .debug_abbrev  0x0000000000003d68      0x32a build/obj/serial_lld.o
 .debug_abbrev  0x0000000000004092       0xe3 build/obj/board.o
 .debug_abbrev  0x0000000000004175      0x322 build/obj/USB.o
 .debug_abbrev  0x0000000000004497      0x519 build/obj/main.o
 .debug_abbrev  0x00000000000049b0       0xca /usr/lib/gcc/arm-none-eabi/4.9.3/../../../arm-none-eabi/lib/armv7e-m/libg.a(lib_a-itoa.o)
 .debug_abbrev  0x0000000000004a7a       0x14 /usr/lib/gcc/arm-none-eabi/4.9.3/../../../arm-none-eabi/lib/armv7e-m/libg.a(lib_a-memcpy.o)
 .debug_abbrev  0x0000000000004a8e       0xab /usr/lib/gcc/arm-none-eabi/4.9.3/../../../arm-none-eabi/lib/armv7e-m/libg.a(lib_a-memmove.o)
 .debug_abbrev  0x0000000000004b39       0x9f /usr/lib/gcc/arm-none-eabi/4.9.3/../../../arm-none-eabi/lib/armv7e-m/libg.a(lib_a-memset.o)
 .debug_abbrev  0x0000000000004bd8      0x207 /usr/lib/gcc/arm-none-eabi/4.9.3/../../../arm-none-eabi/lib/armv7e-m/libg.a(lib_a-strtol.o)
 .debug_abbrev  0x0000000000004ddf       0xe7 /usr/lib/gcc/arm-none-eabi/4.9.3/../../../arm-none-eabi/lib/armv7e-m/libg.a(lib_a-utoa.o)
 .debug_abbrev  0x0000000000004ec6       0x4e /usr/lib/gcc/arm-none-eabi/4.9.3/../../../arm-none-eabi/lib/armv7e-m/libg.a(lib_a-ctype_.o)
 .debug_abbrev  0x0000000000004f14      0x180 /usr/lib/gcc/arm-none-eabi/4.9.3/../../../arm-none-eabi/lib/armv7e-m/libg.a(lib_a-impure.o)

.debug_loc      0x0000000000000000     0x65ad
 .debug_loc     0x0000000000000000       0xba build/obj/crt0.o
 .debug_loc     0x00000000000000ba       0x5a build/obj/chcore_v7m.o
 .debug_loc     0x0000000000000114      0x158 build/obj/nvic.o
 .debug_loc     0x000000000000026c       0x26 build/obj/chsys.o
 .debug_loc     0x0000000000000292       0xc9 build/obj/chdebug.o
 .debug_loc     0x000000000000035b       0xb4 build/obj/chvt.o
 .debug_loc     0x000000000000040f      0x2a4 build/obj/chschd.o
 .debug_loc     0x00000000000006b3      0x46f build/obj/chthreads.o
 .debug_loc     0x0000000000000b22       0x5b build/obj/chregistry.o
 .debug_loc     0x0000000000000b7d      0x371 build/obj/chmtx.o
 .debug_loc     0x0000000000000eee      0x6d8 build/obj/chevents.o
 .debug_loc     0x00000000000015c6      0x6de build/obj/chqueues.o
 .debug_loc     0x0000000000001ca4       0xb8 build/obj/chmemcore.o
 .debug_loc     0x0000000000001d5c      0x3e2 build/obj/chheap.o
 .debug_loc     0x000000000000213e       0x87 build/obj/hal.o
 .debug_loc     0x00000000000021c5      0x450 build/obj/adc.o
 .debug_loc     0x0000000000002615      0x4ff build/obj/serial.o
 .debug_loc     0x0000000000002b14      0x733 build/obj/serial_usb.o
 .debug_loc     0x0000000000003247       0x58 build/obj/tm.o
 .debug_loc     0x000000000000329f      0xbf3 build/obj/usb.o
 .debug_loc     0x0000000000003e92      0x277 build/obj/stm32_dma.o
 .debug_loc     0x0000000000004109      0x2bf build/obj/adc_lld.o
 .debug_loc     0x00000000000043c8      0x129 build/obj/pal_lld.o
 .debug_loc     0x00000000000044f1      0xe9f build/obj/usb_lld.o
 .debug_loc     0x0000000000005390      0x247 build/obj/serial_lld.o
 .debug_loc     0x00000000000055d7       0xfb build/obj/USB.o
 .debug_loc     0x00000000000056d2      0x402 build/obj/main.o
 .debug_loc     0x0000000000005ad4      0x161 /usr/lib/gcc/arm-none-eabi/4.9.3/../../../arm-none-eabi/lib/armv7e-m/libg.a(lib_a-itoa.o)
 .debug_loc     0x0000000000005c35      0x2d7 /usr/lib/gcc/arm-none-eabi/4.9.3/../../../arm-none-eabi/lib/armv7e-m/libg.a(lib_a-memmove.o)
 .debug_loc     0x0000000000005f0c      0x1ae /usr/lib/gcc/arm-none-eabi/4.9.3/../../../arm-none-eabi/lib/armv7e-m/libg.a(lib_a-memset.o)
 .debug_loc     0x00000000000060ba      0x33f /usr/lib/gcc/arm-none-eabi/4.9.3/../../../arm-none-eabi/lib/armv7e-m/libg.a(lib_a-strtol.o)
 .debug_loc     0x00000000000063f9      0x1b4 /usr/lib/gcc/arm-none-eabi/4.9.3/../../../arm-none-eabi/lib/armv7e-m/libg.a(lib_a-utoa.o)

.debug_aranges  0x0000000000000000      0xbf0
 .debug_aranges
                0x0000000000000000       0x38 build/obj/crt0.o
 .debug_aranges
                0x0000000000000038       0x20 build/obj/vectors.o
 .debug_aranges
                0x0000000000000058       0x20 build/obj/chcore.o
 .debug_aranges
                0x0000000000000078       0x50 build/obj/chcore_v7m.o
 .debug_aranges
                0x00000000000000c8       0x30 build/obj/nvic.o
 .debug_aranges
                0x00000000000000f8       0x30 build/obj/chsys.o
 .debug_aranges
                0x0000000000000128       0x88 build/obj/chdebug.o
 .debug_aranges
                0x00000000000001b0       0x30 build/obj/chvt.o
 .debug_aranges
                0x00000000000001e0       0x68 build/obj/chschd.o
 .debug_aranges
                0x0000000000000248       0x80 build/obj/chthreads.o
 .debug_aranges
                0x00000000000002c8       0x28 build/obj/chregistry.o
 .debug_aranges
                0x00000000000002f0       0x58 build/obj/chmtx.o
 .debug_aranges
                0x0000000000000348       0xa0 build/obj/chevents.o
 .debug_aranges
                0x00000000000003e8       0x70 build/obj/chqueues.o
 .debug_aranges
                0x0000000000000458       0x38 build/obj/chmemcore.o
 .debug_aranges
                0x0000000000000490       0x40 build/obj/chheap.o
 .debug_aranges
                0x00000000000004d0       0x30 build/obj/hal.o
 .debug_aranges
                0x0000000000000500       0x70 build/obj/adc.o
 .debug_aranges
                0x0000000000000570       0x88 build/obj/serial.o
 .debug_aranges
                0x00000000000005f8       0xb0 build/obj/serial_usb.o
 .debug_aranges
                0x00000000000006a8       0x38 build/obj/tm.o
 .debug_aranges
                0x00000000000006e0       0xa8 build/obj/usb.o
 .debug_aranges
                0x0000000000000788       0xb0 build/obj/stm32_dma.o
 .debug_aranges
                0x0000000000000838       0x28 build/obj/hal_lld.o
 .debug_aranges
                0x0000000000000860       0x70 build/obj/adc_lld.o
 .debug_aranges
                0x00000000000008d0       0x28 build/obj/pal_lld.o
 .debug_aranges
                0x00000000000008f8       0xd0 build/obj/usb_lld.o
 .debug_aranges
                0x00000000000009c8       0x40 build/obj/serial_lld.o
 .debug_aranges
                0x0000000000000a08       0x28 build/obj/board.o
 .debug_aranges
                0x0000000000000a30       0x38 build/obj/USB.o
 .debug_aranges
                0x0000000000000a68       0x80 build/obj/main.o
 .debug_aranges
                0x0000000000000ae8       0x28 /usr/lib/gcc/arm-none-eabi/4.9.3/../../../arm-none-eabi/lib/armv7e-m/libg.a(lib_a-itoa.o)
 .debug_aranges
                0x0000000000000b10       0x20 /usr/lib/gcc/arm-none-eabi/4.9.3/../../../arm-none-eabi/lib/armv7e-m/libg.a(lib_a-memcpy.o)
 .debug_aranges
                0x0000000000000b30       0x20 /usr/lib/gcc/arm-none-eabi/4.9.3/../../../arm-none-eabi/lib/armv7e-m/libg.a(lib_a-memmove.o)
 .debug_aranges
                0x0000000000000b50       0x20 /usr/lib/gcc/arm-none-eabi/4.9.3/../../../arm-none-eabi/lib/armv7e-m/libg.a(lib_a-memset.o)
 .debug_aranges
                0x0000000000000b70       0x28 /usr/lib/gcc/arm-none-eabi/4.9.3/../../../arm-none-eabi/lib/armv7e-m/libg.a(lib_a-strtol.o)
 .debug_aranges
                0x0000000000000b98       0x28 /usr/lib/gcc/arm-none-eabi/4.9.3/../../../arm-none-eabi/lib/armv7e-m/libg.a(lib_a-utoa.o)
 .debug_aranges
                0x0000000000000bc0       0x18 /usr/lib/gcc/arm-none-eabi/4.9.3/../../../arm-none-eabi/lib/armv7e-m/libg.a(lib_a-ctype_.o)
 .debug_aranges
                0x0000000000000bd8       0x18 /usr/lib/gcc/arm-none-eabi/4.9.3/../../../arm-none-eabi/lib/armv7e-m/libg.a(lib_a-impure.o)

.debug_ranges   0x0000000000000000     0x1368
 .debug_ranges  0x0000000000000000       0x58 build/obj/crt0.o
 .debug_ranges  0x0000000000000058       0x10 build/obj/vectors.o
 .debug_ranges  0x0000000000000068       0x10 build/obj/chcore.o
 .debug_ranges  0x0000000000000078       0x58 build/obj/chcore_v7m.o
 .debug_ranges  0x00000000000000d0       0x20 build/obj/nvic.o
 .debug_ranges  0x00000000000000f0       0x20 build/obj/chsys.o
 .debug_ranges  0x0000000000000110       0x78 build/obj/chdebug.o
 .debug_ranges  0x0000000000000188       0x20 build/obj/chvt.o
 .debug_ranges  0x00000000000001a8      0x170 build/obj/chschd.o
 .debug_ranges  0x0000000000000318      0x120 build/obj/chthreads.o
 .debug_ranges  0x0000000000000438       0x18 build/obj/chregistry.o
 .debug_ranges  0x0000000000000450      0x1a8 build/obj/chmtx.o
 .debug_ranges  0x00000000000005f8       0xf0 build/obj/chevents.o
 .debug_ranges  0x00000000000006e8       0xe8 build/obj/chqueues.o
 .debug_ranges  0x00000000000007d0       0x40 build/obj/chmemcore.o
 .debug_ranges  0x0000000000000810       0x30 build/obj/chheap.o
 .debug_ranges  0x0000000000000840       0x20 build/obj/hal.o
 .debug_ranges  0x0000000000000860       0x78 build/obj/adc.o
 .debug_ranges  0x00000000000008d8       0x78 build/obj/serial.o
 .debug_ranges  0x0000000000000950       0xb8 build/obj/serial_usb.o
 .debug_ranges  0x0000000000000a08       0x80 build/obj/tm.o
 .debug_ranges  0x0000000000000a88      0x158 build/obj/usb.o
 .debug_ranges  0x0000000000000be0       0xa0 build/obj/stm32_dma.o
 .debug_ranges  0x0000000000000c80       0x30 build/obj/hal_lld.o
 .debug_ranges  0x0000000000000cb0       0x78 build/obj/adc_lld.o
 .debug_ranges  0x0000000000000d28      0x120 build/obj/pal_lld.o
 .debug_ranges  0x0000000000000e48      0x320 build/obj/usb_lld.o
 .debug_ranges  0x0000000000001168       0xa0 build/obj/serial_lld.o
 .debug_ranges  0x0000000000001208       0x18 build/obj/board.o
 .debug_ranges  0x0000000000001220       0x28 build/obj/USB.o
 .debug_ranges  0x0000000000001248       0xb8 build/obj/main.o
 .debug_ranges  0x0000000000001300       0x18 /usr/lib/gcc/arm-none-eabi/4.9.3/../../../arm-none-eabi/lib/armv7e-m/libg.a(lib_a-itoa.o)
 .debug_ranges  0x0000000000001318       0x10 /usr/lib/gcc/arm-none-eabi/4.9.3/../../../arm-none-eabi/lib/armv7e-m/libg.a(lib_a-memmove.o)
 .debug_ranges  0x0000000000001328       0x10 /usr/lib/gcc/arm-none-eabi/4.9.3/../../../arm-none-eabi/lib/armv7e-m/libg.a(lib_a-memset.o)
 .debug_ranges  0x0000000000001338       0x18 /usr/lib/gcc/arm-none-eabi/4.9.3/../../../arm-none-eabi/lib/armv7e-m/libg.a(lib_a-strtol.o)
 .debug_ranges  0x0000000000001350       0x18 /usr/lib/gcc/arm-none-eabi/4.9.3/../../../arm-none-eabi/lib/armv7e-m/libg.a(lib_a-utoa.o)

.debug_line     0x0000000000000000     0x631b
 .debug_line    0x0000000000000000      0x121 build/obj/crt0.o
 .debug_line    0x0000000000000121       0xc6 build/obj/vectors.o
 .debug_line    0x00000000000001e7       0x66 build/obj/chcore.o
 .debug_line    0x000000000000024d      0x213 build/obj/chcore_v7m.o
 .debug_line    0x0000000000000460       0xfb build/obj/nvic.o
 .debug_line    0x000000000000055b      0x20a build/obj/chsys.o
 .debug_line    0x0000000000000765      0x2fb build/obj/chdebug.o
 .debug_line    0x0000000000000a60      0x181 build/obj/chvt.o
 .debug_line    0x0000000000000be1      0x366 build/obj/chschd.o
 .debug_line    0x0000000000000f47      0x3d1 build/obj/chthreads.o
 .debug_line    0x0000000000001318      0x1d9 build/obj/chregistry.o
 .debug_line    0x00000000000014f1      0x375 build/obj/chmtx.o
 .debug_line    0x0000000000001866      0x36b build/obj/chevents.o
 .debug_line    0x0000000000001bd1      0x375 build/obj/chqueues.o
 .debug_line    0x0000000000001f46      0x163 build/obj/chmemcore.o
 .debug_line    0x00000000000020a9      0x2a0 build/obj/chheap.o
 .debug_line    0x0000000000002349      0x2be build/obj/hal.o
 .debug_line    0x0000000000002607      0x3ef build/obj/adc.o
 .debug_line    0x00000000000029f6      0x3ce build/obj/serial.o
 .debug_line    0x0000000000002dc4      0x474 build/obj/serial_usb.o
 .debug_line    0x0000000000003238      0x202 build/obj/tm.o
 .debug_line    0x000000000000343a      0x5e1 build/obj/usb.o
 .debug_line    0x0000000000003a1b      0x426 build/obj/stm32_dma.o
 .debug_line    0x0000000000003e41      0x1e1 build/obj/hal_lld.o
 .debug_line    0x0000000000004022      0x464 build/obj/adc_lld.o
 .debug_line    0x0000000000004486      0x1eb build/obj/pal_lld.o
 .debug_line    0x0000000000004671      0x7d7 build/obj/usb_lld.o
 .debug_line    0x0000000000004e48      0x381 build/obj/serial_lld.o
 .debug_line    0x00000000000051c9      0x18f build/obj/board.o
 .debug_line    0x0000000000005358      0x2b3 build/obj/USB.o
 .debug_line    0x000000000000560b      0x4d9 build/obj/main.o
 .debug_line    0x0000000000005ae4       0xdd /usr/lib/gcc/arm-none-eabi/4.9.3/../../../arm-none-eabi/lib/armv7e-m/libg.a(lib_a-itoa.o)
 .debug_line    0x0000000000005bc1       0xb8 /usr/lib/gcc/arm-none-eabi/4.9.3/../../../arm-none-eabi/lib/armv7e-m/libg.a(lib_a-memcpy.o)
 .debug_line    0x0000000000005c79      0x11f /usr/lib/gcc/arm-none-eabi/4.9.3/../../../arm-none-eabi/lib/armv7e-m/libg.a(lib_a-memmove.o)
 .debug_line    0x0000000000005d98      0x119 /usr/lib/gcc/arm-none-eabi/4.9.3/../../../arm-none-eabi/lib/armv7e-m/libg.a(lib_a-memset.o)
 .debug_line    0x0000000000005eb1      0x1e5 /usr/lib/gcc/arm-none-eabi/4.9.3/../../../arm-none-eabi/lib/armv7e-m/libg.a(lib_a-strtol.o)
 .debug_line    0x0000000000006096      0x122 /usr/lib/gcc/arm-none-eabi/4.9.3/../../../arm-none-eabi/lib/armv7e-m/libg.a(lib_a-utoa.o)
 .debug_line    0x00000000000061b8       0x72 /usr/lib/gcc/arm-none-eabi/4.9.3/../../../arm-none-eabi/lib/armv7e-m/libg.a(lib_a-ctype_.o)
 .debug_line    0x000000000000622a       0xf1 /usr/lib/gcc/arm-none-eabi/4.9.3/../../../arm-none-eabi/lib/armv7e-m/libg.a(lib_a-impure.o)

.debug_str      0x0000000000000000     0x3b88
 .debug_str     0x0000000000000000      0x2b3 build/obj/crt0.o
                                        0x2fe (size before relaxing)
 .debug_str     0x00000000000002b3      0x153 build/obj/vectors.o
                                        0x31f (size before relaxing)
 .debug_str     0x0000000000000406       0x3b build/obj/chcore.o
                                        0x1e7 (size before relaxing)
 .debug_str     0x0000000000000441      0x386 build/obj/chcore_v7m.o
                                        0x57f (size before relaxing)
 .debug_str     0x00000000000007c7       0xa4 build/obj/nvic.o
                                        0x2f1 (size before relaxing)
 .debug_str     0x000000000000086b      0x24a build/obj/chsys.o
                                        0x64f (size before relaxing)
 .debug_str     0x0000000000000ab5      0x109 build/obj/chdebug.o
                                        0x5bb (size before relaxing)
 .debug_str     0x0000000000000bbe       0x44 build/obj/chvt.o
                                        0x28e (size before relaxing)
 .debug_str     0x0000000000000c02       0xe3 build/obj/chschd.o
                                        0x57b (size before relaxing)
 .debug_str     0x0000000000000ce5       0xfd build/obj/chthreads.o
                                        0x5d5 (size before relaxing)
 .debug_str     0x0000000000000de2       0x50 build/obj/chregistry.o
                                        0x536 (size before relaxing)
 .debug_str     0x0000000000000e32       0x9f build/obj/chmtx.o
                                        0x4d3 (size before relaxing)
 .debug_str     0x0000000000000ed1      0x1c7 build/obj/chevents.o
                                        0x5f7 (size before relaxing)
 .debug_str     0x0000000000001098      0x134 build/obj/chqueues.o
                                        0x55e (size before relaxing)
 .debug_str     0x00000000000011cc       0x7e build/obj/chmemcore.o
                                        0x298 (size before relaxing)
 .debug_str     0x000000000000124a       0xc1 build/obj/chheap.o
                                        0x472 (size before relaxing)
 .debug_str     0x000000000000130b      0x193 build/obj/hal.o
                                        0x37a (size before relaxing)
 .debug_str     0x000000000000149e      0x30f build/obj/adc.o
                                        0x788 (size before relaxing)
 .debug_str     0x00000000000017ad      0x171 build/obj/serial.o
                                        0x6d6 (size before relaxing)
 .debug_str     0x000000000000191e      0x7d8 build/obj/serial_usb.o
                                        0xdbe (size before relaxing)
 .debug_str     0x00000000000020f6       0x70 build/obj/tm.o
                                        0x2b8 (size before relaxing)
 .debug_str     0x0000000000002166      0x2be build/obj/usb.o
                                        0xdf5 (size before relaxing)
 .debug_str     0x0000000000002424      0x74e build/obj/stm32_dma.o
                                        0xa70 (size before relaxing)
 .debug_str     0x0000000000002b72       0xcc build/obj/hal_lld.o
                                        0x41b (size before relaxing)
 .debug_str     0x0000000000002c3e       0xdc build/obj/adc_lld.o
                                        0xde7 (size before relaxing)
 .debug_str     0x0000000000002d1a       0xd7 build/obj/pal_lld.o
                                        0x479 (size before relaxing)
 .debug_str     0x0000000000002df1      0x20c build/obj/usb_lld.o
                                       0x109b (size before relaxing)
 .debug_str     0x0000000000002ffd       0x73 build/obj/serial_lld.o
                                        0x79a (size before relaxing)
 .debug_str     0x0000000000003070       0x38 build/obj/board.o
                                        0x2d3 (size before relaxing)
 .debug_str     0x00000000000030a8      0x149 build/obj/USB.o
                                        0xd34 (size before relaxing)
 .debug_str     0x00000000000031f1      0x1f5 build/obj/main.o
                                       0x118b (size before relaxing)
 .debug_str     0x00000000000033e6      0x131 /usr/lib/gcc/arm-none-eabi/4.9.3/../../../arm-none-eabi/lib/armv7e-m/libg.a(lib_a-itoa.o)
                                        0x1d3 (size before relaxing)
 .debug_str     0x0000000000003517       0xc6 /usr/lib/gcc/arm-none-eabi/4.9.3/../../../arm-none-eabi/lib/armv7e-m/libg.a(lib_a-memmove.o)
                                        0x1f1 (size before relaxing)
 .debug_str     0x00000000000035dd       0x3b /usr/lib/gcc/arm-none-eabi/4.9.3/../../../arm-none-eabi/lib/armv7e-m/libg.a(lib_a-memset.o)
                                        0x1d2 (size before relaxing)
 .debug_str     0x0000000000003618      0x3e8 /usr/lib/gcc/arm-none-eabi/4.9.3/../../../arm-none-eabi/lib/armv7e-m/libg.a(lib_a-strtol.o)
                                        0x5b5 (size before relaxing)
 .debug_str     0x0000000000003a00       0x3d /usr/lib/gcc/arm-none-eabi/4.9.3/../../../arm-none-eabi/lib/armv7e-m/libg.a(lib_a-utoa.o)
                                        0x1d6 (size before relaxing)
 .debug_str     0x0000000000003a3d       0x9a /usr/lib/gcc/arm-none-eabi/4.9.3/../../../arm-none-eabi/lib/armv7e-m/libg.a(lib_a-ctype_.o)
                                        0x140 (size before relaxing)
 .debug_str     0x0000000000003ad7       0xb1 /usr/lib/gcc/arm-none-eabi/4.9.3/../../../arm-none-eabi/lib/armv7e-m/libg.a(lib_a-impure.o)
                                        0x58f (size before relaxing)

.comment        0x0000000000000000       0x70
 .comment       0x0000000000000000       0x38 build/obj/crt0.o
                                         0x39 (size before relaxing)
 .comment       0x0000000000000038       0x39 build/obj/vectors.o
 .comment       0x0000000000000038       0x39 build/obj/chcore.o
 .comment       0x0000000000000038       0x39 build/obj/chcore_v7m.o
 .comment       0x0000000000000038       0x39 build/obj/nvic.o
 .comment       0x0000000000000038       0x39 build/obj/chsys.o
 .comment       0x0000000000000038       0x39 build/obj/chdebug.o
 .comment       0x0000000000000038       0x39 build/obj/chvt.o
 .comment       0x0000000000000038       0x39 build/obj/chschd.o
 .comment       0x0000000000000038       0x39 build/obj/chthreads.o
 .comment       0x0000000000000038       0x39 build/obj/chregistry.o
 .comment       0x0000000000000038       0x39 build/obj/chmtx.o
 .comment       0x0000000000000038       0x39 build/obj/chevents.o
 .comment       0x0000000000000038       0x39 build/obj/chqueues.o
 .comment       0x0000000000000038       0x39 build/obj/chmemcore.o
 .comment       0x0000000000000038       0x39 build/obj/chheap.o
 .comment       0x0000000000000038       0x39 build/obj/hal.o
 .comment       0x0000000000000038       0x39 build/obj/adc.o
 .comment       0x0000000000000038       0x39 build/obj/serial.o
 .comment       0x0000000000000038       0x39 build/obj/serial_usb.o
 .comment       0x0000000000000038       0x39 build/obj/tm.o
 .comment       0x0000000000000038       0x39 build/obj/usb.o
 .comment       0x0000000000000038       0x39 build/obj/stm32_dma.o
 .comment       0x0000000000000038       0x39 build/obj/hal_lld.o
 .comment       0x0000000000000038       0x39 build/obj/adc_lld.o
 .comment       0x0000000000000038       0x39 build/obj/pal_lld.o
 .comment       0x0000000000000038       0x39 build/obj/usb_lld.o
 .comment       0x0000000000000038       0x39 build/obj/serial_lld.o
 .comment       0x0000000000000038       0x39 build/obj/board.o
 .comment       0x0000000000000038       0x39 build/obj/USB.o
 .comment       0x0000000000000038       0x39 build/obj/main.o
 .comment       0x0000000000000038       0x38 /usr/lib/gcc/arm-none-eabi/4.9.3/../../../arm-none-eabi/lib/armv7e-m/libg.a(lib_a-itoa.o)
                                         0x39 (size before relaxing)
 .comment       0x0000000000000070       0x39 /usr/lib/gcc/arm-none-eabi/4.9.3/../../../arm-none-eabi/lib/armv7e-m/libg.a(lib_a-memmove.o)
 .comment       0x0000000000000070       0x39 /usr/lib/gcc/arm-none-eabi/4.9.3/../../../arm-none-eabi/lib/armv7e-m/libg.a(lib_a-memset.o)
 .comment       0x0000000000000070       0x39 /usr/lib/gcc/arm-none-eabi/4.9.3/../../../arm-none-eabi/lib/armv7e-m/libg.a(lib_a-strtol.o)
 .comment       0x0000000000000070       0x39 /usr/lib/gcc/arm-none-eabi/4.9.3/../../../arm-none-eabi/lib/armv7e-m/libg.a(lib_a-utoa.o)
 .comment       0x0000000000000070       0x39 /usr/lib/gcc/arm-none-eabi/4.9.3/../../../arm-none-eabi/lib/armv7e-m/libg.a(lib_a-ctype_.o)
 .comment       0x0000000000000070       0x39 /usr/lib/gcc/arm-none-eabi/4.9.3/../../../arm-none-eabi/lib/armv7e-m/libg.a(lib_a-impure.o)

.ARM.attributes
                0x0000000000000000       0x31
 .ARM.attributes
                0x0000000000000000       0x33 build/obj/crt0.o
 .ARM.attributes
                0x0000000000000033       0x33 build/obj/vectors.o
 .ARM.attributes
                0x0000000000000066       0x33 build/obj/chcore.o
 .ARM.attributes
                0x0000000000000099       0x33 build/obj/chcore_v7m.o
 .ARM.attributes
                0x00000000000000cc       0x33 build/obj/nvic.o
 .ARM.attributes
                0x00000000000000ff       0x33 build/obj/chsys.o
 .ARM.attributes
                0x0000000000000132       0x33 build/obj/chdebug.o
 .ARM.attributes
                0x0000000000000165       0x33 build/obj/chvt.o
 .ARM.attributes
                0x0000000000000198       0x33 build/obj/chschd.o
 .ARM.attributes
                0x00000000000001cb       0x33 build/obj/chthreads.o
 .ARM.attributes
                0x00000000000001fe       0x33 build/obj/chregistry.o
 .ARM.attributes
                0x0000000000000231       0x33 build/obj/chmtx.o
 .ARM.attributes
                0x0000000000000264       0x33 build/obj/chevents.o
 .ARM.attributes
                0x0000000000000297       0x33 build/obj/chqueues.o
 .ARM.attributes
                0x00000000000002ca       0x33 build/obj/chmemcore.o
 .ARM.attributes
                0x00000000000002fd       0x33 build/obj/chheap.o
 .ARM.attributes
                0x0000000000000330       0x33 build/obj/hal.o
 .ARM.attributes
                0x0000000000000363       0x33 build/obj/adc.o
 .ARM.attributes
                0x0000000000000396       0x33 build/obj/serial.o
 .ARM.attributes
                0x00000000000003c9       0x33 build/obj/serial_usb.o
 .ARM.attributes
                0x00000000000003fc       0x33 build/obj/tm.o
 .ARM.attributes
                0x000000000000042f       0x33 build/obj/usb.o
 .ARM.attributes
                0x0000000000000462       0x33 build/obj/stm32_dma.o
 .ARM.attributes
                0x0000000000000495       0x33 build/obj/hal_lld.o
 .ARM.attributes
                0x00000000000004c8       0x33 build/obj/adc_lld.o
 .ARM.attributes
                0x00000000000004fb       0x33 build/obj/pal_lld.o
 .ARM.attributes
                0x000000000000052e       0x33 build/obj/usb_lld.o
 .ARM.attributes
                0x0000000000000561       0x33 build/obj/serial_lld.o
 .ARM.attributes
                0x0000000000000594       0x33 build/obj/board.o
 .ARM.attributes
                0x00000000000005c7       0x33 build/obj/USB.o
 .ARM.attributes
                0x00000000000005fa       0x33 build/obj/main.o
 .ARM.attributes
                0x000000000000062d       0x2e /usr/lib/gcc/arm-none-eabi/4.9.3/../../../arm-none-eabi/lib/armv7e-m/libg.a(lib_a-itoa.o)
 .ARM.attributes
                0x000000000000065b       0x1c /usr/lib/gcc/arm-none-eabi/4.9.3/../../../arm-none-eabi/lib/armv7e-m/libg.a(lib_a-memcpy.o)
 .ARM.attributes
                0x0000000000000677       0x2e /usr/lib/gcc/arm-none-eabi/4.9.3/../../../arm-none-eabi/lib/armv7e-m/libg.a(lib_a-memmove.o)
 .ARM.attributes
                0x00000000000006a5       0x2e /usr/lib/gcc/arm-none-eabi/4.9.3/../../../arm-none-eabi/lib/armv7e-m/libg.a(lib_a-memset.o)
 .ARM.attributes
                0x00000000000006d3       0x2e /usr/lib/gcc/arm-none-eabi/4.9.3/../../../arm-none-eabi/lib/armv7e-m/libg.a(lib_a-strtol.o)
 .ARM.attributes
                0x0000000000000701       0x2e /usr/lib/gcc/arm-none-eabi/4.9.3/../../../arm-none-eabi/lib/armv7e-m/libg.a(lib_a-utoa.o)
 .ARM.attributes
                0x000000000000072f       0x2e /usr/lib/gcc/arm-none-eabi/4.9.3/../../../arm-none-eabi/lib/armv7e-m/libg.a(lib_a-ctype_.o)
 .ARM.attributes
                0x000000000000075d       0x2e /usr/lib/gcc/arm-none-eabi/4.9.3/../../../arm-none-eabi/lib/armv7e-m/libg.a(lib_a-impure.o)

.debug_frame    0x0000000000000000     0x213c
 .debug_frame   0x0000000000000000       0x50 build/obj/crt0.o
 .debug_frame   0x0000000000000050       0x20 build/obj/vectors.o
 .debug_frame   0x0000000000000070       0x20 build/obj/chcore.o
 .debug_frame   0x0000000000000090       0xac build/obj/chcore_v7m.o
 .debug_frame   0x000000000000013c       0x74 build/obj/nvic.o
 .debug_frame   0x00000000000001b0       0x6c build/obj/chsys.o
 .debug_frame   0x000000000000021c      0x144 build/obj/chdebug.o
 .debug_frame   0x0000000000000360       0x64 build/obj/chvt.o
 .debug_frame   0x00000000000003c4      0x180 build/obj/chschd.o
 .debug_frame   0x0000000000000544      0x1c8 build/obj/chthreads.o
 .debug_frame   0x000000000000070c       0x4c build/obj/chregistry.o
 .debug_frame   0x0000000000000758      0x110 build/obj/chmtx.o
 .debug_frame   0x0000000000000868      0x238 build/obj/chevents.o
 .debug_frame   0x0000000000000aa0      0x19c build/obj/chqueues.o
 .debug_frame   0x0000000000000c3c       0x68 build/obj/chmemcore.o
 .debug_frame   0x0000000000000ca4       0xe0 build/obj/chheap.o
 .debug_frame   0x0000000000000d84       0x50 build/obj/hal.o
 .debug_frame   0x0000000000000dd4      0x180 build/obj/adc.o
 .debug_frame   0x0000000000000f54      0x154 build/obj/serial.o
 .debug_frame   0x00000000000010a8      0x208 build/obj/serial_usb.o
 .debug_frame   0x00000000000012b0       0x74 build/obj/tm.o
 .debug_frame   0x0000000000001324      0x250 build/obj/usb.o
 .debug_frame   0x0000000000001574      0x284 build/obj/stm32_dma.o
 .debug_frame   0x00000000000017f8       0x50 build/obj/hal_lld.o
 .debug_frame   0x0000000000001848      0x16c build/obj/adc_lld.o
 .debug_frame   0x00000000000019b4       0x70 build/obj/pal_lld.o
 .debug_frame   0x0000000000001a24      0x2dc build/obj/usb_lld.o
 .debug_frame   0x0000000000001d00       0xb8 build/obj/serial_lld.o
 .debug_frame   0x0000000000001db8       0x30 build/obj/board.o
 .debug_frame   0x0000000000001de8       0x7c build/obj/USB.o
 .debug_frame   0x0000000000001e64      0x198 build/obj/main.o
 .debug_frame   0x0000000000001ffc       0x3c /usr/lib/gcc/arm-none-eabi/4.9.3/../../../arm-none-eabi/lib/armv7e-m/libg.a(lib_a-itoa.o)
 .debug_frame   0x0000000000002038       0x30 /usr/lib/gcc/arm-none-eabi/4.9.3/../../../arm-none-eabi/lib/armv7e-m/libg.a(lib_a-memmove.o)
 .debug_frame   0x0000000000002068       0x34 /usr/lib/gcc/arm-none-eabi/4.9.3/../../../arm-none-eabi/lib/armv7e-m/libg.a(lib_a-memset.o)
 .debug_frame   0x000000000000209c       0x54 /usr/lib/gcc/arm-none-eabi/4.9.3/../../../arm-none-eabi/lib/armv7e-m/libg.a(lib_a-strtol.o)
 .debug_frame   0x00000000000020f0       0x4c /usr/lib/gcc/arm-none-eabi/4.9.3/../../../arm-none-eabi/lib/armv7e-m/libg.a(lib_a-utoa.o)

Cross Reference Table

Symbol                                            File
ADCD1                                             build/obj/adc_lld.o
                                                  build/obj/main.o
BusFaultVector                                    build/obj/vectors.o
DebugMonitorVector                                build/obj/vectors.o
HardFaultVector                                   build/obj/vectors.o
MemManageVector                                   build/obj/vectors.o
NMIVector                                         build/obj/vectors.o
PendSVVector                                      build/obj/vectors.o
ResetHandler                                      build/obj/crt0.o
                                                  build/obj/vectors.o
SD1                                               build/obj/serial_lld.o
SDU1                                              build/obj/USB.o
                                                  build/obj/main.o
SVCallVector                                      build/obj/chcore_v7m.o
                                                  build/obj/vectors.o
SysTickVector                                     build/obj/chcore_v7m.o
                                                  build/obj/vectors.o
TestThread                                        build/obj/test.o
USBD1                                             build/obj/usb_lld.o
                                                  build/obj/USB.o
UsageFaultVector                                  build/obj/vectors.o
Vector100                                         build/obj/vectors.o
Vector104                                         build/obj/vectors.o
Vector108                                         build/obj/vectors.o
Vector10C                                         build/obj/vectors.o
Vector110                                         build/obj/vectors.o
Vector114                                         build/obj/vectors.o
Vector118                                         build/obj/vectors.o
Vector11C                                         build/obj/vectors.o
Vector120                                         build/obj/stm32_dma.o
                                                  build/obj/vectors.o
Vector124                                         build/obj/stm32_dma.o
                                                  build/obj/vectors.o
Vector128                                         build/obj/stm32_dma.o
                                                  build/obj/vectors.o
Vector12C                                         build/obj/stm32_dma.o
                                                  build/obj/vectors.o
Vector130                                         build/obj/stm32_dma.o
                                                  build/obj/vectors.o
Vector134                                         build/obj/vectors.o
Vector138                                         build/obj/vectors.o
Vector13C                                         build/obj/vectors.o
Vector140                                         build/obj/vectors.o
Vector144                                         build/obj/vectors.o
Vector148                                         build/obj/vectors.o
Vector14C                                         build/obj/usb_lld.o
                                                  build/obj/vectors.o
Vector150                                         build/obj/stm32_dma.o